../Core/Inc/Json/Strings/Adapters/RamString.hpp:34:8:char ArduinoJson::V721HB22::detail::ZeroTerminatedRamString::operator[](size_t) const	16	static
../Core/Inc/Json/Strings/Adapters/RamString.hpp:102:8:char ArduinoJson::V721HB22::detail::SizedRamString::operator[](size_t) const	16	static
C:\ST\STM32CubeIDE_1.17.0\STM32CubeIDE\plugins\com.st.stm32cube.ide.mcu.externaltools.gnu-tools-for-stm32.12.3.rel1.win32_1.1.0.202410251130\tools\arm-none-eabi\include\c++\12.3.1\arm-none-eabi\thumb\v7e-m+fp\hard\bits\gthr-default.h:229:1:int __gthread_key_delete(__gthread_key_t)	16	static
../Core/Src/Mode/BaseMode.cpp:10:1:BaseMode::BaseMode(const char*, uint16_t, UBaseType_t)	32	static
../Core/Src/Mode/BaseMode.cpp:16:6:virtual void BaseMode::run()	16	static
../Core/Src/Mode/BaseMode.cpp:27:6:virtual void BaseMode::begin()	16	static
../Core/Src/Mode/BaseMode.cpp:33:6:virtual void BaseMode::test()	24	static
../Core/Src/Mode/BaseMode.cpp:50:6:virtual void BaseMode::end()	16	static
../Core/Inc/Json/Strings/StringAdapters.hpp:66:13:void ArduinoJson::V721HB22::detail::stringGetChars(TAdaptedString, char*, size_t) [with TAdaptedString = StaticStringAdapter]	40	static
../Core/Inc/Json/Strings/StringAdapters.hpp:66:13:void ArduinoJson::V721HB22::detail::stringGetChars(TAdaptedString, char*, size_t) [with TAdaptedString = JsonStringAdapter]	40	static
../Core/Inc/Json/Strings/StringAdapters.hpp:66:13:void ArduinoJson::V721HB22::detail::stringGetChars(TAdaptedString, char*, size_t) [with TAdaptedString = SizedRamString]	40	static
