Archive member included to satisfy reference by file (symbol)

C:/ST/STM32CubeIDE_1.17.0/STM32CubeIDE/plugins/com.st.stm32cube.ide.mcu.externaltools.gnu-tools-for-stm32.12.3.rel1.win32_1.1.0.202410251130/tools/bin/../lib/gcc/arm-none-eabi/12.3.1/../../../../arm-none-eabi/lib/thumb/v7e-m+fp/hard\libstdc++_nano.a(del_ops.o)
                              ./Core/Src/MyRTOSTask.o (operator delete(void*, unsigned int))
C:/ST/STM32CubeIDE_1.17.0/STM32CubeIDE/plugins/com.st.stm32cube.ide.mcu.externaltools.gnu-tools-for-stm32.12.3.rel1.win32_1.1.0.202410251130/tools/bin/../lib/gcc/arm-none-eabi/12.3.1/../../../../arm-none-eabi/lib/thumb/v7e-m+fp/hard\libstdc++_nano.a(new_op.o)
                              ./Core/Src/Reader/SensorReader.o (operator new(unsigned int))
C:/ST/STM32CubeIDE_1.17.0/STM32CubeIDE/plugins/com.st.stm32cube.ide.mcu.externaltools.gnu-tools-for-stm32.12.3.rel1.win32_1.1.0.202410251130/tools/bin/../lib/gcc/arm-none-eabi/12.3.1/../../../../arm-none-eabi/lib/thumb/v7e-m+fp/hard\libstdc++_nano.a(del_op.o)
                              C:/ST/STM32CubeIDE_1.17.0/STM32CubeIDE/plugins/com.st.stm32cube.ide.mcu.externaltools.gnu-tools-for-stm32.12.3.rel1.win32_1.1.0.202410251130/tools/bin/../lib/gcc/arm-none-eabi/12.3.1/../../../../arm-none-eabi/lib/thumb/v7e-m+fp/hard\libstdc++_nano.a(del_ops.o) (operator delete(void*))
C:/ST/STM32CubeIDE_1.17.0/STM32CubeIDE/plugins/com.st.stm32cube.ide.mcu.externaltools.gnu-tools-for-stm32.12.3.rel1.win32_1.1.0.202410251130/tools/bin/../lib/gcc/arm-none-eabi/12.3.1/../../../../arm-none-eabi/lib/thumb/v7e-m+fp/hard\libstdc++_nano.a(new_handler.o)
                              C:/ST/STM32CubeIDE_1.17.0/STM32CubeIDE/plugins/com.st.stm32cube.ide.mcu.externaltools.gnu-tools-for-stm32.12.3.rel1.win32_1.1.0.202410251130/tools/bin/../lib/gcc/arm-none-eabi/12.3.1/../../../../arm-none-eabi/lib/thumb/v7e-m+fp/hard\libstdc++_nano.a(new_op.o) (std::get_new_handler())
C:/ST/STM32CubeIDE_1.17.0/STM32CubeIDE/plugins/com.st.stm32cube.ide.mcu.externaltools.gnu-tools-for-stm32.12.3.rel1.win32_1.1.0.202410251130/tools/bin/../lib/gcc/arm-none-eabi/12.3.1/../../../../arm-none-eabi/lib/thumb/v7e-m+fp/hard\libc_nano.a(libc_a-abort.o)
                              C:/ST/STM32CubeIDE_1.17.0/STM32CubeIDE/plugins/com.st.stm32cube.ide.mcu.externaltools.gnu-tools-for-stm32.12.3.rel1.win32_1.1.0.202410251130/tools/bin/../lib/gcc/arm-none-eabi/12.3.1/../../../../arm-none-eabi/lib/thumb/v7e-m+fp/hard\libstdc++_nano.a(new_op.o) (abort)
C:/ST/STM32CubeIDE_1.17.0/STM32CubeIDE/plugins/com.st.stm32cube.ide.mcu.externaltools.gnu-tools-for-stm32.12.3.rel1.win32_1.1.0.202410251130/tools/bin/../lib/gcc/arm-none-eabi/12.3.1/../../../../arm-none-eabi/lib/thumb/v7e-m+fp/hard\libc_nano.a(libc_a-exit.o)
                              C:/ST/STM32CubeIDE_1.17.0/STM32CubeIDE/plugins/com.st.stm32cube.ide.mcu.externaltools.gnu-tools-for-stm32.12.3.rel1.win32_1.1.0.202410251130/tools/bin/../lib/gcc/arm-none-eabi/12.3.1/../../../../arm-none-eabi/lib/thumb/v7e-m+fp/hard/crt0.o (exit)
C:/ST/STM32CubeIDE_1.17.0/STM32CubeIDE/plugins/com.st.stm32cube.ide.mcu.externaltools.gnu-tools-for-stm32.12.3.rel1.win32_1.1.0.202410251130/tools/bin/../lib/gcc/arm-none-eabi/12.3.1/../../../../arm-none-eabi/lib/thumb/v7e-m+fp/hard\libc_nano.a(libc_a-malloc.o)
                              C:/ST/STM32CubeIDE_1.17.0/STM32CubeIDE/plugins/com.st.stm32cube.ide.mcu.externaltools.gnu-tools-for-stm32.12.3.rel1.win32_1.1.0.202410251130/tools/bin/../lib/gcc/arm-none-eabi/12.3.1/../../../../arm-none-eabi/lib/thumb/v7e-m+fp/hard\libstdc++_nano.a(new_op.o) (malloc)
C:/ST/STM32CubeIDE_1.17.0/STM32CubeIDE/plugins/com.st.stm32cube.ide.mcu.externaltools.gnu-tools-for-stm32.12.3.rel1.win32_1.1.0.202410251130/tools/bin/../lib/gcc/arm-none-eabi/12.3.1/../../../../arm-none-eabi/lib/thumb/v7e-m+fp/hard\libc_nano.a(libc_a-mallocr.o)
                              C:/ST/STM32CubeIDE_1.17.0/STM32CubeIDE/plugins/com.st.stm32cube.ide.mcu.externaltools.gnu-tools-for-stm32.12.3.rel1.win32_1.1.0.202410251130/tools/bin/../lib/gcc/arm-none-eabi/12.3.1/../../../../arm-none-eabi/lib/thumb/v7e-m+fp/hard\libc_nano.a(libc_a-malloc.o) (_malloc_r)
C:/ST/STM32CubeIDE_1.17.0/STM32CubeIDE/plugins/com.st.stm32cube.ide.mcu.externaltools.gnu-tools-for-stm32.12.3.rel1.win32_1.1.0.202410251130/tools/bin/../lib/gcc/arm-none-eabi/12.3.1/../../../../arm-none-eabi/lib/thumb/v7e-m+fp/hard\libc_nano.a(libc_a-mlock.o)
                              C:/ST/STM32CubeIDE_1.17.0/STM32CubeIDE/plugins/com.st.stm32cube.ide.mcu.externaltools.gnu-tools-for-stm32.12.3.rel1.win32_1.1.0.202410251130/tools/bin/../lib/gcc/arm-none-eabi/12.3.1/../../../../arm-none-eabi/lib/thumb/v7e-m+fp/hard\libc_nano.a(libc_a-mallocr.o) (__malloc_lock)
C:/ST/STM32CubeIDE_1.17.0/STM32CubeIDE/plugins/com.st.stm32cube.ide.mcu.externaltools.gnu-tools-for-stm32.12.3.rel1.win32_1.1.0.202410251130/tools/bin/../lib/gcc/arm-none-eabi/12.3.1/../../../../arm-none-eabi/lib/thumb/v7e-m+fp/hard\libc_nano.a(libc_a-findfp.o)
[...]
Memory Configuration

Name             Origin             Length             Attributes
RAM              0x20000000         0x00010000         xrw
FLASH            0x08000000         0x00040000         xr
*default*        0x00000000         0xffffffff

Linker script and memory map

LOAD C:/ST/STM32CubeIDE_1.17.0/STM32CubeIDE/plugins/com.st.stm32cube.ide.mcu.externaltools.gnu-tools-for-stm32.12.3.rel1.win32_1.1.0.202410251130/tools/bin/../lib/gcc/arm-none-eabi/12.3.1/thumb/v7e-m+fp/hard/crti.o
LOAD C:/ST/STM32CubeIDE_1.17.0/STM32CubeIDE/plugins/com.st.stm32cube.ide.mcu.externaltools.gnu-tools-for-stm32.12.3.rel1.win32_1.1.0.202410251130/tools/bin/../lib/gcc/arm-none-eabi/12.3.1/thumb/v7e-m+fp/hard/crtbegin.o
LOAD C:/ST/STM32CubeIDE_1.17.0/STM32CubeIDE/plugins/com.st.stm32cube.ide.mcu.externaltools.gnu-tools-for-stm32.12.3.rel1.win32_1.1.0.202410251130/tools/bin/../lib/gcc/arm-none-eabi/12.3.1/../../../../arm-none-eabi/lib/thumb/v7e-m+fp/hard/crt0.o
LOAD ./Core/Src/Common/ISR/TimeTickerForISR.o
LOAD ./Core/Src/Common/TimeTicker.o
LOAD ./Core/Src/MyRTOSTask.o
LOAD ./Core/Src/freertos.o
LOAD ./Core/Src/main.o
LOAD ./Core/Src/stm32f4xx_hal_msp.o
LOAD ./Core/Src/stm32f4xx_hal_timebase_tim.o
LOAD ./Core/Src/stm32f4xx_it.o
LOAD ./Core/Src/syscalls.o
LOAD ./Core/Src/sysmem.o
LOAD ./Core/Src/system_stm32f4xx.o
LOAD ./Core/Src/Reader/IRQ/EncoderTask.o
LOAD ./Core/Src/Reader/IRQ/IRQTask.o
LOAD ./Core/Src/Reader/IRQ/RpmTask.o
LOAD ./Core/Src/Reader/MyPin.o
LOAD ./Core/Src/Reader/SensorReader.o
LOAD ./Core/Startup/startup_stm32f401ccux.o
LOAD ./Drivers/STM32F4xx_HAL_Driver/Src/stm32f4xx_hal.o
LOAD ./Drivers/STM32F4xx_HAL_Driver/Src/stm32f4xx_hal_cortex.o
LOAD ./Drivers/STM32F4xx_HAL_Driver/Src/stm32f4xx_hal_dma.o
LOAD ./Drivers/STM32F4xx_HAL_Driver/Src/stm32f4xx_hal_dma_ex.o
LOAD ./Drivers/STM32F4xx_HAL_Driver/Src/stm32f4xx_hal_exti.o
LOAD ./Drivers/STM32F4xx_HAL_Driver/Src/stm32f4xx_hal_flash.o
LOAD ./Drivers/STM32F4xx_HAL_Driver/Src/stm32f4xx_hal_flash_ex.o
LOAD ./Drivers/STM32F4xx_HAL_Driver/Src/stm32f4xx_hal_flash_ramfunc.o
LOAD ./Drivers/STM32F4xx_HAL_Driver/Src/stm32f4xx_hal_gpio.o
LOAD ./Drivers/STM32F4xx_HAL_Driver/Src/stm32f4xx_hal_pwr.o
LOAD ./Drivers/STM32F4xx_HAL_Driver/Src/stm32f4xx_hal_pwr_ex.o
LOAD ./Drivers/STM32F4xx_HAL_Driver/Src/stm32f4xx_hal_rcc.o
LOAD ./Drivers/STM32F4xx_HAL_Driver/Src/stm32f4xx_hal_rcc_ex.o
LOAD ./Drivers/STM32F4xx_HAL_Driver/Src/stm32f4xx_hal_tim.o
LOAD ./Drivers/STM32F4xx_HAL_Driver/Src/stm32f4xx_hal_tim_ex.o
LOAD ./Middlewares/Third_Party/FreeRTOS/Source/CMSIS_RTOS_V2/cmsis_os2.o
LOAD ./Middlewares/Third_Party/FreeRTOS/Source/croutine.o
LOAD ./Middlewares/Third_Party/FreeRTOS/Source/event_groups.o
LOAD ./Middlewares/Third_Party/FreeRTOS/Source/list.o
LOAD ./Middlewares/Third_Party/FreeRTOS/Source/queue.o
LOAD ./Middlewares/Third_Party/FreeRTOS/Source/stream_buffer.o
LOAD ./Middlewares/Third_Party/FreeRTOS/Source/tasks.o
LOAD ./Middlewares/Third_Party/FreeRTOS/Source/timers.o
LOAD ./Middlewares/Third_Party/FreeRTOS/Source/portable/GCC/ARM_CM4F/port.o
LOAD ./Middlewares/Third_Party/FreeRTOS/Source/portable/MemMang/heap_4.o
START GROUP
LOAD C:/ST/STM32CubeIDE_1.17.0/STM32CubeIDE/plugins/com.st.stm32cube.ide.mcu.externaltools.gnu-tools-for-stm32.12.3.rel1.win32_1.1.0.202410251130/tools/bin/../lib/gcc/arm-none-eabi/12.3.1/../../../../arm-none-eabi/lib/thumb/v7e-m+fp/hard\libstdc++_nano.a
LOAD C:/ST/STM32CubeIDE_1.17.0/STM32CubeIDE/plugins/com.st.stm32cube.ide.mcu.externaltools.gnu-tools-for-stm32.12.3.rel1.win32_1.1.0.202410251130/tools/bin/../lib/gcc/arm-none-eabi/12.3.1/../../../../arm-none-eabi/lib/thumb/v7e-m+fp/hard\libsupc++_nano.a
END GROUP
LOAD C:/ST/STM32CubeIDE_1.17.0/STM32CubeIDE/plugins/com.st.stm32cube.ide.mcu.externaltools.gnu-tools-for-stm32.12.3.rel1.win32_1.1.0.202410251130/tools/bin/../lib/gcc/arm-none-eabi/12.3.1/../../../../arm-none-eabi/lib/thumb/v7e-m+fp/hard\libstdc++_nano.a
LOAD C:/ST/STM32CubeIDE_1.17.0/STM32CubeIDE/plugins/com.st.stm32cube.ide.mcu.externaltools.gnu-tools-for-stm32.12.3.rel1.win32_1.1.0.202410251130/tools/bin/../lib/gcc/arm-none-eabi/12.3.1/../../../../arm-none-eabi/lib/thumb/v7e-m+fp/hard\libm.a
LOAD C:/ST/STM32CubeIDE_1.17.0/STM32CubeIDE/plugins/com.st.stm32cube.ide.mcu.externaltools.gnu-tools-for-stm32.12.3.rel1.win32_1.1.0.202410251130/tools/bin/../lib/gcc/arm-none-eabi/12.3.1/../../../../arm-none-eabi/lib/thumb/v7e-m+fp/hard\libc_nano.a
START GROUP
LOAD C:/ST/STM32CubeIDE_1.17.0/STM32CubeIDE/plugins/com.st.stm32cube.ide.mcu.externaltools.gnu-tools-for-stm32.12.3.rel1.win32_1.1.0.202410251130/tools/bin/../lib/gcc/arm-none-eabi/12.3.1/thumb/v7e-m+fp/hard\libgcc.a
LOAD C:/ST/STM32CubeIDE_1.17.0/STM32CubeIDE/plugins/com.st.stm32cube.ide.mcu.externaltools.gnu-tools-for-stm32.12.3.rel1.win32_1.1.0.202410251130/tools/bin/../lib/gcc/arm-none-eabi/12.3.1/../../../../arm-none-eabi/lib/thumb/v7e-m+fp/hard\libc_nano.a
END GROUP
START GROUP
LOAD C:/ST/STM32CubeIDE_1.17.0/STM32CubeIDE/plugins/com.st.stm32cube.ide.mcu.externaltools.gnu-tools-for-stm32.12.3.rel1.win32_1.1.0.202410251130/tools/bin/../lib/gcc/arm-none-eabi/12.3.1/thumb/v7e-m+fp/hard\libgcc.a
LOAD C:/ST/STM32CubeIDE_1.17.0/STM32CubeIDE/plugins/com.st.stm32cube.ide.mcu.externaltools.gnu-tools-for-stm32.12.3.rel1.win32_1.1.0.202410251130/tools/bin/../lib/gcc/arm-none-eabi/12.3.1/../../../../arm-none-eabi/lib/thumb/v7e-m+fp/hard\libc_nano.a
LOAD C:/ST/STM32CubeIDE_1.17.0/STM32CubeIDE/plugins/com.st.stm32cube.ide.mcu.externaltools.gnu-tools-for-stm32.12.3.rel1.win32_1.1.0.202410251130/tools/bin/../lib/gcc/arm-none-eabi/12.3.1/../../../../arm-none-eabi/lib/thumb/v7e-m+fp/hard\libnosys.a
END GROUP
START GROUP
LOAD C:/ST/STM32CubeIDE_1.17.0/STM32CubeIDE/plugins/com.st.stm32cube.ide.mcu.externaltools.gnu-tools-for-stm32.12.3.rel1.win32_1.1.0.202410251130/tools/bin/../lib/gcc/arm-none-eabi/12.3.1/thumb/v7e-m+fp/hard\libgcc.a
LOAD C:/ST/STM32CubeIDE_1.17.0/STM32CubeIDE/plugins/com.st.stm32cube.ide.mcu.externaltools.gnu-tools-for-stm32.12.3.rel1.win32_1.1.0.202410251130/tools/bin/../lib/gcc/arm-none-eabi/12.3.1/../../../../arm-none-eabi/lib/thumb/v7e-m+fp/hard\libc_nano.a
LOAD C:/ST/STM32CubeIDE_1.17.0/STM32CubeIDE/plugins/com.st.stm32cube.ide.mcu.externaltools.gnu-tools-for-stm32.12.3.rel1.win32_1.1.0.202410251130/tools/bin/../lib/gcc/arm-none-eabi/12.3.1/../../../../arm-none-eabi/lib/thumb/v7e-m+fp/hard\libnosys.a
END GROUP
LOAD C:/ST/STM32CubeIDE_1.17.0/STM32CubeIDE/plugins/com.st.stm32cube.ide.mcu.externaltools.gnu-tools-for-stm32.12.3.rel1.win32_1.1.0.202410251130/tools/bin/../lib/gcc/arm-none-eabi/12.3.1/thumb/v7e-m+fp/hard/crtend.o
LOAD C:/ST/STM32CubeIDE_1.17.0/STM32CubeIDE/plugins/com.st.stm32cube.ide.mcu.externaltools.gnu-tools-for-stm32.12.3.rel1.win32_1.1.0.202410251130/tools/bin/../lib/gcc/arm-none-eabi/12.3.1/thumb/v7e-m+fp/hard/crtn.o
                0x20010000                        _estack = (ORIGIN (RAM) + LENGTH (RAM))
                0x00000200                        _Min_Heap_Size = 0x200
                0x00000400                        _Min_Stack_Size = 0x400

.isr_vector     0x08000000      0x194
                0x08000000                        . = ALIGN (0x4)
 *(.isr_vector)
 .isr_vector    0x08000000      0x194 ./Core/Startup/startup_stm32f401ccux.o
                0x08000000                g_pfnVectors
                0x08000194                        . = ALIGN (0x4)

.text           0x080001a0     0x6d64
                0x080001a0                        . = ALIGN (0x4)
 *(.text)
 .text          0x080001a0       0x40 C:/ST/STM32CubeIDE_1.17.0/STM32CubeIDE/plugins/com.st.stm32cube.ide.mcu.externaltools.gnu-tools-for-stm32.12.3.rel1.win32_1.1.0.202410251130/tools/bin/../lib/gcc/arm-none-eabi/12.3.1/thumb/v7e-m+fp/hard/crtbegin.o
 .text          0x080001e0      0x378 C:/ST/STM32CubeIDE_1.17.0/STM32CubeIDE/plugins/com.st.stm32cube.ide.mcu.externaltools.gnu-tools-for-stm32.12.3.rel1.win32_1.1.0.202410251130/tools/bin/../lib/gcc/arm-none-eabi/12.3.1/thumb/v7e-m+fp/hard\libgcc.a(_arm_addsubdf3.o)
                0x080001e0                __aeabi_drsub
                0x080001e8                __aeabi_dsub
                0x080001e8                __subdf3
                0x080001ec                __aeabi_dadd
                0x080001ec                __adddf3
                0x08000464                __floatunsidf
                0x08000464                __aeabi_ui2d
                0x08000484                __floatsidf
                0x08000484                __aeabi_i2d
                0x080004a8                __aeabi_f2d
                0x080004a8                __extendsfdf2
                0x080004ec                __floatundidf
                0x080004ec                __aeabi_ul2d
                0x080004fc                __floatdidf
                0x080004fc                __aeabi_l2d
 .text          0x08000558      0x424 C:/ST/STM32CubeIDE_1.17.0/STM32CubeIDE/plugins/com.st.stm32cube.ide.mcu.externaltools.gnu-tools-for-stm32.12.3.rel1.win32_1.1.0.202410251130/tools/bin/../lib/gcc/arm-none-eabi/12.3.1/thumb/v7e-m+fp/hard\libgcc.a(_arm_muldivdf3.o)
                0x08000558                __aeabi_dmul
                0x08000558                __muldf3
                0x080007ac                __divdf3
                0x080007ac                __aeabi_ddiv
 .text          0x0800097c      0x110 C:/ST/STM32CubeIDE_1.17.0/STM32CubeIDE/plugins/com.st.stm32cube.ide.mcu.externaltools.gnu-tools-for-stm32.12.3.rel1.win32_1.1.0.202410251130/tools/bin/../lib/gcc/arm-none-eabi/12.3.1/thumb/v7e-m+fp/hard\libgcc.a(_arm_cmpdf2.o)
                0x0800097c                __gtdf2
                0x0800097c                __gedf2
                0x08000984                __ltdf2
                0x08000984                __ledf2
                0x0800098c                __nedf2
                0x0800098c                __eqdf2
                0x0800098c                __cmpdf2
                0x08000a08                __aeabi_cdrcmple
                0x08000a18                __aeabi_cdcmpeq
                0x08000a18                __aeabi_cdcmple
                0x08000a28                __aeabi_dcmpeq
                0x08000a3c                __aeabi_dcmplt
                0x08000a50                __aeabi_dcmple
                0x08000a64                __aeabi_dcmpge
                0x08000a78                __aeabi_dcmpgt
 .text          0x08000a8c       0xa0 C:/ST/STM32CubeIDE_1.17.0/STM32CubeIDE/plugins/com.st.stm32cube.ide.mcu.externaltools.gnu-tools-for-stm32.12.3.rel1.win32_1.1.0.202410251130/tools/bin/../lib/gcc/arm-none-eabi/12.3.1/thumb/v7e-m+fp/hard\libgcc.a(_arm_truncdfsf2.o)
                0x08000a8c                __truncdfsf2
                0x08000a8c                __aeabi_d2f
 .text          0x08000b2c       0x30 C:/ST/STM32CubeIDE_1.17.0/STM32CubeIDE/plugins/com.st.stm32cube.ide.mcu.externaltools.gnu-tools-for-stm32.12.3.rel1.win32_1.1.0.202410251130/tools/bin/../lib/gcc/arm-none-eabi/12.3.1/thumb/v7e-m+fp/hard\libgcc.a(_aeabi_uldivmod.o)
                0x08000b2c                __aeabi_uldivmod
 .text          0x08000b5c      0x2bc C:/ST/STM32CubeIDE_1.17.0/STM32CubeIDE/plugins/com.st.stm32cube.ide.mcu.externaltools.gnu-tools-for-stm32.12.3.rel1.win32_1.1.0.202410251130/tools/bin/../lib/gcc/arm-none-eabi/12.3.1/thumb/v7e-m+fp/hard\libgcc.a(_udivmoddi4.o)
                0x08000b5c                __udivmoddi4
 .text          0x08000e18        0x4 C:/ST/STM32CubeIDE_1.17.0/STM32CubeIDE/plugins/com.st.stm32cube.ide.mcu.externaltools.gnu-tools-for-stm32.12.3.rel1.win32_1.1.0.202410251130/tools/bin/../lib/gcc/arm-none-eabi/12.3.1/thumb/v7e-m+fp/hard\libgcc.a(_dvmd_tls.o)
                0x08000e18                __aeabi_idiv0
                0x08000e18                __aeabi_ldiv0
 *(.text*)
 .text._ZN10MyRTOSTaskC2EPKcPFvPvES2_tm
                0x08000e1c       0x50 ./Core/Src/MyRTOSTask.o
                0x08000e1c                MyRTOSTask::MyRTOSTask(char const*, void (*)(void*), void*, unsigned short, unsigned long)
                0x08000e1c                MyRTOSTask::MyRTOSTask(char const*, void (*)(void*), void*, unsigned short, unsigned long)
 .text._ZN10MyRTOSTaskD2Ev
                0x08000e6c       0x3c ./Core/Src/MyRTOSTask.o
                0x08000e6c                MyRTOSTask::~MyRTOSTask()
                0x08000e6c                MyRTOSTask::~MyRTOSTask()
 .text._ZN10MyRTOSTaskD0Ev
                0x08000ea8       0x20 ./Core/Src/MyRTOSTask.o
                0x08000ea8                MyRTOSTask::~MyRTOSTask()
 .text._ZN10MyRTOSTask5delayEm
                0x08000ec8       0x30 ./Core/Src/MyRTOSTask.o
                0x08000ec8                MyRTOSTask::delay(unsigned long)
 .text._ZN10MyRTOSTask3runEv
                0x08000ef8       0x24 ./Core/Src/MyRTOSTask.o
                0x08000ef8                MyRTOSTask::run()
 .text._ZN10MyRTOSTask12taskFunctionEPv
                0x08000f1c       0x24 ./Core/Src/MyRTOSTask.o
                0x08000f1c                MyRTOSTask::taskFunction(void*)
 .text._ZN10MyRTOSTask5startEv
                0x08000f40       0x48 ./Core/Src/MyRTOSTask.o
                0x08000f40                MyRTOSTask::start()
 .text._ZN10MyRTOSTask4stopEv
                0x08000f88       0x2e ./Core/Src/MyRTOSTask.o
                0x08000f88                MyRTOSTask::stop()
 *fill*         0x08000fb6        0x2 
 .text.main     0x08000fb8       0x4c ./Core/Src/main.o
                0x08000fb8                main
 .text._Z18SystemClock_Configv
                0x08001004       0xec ./Core/Src/main.o
                0x08001004                SystemClock_Config()
 .text._ZL12MX_GPIO_Initv
                0x080010f0      0x144 ./Core/Src/main.o
 .text._Z16StartDefaultTaskPv
                0x08001234       0x10 ./Core/Src/main.o
                0x08001234                StartDefaultTask(void*)
 .text.HAL_TIM_PeriodElapsedCallback
                0x08001244       0x24 ./Core/Src/main.o
                0x08001244                HAL_TIM_PeriodElapsedCallback
 .text.Error_Handler
                0x08001268        0xc ./Core/Src/main.o
                0x08001268                Error_Handler
 .text.HAL_MspInit
                0x08001274       0x58 ./Core/Src/stm32f4xx_hal_msp.o
                0x08001274                HAL_MspInit
 .text.HAL_InitTick
                0x080012cc       0xf0 ./Core/Src/stm32f4xx_hal_timebase_tim.o
                0x080012cc                HAL_InitTick
 .text.TimeBase_TIM_PeriodElapsedCallback
                0x080013bc       0x14 ./Core/Src/stm32f4xx_hal_timebase_tim.o
                0x080013bc                TimeBase_TIM_PeriodElapsedCallback
 .text.NMI_Handler
                0x080013d0        0x8 ./Core/Src/stm32f4xx_it.o
                0x080013d0                NMI_Handler
 .text.HardFault_Handler
                0x080013d8       0x1a ./Core/Src/stm32f4xx_it.o
                0x080013d8                HardFault_Handler
 .text.MemManage_Handler
                0x080013f2        0x8 ./Core/Src/stm32f4xx_it.o
                0x080013f2                MemManage_Handler
 .text.BusFault_Handler
                0x080013fa        0x8 ./Core/Src/stm32f4xx_it.o
                0x080013fa                BusFault_Handler
 .text.UsageFault_Handler
                0x08001402        0x8 ./Core/Src/stm32f4xx_it.o
                0x08001402                UsageFault_Handler
 .text.DebugMon_Handler
                0x0800140a        0xe ./Core/Src/stm32f4xx_it.o
                0x0800140a                DebugMon_Handler
 .text.EXTI0_IRQHandler
                0x08001418        0xe ./Core/Src/stm32f4xx_it.o
                0x08001418                EXTI0_IRQHandler
 .text.EXTI1_IRQHandler
                0x08001426        0xe ./Core/Src/stm32f4xx_it.o
                0x08001426                EXTI1_IRQHandler
 .text.EXTI2_IRQHandler
                0x08001434        0xe ./Core/Src/stm32f4xx_it.o
                0x08001434                EXTI2_IRQHandler
 .text.hard_fault_handler_c
                0x08001442       0x3c ./Core/Src/stm32f4xx_it.o
                0x08001442                hard_fault_handler_c
 *fill*         0x0800147e        0x2 
 .text.TIM1_UP_TIM10_IRQHandler
                0x08001480       0x14 ./Core/Src/stm32f4xx_it.o
                0x08001480                TIM1_UP_TIM10_IRQHandler
 .text._getpid  0x08001494       0x10 ./Core/Src/syscalls.o
                0x08001494                _getpid
 .text._kill    0x080014a4       0x20 ./Core/Src/syscalls.o
                0x080014a4                _kill
 .text._exit    0x080014c4       0x16 ./Core/Src/syscalls.o
                0x080014c4                _exit
 *fill*         0x080014da        0x2 
 .text._sbrk    0x080014dc       0x6c ./Core/Src/sysmem.o
                0x080014dc                _sbrk
 .text.SystemInit
                0x08001548       0x24 ./Core/Src/system_stm32f4xx.o
                0x08001548                SystemInit
 .text._ZN7IRQTaskD2Ev
                0x0800156c       0x24 ./Core/Src/Reader/IRQ/EncoderTask.o
                0x0800156c                IRQTask::~IRQTask()
                0x0800156c                IRQTask::~IRQTask()
 .text._ZN7IRQTaskD0Ev
                0x08001590       0x20 ./Core/Src/Reader/IRQ/EncoderTask.o
                0x08001590                IRQTask::~IRQTask()
 .text._ZN7CarDataC2Ev
                0x080015b0       0x2c ./Core/Src/Reader/IRQ/EncoderTask.o
                0x080015b0                CarData::CarData()
                0x080015b0                CarData::CarData()
 .text._ZN11EncoderTaskC2Ed
                0x080015dc       0x94 ./Core/Src/Reader/IRQ/EncoderTask.o
                0x080015dc                EncoderTask::EncoderTask(double)
                0x080015dc                EncoderTask::EncoderTask(double)
 .text._ZN11EncoderTask9isExactlyEt
                0x08001670       0x56 ./Core/Src/Reader/IRQ/EncoderTask.o
                0x08001670                EncoderTask::isExactly(unsigned short)
 .text._ZN11EncoderTask12taskCallbackEv
                0x080016c6       0x64 ./Core/Src/Reader/IRQ/EncoderTask.o
                0x080016c6                EncoderTask::taskCallback()
 .text._ZN11EncoderTask10getCarDataEv
                0x0800172a       0x8e ./Core/Src/Reader/IRQ/EncoderTask.o
                0x0800172a                EncoderTask::getCarData()
 .text._ZN11EncoderTaskD2Ev
                0x080017b8       0x24 ./Core/Src/Reader/IRQ/EncoderTask.o
                0x080017b8                EncoderTask::~EncoderTask()
                0x080017b8                EncoderTask::~EncoderTask()
 .text._ZN11EncoderTaskD0Ev
                0x080017dc       0x20 ./Core/Src/Reader/IRQ/EncoderTask.o
                0x080017dc                EncoderTask::~EncoderTask()
 .text._ZN7IRQTaskC2EPKcPFvPvES2_tm
                0x080017fc       0x48 ./Core/Src/Reader/IRQ/IRQTask.o
                0x080017fc                IRQTask::IRQTask(char const*, void (*)(void*), void*, unsigned short, unsigned long)
                0x080017fc                IRQTask::IRQTask(char const*, void (*)(void*), void*, unsigned short, unsigned long)
 .text._ZN7IRQTask17interruptCallbackEt
                0x08001844       0x58 ./Core/Src/Reader/IRQ/IRQTask.o
                0x08001844                IRQTask::interruptCallback(unsigned short)
 .text._ZN7IRQTask12taskCallbackEv
                0x0800189c       0x24 ./Core/Src/Reader/IRQ/IRQTask.o
                0x0800189c                IRQTask::taskCallback()
 .text._ZN7IRQTask3runEv
                0x080018c0       0x34 ./Core/Src/Reader/IRQ/IRQTask.o
                0x080018c0                IRQTask::run()
 .text._ZN7RpmTaskC2Et
                0x080018f4       0x58 ./Core/Src/Reader/IRQ/RpmTask.o
                0x080018f4                RpmTask::RpmTask(unsigned short)
                0x080018f4                RpmTask::RpmTask(unsigned short)
 .text._ZN7RpmTask9isExactlyEt
                0x0800194c       0x24 ./Core/Src/Reader/IRQ/RpmTask.o
                0x0800194c                RpmTask::isExactly(unsigned short)
 .text._ZN7RpmTask8getValueEv
                0x08001970       0x34 ./Core/Src/Reader/IRQ/RpmTask.o
                0x08001970                RpmTask::getValue()
 .text._ZN7RpmTask12taskCallbackEv
                0x080019a4       0x28 ./Core/Src/Reader/IRQ/RpmTask.o
                0x080019a4                RpmTask::taskCallback()
 .text._ZN7RpmTaskD2Ev
                0x080019cc       0x24 ./Core/Src/Reader/IRQ/RpmTask.o
                0x080019cc                RpmTask::~RpmTask()
                0x080019cc                RpmTask::~RpmTask()
 .text._ZN7RpmTaskD0Ev
                0x080019f0       0x20 ./Core/Src/Reader/IRQ/RpmTask.o
                0x080019f0                RpmTask::~RpmTask()
 .text._ZN5MyPinC2EP12GPIO_TypeDeft
                0x08001a10       0x28 ./Core/Src/Reader/MyPin.o
                0x08001a10                MyPin::MyPin(GPIO_TypeDef*, unsigned short)
                0x08001a10                MyPin::MyPin(GPIO_TypeDef*, unsigned short)
 .text._ZN5MyPin8equalPinEt
                0x08001a38       0x28 ./Core/Src/Reader/MyPin.o
                0x08001a38                MyPin::equalPin(unsigned short)
 .text._ZN5MyPin9readValueEv
                0x08001a60       0x30 ./Core/Src/Reader/MyPin.o
                0x08001a60                MyPin::readValue()
 .text._ZN5MyPin25readValueWithRTOSDebounceEb
                0x08001a90       0x74 ./Core/Src/Reader/MyPin.o
                0x08001a90                MyPin::readValueWithRTOSDebounce(bool)
 .text._ZN10SensorDataC2Ev
                0x08001b04       0x1c ./Core/Src/Reader/SensorReader.o
                0x08001b04                SensorData::SensorData()
                0x08001b04                SensorData::SensorData()
 .text._ZN12SensorReaderC2Ev
                0x08001b20      0x130 ./Core/Src/Reader/SensorReader.o
                0x08001b20                SensorReader::SensorReader()
                0x08001b20                SensorReader::SensorReader()
 .text._ZN12SensorReaderD2Ev
                0x08001c50       0x38 ./Core/Src/Reader/SensorReader.o
                0x08001c50                SensorReader::~SensorReader()
                0x08001c50                SensorReader::~SensorReader()
 .text._ZN12SensorReaderD0Ev
                0x08001c88       0x22 ./Core/Src/Reader/SensorReader.o
                0x08001c88                SensorReader::~SensorReader()
 .text._ZN12SensorReader15handleInterruptEt
                0x08001caa       0x30 ./Core/Src/Reader/SensorReader.o
                0x08001caa                SensorReader::handleInterrupt(unsigned short)
 *fill*         0x08001cda        0x2 
 .text._ZN12SensorReader11getInstanceEv
                0x08001cdc       0x7c ./Core/Src/Reader/SensorReader.o
                0x08001cdc                SensorReader::getInstance()
 .text._ZN12SensorReader13getGearNumberEv
                0x08001d58       0x8a ./Core/Src/Reader/SensorReader.o
                0x08001d58                SensorReader::getGearNumber()
 .text._ZN12SensorReader3runEv
                0x08001de2      0x138 ./Core/Src/Reader/SensorReader.o
                0x08001de2                SensorReader::run()
 .text._ZN12SensorReader4stopEv
                0x08001f1a       0x2c ./Core/Src/Reader/SensorReader.o
                0x08001f1a                SensorReader::stop()
 .text.HAL_GPIO_EXTI_Callback
                0x08001f46       0x22 ./Core/Src/Reader/SensorReader.o
                0x08001f46                HAL_GPIO_EXTI_Callback
 .text.Reset_Handler
                0x08001f68       0x50 ./Core/Startup/startup_stm32f401ccux.o
                0x08001f68                Reset_Handler
 .text.Default_Handler
                0x08001fb8        0x2 ./Core/Startup/startup_stm32f401ccux.o
                0x08001fb8                RTC_Alarm_IRQHandler
                0x08001fb8                SPI4_IRQHandler
                0x08001fb8                TIM1_CC_IRQHandler
                0x08001fb8                DMA2_Stream5_IRQHandler
                0x08001fb8                DMA1_Stream5_IRQHandler
                0x08001fb8                PVD_IRQHandler
                0x08001fb8                SDIO_IRQHandler
                0x08001fb8                TAMP_STAMP_IRQHandler
                0x08001fb8                EXTI3_IRQHandler
                0x08001fb8                I2C3_ER_IRQHandler
                0x08001fb8                I2C2_EV_IRQHandler
                0x08001fb8                DMA1_Stream2_IRQHandler
                0x08001fb8                FPU_IRQHandler
                0x08001fb8                DMA2_Stream2_IRQHandler
                0x08001fb8                SPI1_IRQHandler
                0x08001fb8                TIM1_BRK_TIM9_IRQHandler
                0x08001fb8                DMA2_Stream3_IRQHandler
                0x08001fb8                USART6_IRQHandler
                0x08001fb8                DMA2_Stream0_IRQHandler
                0x08001fb8                TIM4_IRQHandler
                0x08001fb8                I2C1_EV_IRQHandler
                0x08001fb8                DMA1_Stream6_IRQHandler
                0x08001fb8                DMA1_Stream1_IRQHandler
                0x08001fb8                TIM3_IRQHandler
                0x08001fb8                RCC_IRQHandler
                0x08001fb8                Default_Handler
                0x08001fb8                EXTI15_10_IRQHandler
                0x08001fb8                ADC_IRQHandler
                0x08001fb8                DMA1_Stream7_IRQHandler
                0x08001fb8                TIM5_IRQHandler
                0x08001fb8                DMA2_Stream7_IRQHandler
                0x08001fb8                I2C3_EV_IRQHandler
                0x08001fb8                EXTI9_5_IRQHandler
                0x08001fb8                RTC_WKUP_IRQHandler
                0x08001fb8                SPI2_IRQHandler
                0x08001fb8                DMA1_Stream0_IRQHandler
                0x08001fb8                EXTI4_IRQHandler
                0x08001fb8                WWDG_IRQHandler
                0x08001fb8                TIM2_IRQHandler
                0x08001fb8                OTG_FS_WKUP_IRQHandler
                0x08001fb8                TIM1_TRG_COM_TIM11_IRQHandler
                0x08001fb8                USART2_IRQHandler
                0x08001fb8                I2C2_ER_IRQHandler
                0x08001fb8                DMA2_Stream1_IRQHandler
                0x08001fb8                FLASH_IRQHandler
                0x08001fb8                DMA2_Stream4_IRQHandler
                0x08001fb8                USART1_IRQHandler
                0x08001fb8                OTG_FS_IRQHandler
                0x08001fb8                SPI3_IRQHandler
                0x08001fb8                DMA1_Stream4_IRQHandler
                0x08001fb8                I2C1_ER_IRQHandler
                0x08001fb8                DMA2_Stream6_IRQHandler
                0x08001fb8                DMA1_Stream3_IRQHandler
 *fill*         0x08001fba        0x2 
 .text.HAL_Init
                0x08001fbc       0x44 ./Drivers/STM32F4xx_HAL_Driver/Src/stm32f4xx_hal.o
                0x08001fbc                HAL_Init
 .text.HAL_IncTick
                0x08002000       0x28 ./Drivers/STM32F4xx_HAL_Driver/Src/stm32f4xx_hal.o
                0x08002000                HAL_IncTick
 .text.HAL_GetTick
                0x08002028       0x18 ./Drivers/STM32F4xx_HAL_Driver/Src/stm32f4xx_hal.o
                0x08002028                HAL_GetTick
 .text.__NVIC_SetPriorityGrouping
                0x08002040       0x48 ./Drivers/STM32F4xx_HAL_Driver/Src/stm32f4xx_hal_cortex.o
 .text.__NVIC_GetPriorityGrouping
                0x08002088       0x1c ./Drivers/STM32F4xx_HAL_Driver/Src/stm32f4xx_hal_cortex.o
 .text.__NVIC_EnableIRQ
                0x080020a4       0x3c ./Drivers/STM32F4xx_HAL_Driver/Src/stm32f4xx_hal_cortex.o
 .text.__NVIC_SetPriority
                0x080020e0       0x54 ./Drivers/STM32F4xx_HAL_Driver/Src/stm32f4xx_hal_cortex.o
 .text.NVIC_EncodePriority
                0x08002134       0x66 ./Drivers/STM32F4xx_HAL_Driver/Src/stm32f4xx_hal_cortex.o
 .text.HAL_NVIC_SetPriorityGrouping
                0x0800219a       0x16 ./Drivers/STM32F4xx_HAL_Driver/Src/stm32f4xx_hal_cortex.o
                0x0800219a                HAL_NVIC_SetPriorityGrouping
 .text.HAL_NVIC_SetPriority
                0x080021b0       0x38 ./Drivers/STM32F4xx_HAL_Driver/Src/stm32f4xx_hal_cortex.o
                0x080021b0                HAL_NVIC_SetPriority
 .text.HAL_NVIC_EnableIRQ
                0x080021e8       0x1c ./Drivers/STM32F4xx_HAL_Driver/Src/stm32f4xx_hal_cortex.o
                0x080021e8                HAL_NVIC_EnableIRQ
 .text.HAL_GPIO_Init
                0x08002204      0x308 ./Drivers/STM32F4xx_HAL_Driver/Src/stm32f4xx_hal_gpio.o
                0x08002204                HAL_GPIO_Init
 .text.HAL_GPIO_ReadPin
                0x0800250c       0x30 ./Drivers/STM32F4xx_HAL_Driver/Src/stm32f4xx_hal_gpio.o
                0x0800250c                HAL_GPIO_ReadPin
 .text.HAL_GPIO_WritePin
                0x0800253c       0x32 ./Drivers/STM32F4xx_HAL_Driver/Src/stm32f4xx_hal_gpio.o
                0x0800253c                HAL_GPIO_WritePin
 .text.HAL_GPIO_TogglePin
                0x0800256e       0x34 ./Drivers/STM32F4xx_HAL_Driver/Src/stm32f4xx_hal_gpio.o
                0x0800256e                HAL_GPIO_TogglePin
 *fill*         0x080025a2        0x2 
 .text.HAL_GPIO_EXTI_IRQHandler
                0x080025a4       0x30 ./Drivers/STM32F4xx_HAL_Driver/Src/stm32f4xx_hal_gpio.o
                0x080025a4                HAL_GPIO_EXTI_IRQHandler
 .text.HAL_RCC_OscConfig
                0x080025d4      0x4f0 ./Drivers/STM32F4xx_HAL_Driver/Src/stm32f4xx_hal_rcc.o
                0x080025d4                HAL_RCC_OscConfig
 .text.HAL_RCC_ClockConfig
                0x08002ac4      0x1cc ./Drivers/STM32F4xx_HAL_Driver/Src/stm32f4xx_hal_rcc.o
                0x08002ac4                HAL_RCC_ClockConfig
 .text.HAL_RCC_GetSysClockFreq
                0x08002c90      0x18c ./Drivers/STM32F4xx_HAL_Driver/Src/stm32f4xx_hal_rcc.o
                0x08002c90                HAL_RCC_GetSysClockFreq
 .text.HAL_RCC_GetHCLKFreq
                0x08002e1c       0x18 ./Drivers/STM32F4xx_HAL_Driver/Src/stm32f4xx_hal_rcc.o
                0x08002e1c                HAL_RCC_GetHCLKFreq
 .text.HAL_RCC_GetPCLK2Freq
                0x08002e34       0x28 ./Drivers/STM32F4xx_HAL_Driver/Src/stm32f4xx_hal_rcc.o
                0x08002e34                HAL_RCC_GetPCLK2Freq
 .text.HAL_RCC_GetClockConfig
                0x08002e5c       0x64 ./Drivers/STM32F4xx_HAL_Driver/Src/stm32f4xx_hal_rcc.o
                0x08002e5c                HAL_RCC_GetClockConfig
 .text.HAL_TIM_Base_Init
                0x08002ec0       0xb8 ./Drivers/STM32F4xx_HAL_Driver/Src/stm32f4xx_hal_tim.o
                0x08002ec0                HAL_TIM_Base_Init
 .text.HAL_TIM_Base_MspInit
                0x08002f78       0x14 ./Drivers/STM32F4xx_HAL_Driver/Src/stm32f4xx_hal_tim.o
                0x08002f78                HAL_TIM_Base_MspInit
 .text.HAL_TIM_Base_Start_IT
                0x08002f8c       0xc4 ./Drivers/STM32F4xx_HAL_Driver/Src/stm32f4xx_hal_tim.o
                0x08002f8c                HAL_TIM_Base_Start_IT
 .text.HAL_TIM_IRQHandler
                0x08003050      0x220 ./Drivers/STM32F4xx_HAL_Driver/Src/stm32f4xx_hal_tim.o
                0x08003050                HAL_TIM_IRQHandler
 .text.HAL_TIM_PeriodElapsedHalfCpltCallback
                0x08003270       0x14 ./Drivers/STM32F4xx_HAL_Driver/Src/stm32f4xx_hal_tim.o
                0x08003270                HAL_TIM_PeriodElapsedHalfCpltCallback
 .text.HAL_TIM_OC_DelayElapsedCallback
                0x08003284       0x14 ./Drivers/STM32F4xx_HAL_Driver/Src/stm32f4xx_hal_tim.o
                0x08003284                HAL_TIM_OC_DelayElapsedCallback
 .text.HAL_TIM_IC_CaptureCallback
                0x08003298       0x14 ./Drivers/STM32F4xx_HAL_Driver/Src/stm32f4xx_hal_tim.o
                0x08003298                HAL_TIM_IC_CaptureCallback
 .text.HAL_TIM_IC_CaptureHalfCpltCallback
                0x080032ac       0x14 ./Drivers/STM32F4xx_HAL_Driver/Src/stm32f4xx_hal_tim.o
                0x080032ac                HAL_TIM_IC_CaptureHalfCpltCallback
 .text.HAL_TIM_PWM_PulseFinishedCallback
                0x080032c0       0x14 ./Drivers/STM32F4xx_HAL_Driver/Src/stm32f4xx_hal_tim.o
                0x080032c0                HAL_TIM_PWM_PulseFinishedCallback
 .text.HAL_TIM_PWM_PulseFinishedHalfCpltCallback
                0x080032d4       0x14 ./Drivers/STM32F4xx_HAL_Driver/Src/stm32f4xx_hal_tim.o
                0x080032d4                HAL_TIM_PWM_PulseFinishedHalfCpltCallback
 .text.HAL_TIM_TriggerCallback
                0x080032e8       0x14 ./Drivers/STM32F4xx_HAL_Driver/Src/stm32f4xx_hal_tim.o
                0x080032e8                HAL_TIM_TriggerCallback
 .text.HAL_TIM_TriggerHalfCpltCallback
                0x080032fc       0x14 ./Drivers/STM32F4xx_HAL_Driver/Src/stm32f4xx_hal_tim.o
                0x080032fc                HAL_TIM_TriggerHalfCpltCallback
 .text.HAL_TIM_ErrorCallback
                0x08003310       0x14 ./Drivers/STM32F4xx_HAL_Driver/Src/stm32f4xx_hal_tim.o
                0x08003310                HAL_TIM_ErrorCallback
 .text.HAL_TIM_RegisterCallback
                0x08003324      0x274 ./Drivers/STM32F4xx_HAL_Driver/Src/stm32f4xx_hal_tim.o
                0x08003324                HAL_TIM_RegisterCallback
 .text.TIM_Base_SetConfig
                0x08003598      0x118 ./Drivers/STM32F4xx_HAL_Driver/Src/stm32f4xx_hal_tim.o
                0x08003598                TIM_Base_SetConfig
 .text.TIM_ResetCallback
                0x080036b0       0xb0 ./Drivers/STM32F4xx_HAL_Driver/Src/stm32f4xx_hal_tim.o
                0x080036b0                TIM_ResetCallback
 .text.HAL_TIMEx_CommutCallback
                0x08003760       0x14 ./Drivers/STM32F4xx_HAL_Driver/Src/stm32f4xx_hal_tim_ex.o
                0x08003760                HAL_TIMEx_CommutCallback
 .text.HAL_TIMEx_CommutHalfCpltCallback
                0x08003774       0x14 ./Drivers/STM32F4xx_HAL_Driver/Src/stm32f4xx_hal_tim_ex.o
                0x08003774                HAL_TIMEx_CommutHalfCpltCallback
 .text.HAL_TIMEx_BreakCallback
                0x08003788       0x14 ./Drivers/STM32F4xx_HAL_Driver/Src/stm32f4xx_hal_tim_ex.o
                0x08003788                HAL_TIMEx_BreakCallback
 .text.__NVIC_SetPriority
                0x0800379c       0x54 ./Middlewares/Third_Party/FreeRTOS/Source/CMSIS_RTOS_V2/cmsis_os2.o
 .text.SysTick_Handler
                0x080037f0       0x20 ./Middlewares/Third_Party/FreeRTOS/Source/CMSIS_RTOS_V2/cmsis_os2.o
                0x080037f0                SysTick_Handler
 .text.SVC_Setup
                0x08003810       0x12 ./Middlewares/Third_Party/FreeRTOS/Source/CMSIS_RTOS_V2/cmsis_os2.o
 *fill*         0x08003822        0x2 
 .text.osKernelInitialize
                0x08003824       0x48 ./Middlewares/Third_Party/FreeRTOS/Source/CMSIS_RTOS_V2/cmsis_os2.o
                0x08003824                osKernelInitialize
 .text.osKernelStart
                0x0800386c       0x4c ./Middlewares/Third_Party/FreeRTOS/Source/CMSIS_RTOS_V2/cmsis_os2.o
                0x0800386c                osKernelStart
 .text.osThreadNew
                0x080038b8      0x124 ./Middlewares/Third_Party/FreeRTOS/Source/CMSIS_RTOS_V2/cmsis_os2.o
                0x080038b8                osThreadNew
 .text.osDelay  0x080039dc       0x36 ./Middlewares/Third_Party/FreeRTOS/Source/CMSIS_RTOS_V2/cmsis_os2.o
                0x080039dc                osDelay
 *fill*         0x08003a12        0x2 
 .text.vApplicationGetIdleTaskMemory
                0x08003a14       0x34 ./Middlewares/Third_Party/FreeRTOS/Source/CMSIS_RTOS_V2/cmsis_os2.o
                0x08003a14                vApplicationGetIdleTaskMemory
 .text.vApplicationGetTimerTaskMemory
                0x08003a48       0x34 ./Middlewares/Third_Party/FreeRTOS/Source/CMSIS_RTOS_V2/cmsis_os2.o
                0x08003a48                vApplicationGetTimerTaskMemory
 .text.vListInitialise
                0x08003a7c       0x40 ./Middlewares/Third_Party/FreeRTOS/Source/list.o
                0x08003a7c                vListInitialise
 .text.vListInitialiseItem
                0x08003abc       0x1a ./Middlewares/Third_Party/FreeRTOS/Source/list.o
                0x08003abc                vListInitialiseItem
 .text.vListInsertEnd
                0x08003ad6       0x48 ./Middlewares/Third_Party/FreeRTOS/Source/list.o
                0x08003ad6                vListInsertEnd
 .text.vListInsert
                0x08003b1e       0x72 ./Middlewares/Third_Party/FreeRTOS/Source/list.o
                0x08003b1e                vListInsert
 .text.uxListRemove
                0x08003b90       0x54 ./Middlewares/Third_Party/FreeRTOS/Source/list.o
                0x08003b90                uxListRemove
 .text.xQueueGenericReset
                0x08003be4       0xd4 ./Middlewares/Third_Party/FreeRTOS/Source/queue.o
                0x08003be4                xQueueGenericReset
 .text.xQueueGenericCreateStatic
                0x08003cb8       0xfa ./Middlewares/Third_Party/FreeRTOS/Source/queue.o
                0x08003cb8                xQueueGenericCreateStatic
 .text.xQueueGenericCreate
                0x08003db2       0x76 ./Middlewares/Third_Party/FreeRTOS/Source/queue.o
                0x08003db2                xQueueGenericCreate
 .text.prvInitialiseNewQueue
                0x08003e28       0x46 ./Middlewares/Third_Party/FreeRTOS/Source/queue.o
 .text.prvInitialiseMutex
                0x08003e6e       0x34 ./Middlewares/Third_Party/FreeRTOS/Source/queue.o
 .text.xQueueCreateMutex
                0x08003ea2       0x30 ./Middlewares/Third_Party/FreeRTOS/Source/queue.o
                0x08003ea2                xQueueCreateMutex
 *fill*         0x08003ed2        0x2 
 .text.xQueueGenericSend
                0x08003ed4      0x204 ./Middlewares/Third_Party/FreeRTOS/Source/queue.o
                0x08003ed4                xQueueGenericSend
 .text.xQueueGenericSendFromISR
                0x080040d8      0x13c ./Middlewares/Third_Party/FreeRTOS/Source/queue.o
                0x080040d8                xQueueGenericSendFromISR
 .text.xQueueGiveFromISR
                0x08004214      0x120 ./Middlewares/Third_Party/FreeRTOS/Source/queue.o
                0x08004214                xQueueGiveFromISR
 .text.xQueueReceive
                0x08004334      0x1c4 ./Middlewares/Third_Party/FreeRTOS/Source/queue.o
                0x08004334                xQueueReceive
 .text.xQueueSemaphoreTake
                0x080044f8      0x220 ./Middlewares/Third_Party/FreeRTOS/Source/queue.o
                0x080044f8                xQueueSemaphoreTake
 .text.prvGetDisinheritPriorityAfterTimeout
                0x08004718       0x30 ./Middlewares/Third_Party/FreeRTOS/Source/queue.o
 .text.prvCopyDataToQueue
                0x08004748       0xd4 ./Middlewares/Third_Party/FreeRTOS/Source/queue.o
 .text.prvCopyDataFromQueue
                0x0800481c       0x4c ./Middlewares/Third_Party/FreeRTOS/Source/queue.o
 .text.prvUnlockQueue
                0x08004868       0xa4 ./Middlewares/Third_Party/FreeRTOS/Source/queue.o
 .text.prvIsQueueEmpty
                0x0800490c       0x2c ./Middlewares/Third_Party/FreeRTOS/Source/queue.o
 .text.prvIsQueueFull
                0x08004938       0x30 ./Middlewares/Third_Party/FreeRTOS/Source/queue.o
 .text.vQueueAddToRegistry
                0x08004968       0x54 ./Middlewares/Third_Party/FreeRTOS/Source/queue.o
                0x08004968                vQueueAddToRegistry
 .text.vQueueWaitForMessageRestricted
                0x080049bc       0x68 ./Middlewares/Third_Party/FreeRTOS/Source/queue.o
                0x080049bc                vQueueWaitForMessageRestricted
 .text.xTaskCreateStatic
                0x08004a24       0xc0 ./Middlewares/Third_Party/FreeRTOS/Source/tasks.o
                0x08004a24                xTaskCreateStatic
 .text.xTaskCreate
                0x08004ae4       0x8a ./Middlewares/Third_Party/FreeRTOS/Source/tasks.o
                0x08004ae4                xTaskCreate
 *fill*         0x08004b6e        0x2 
 .text.prvInitialiseNewTask
                0x08004b70      0x150 ./Middlewares/Third_Party/FreeRTOS/Source/tasks.o
 .text.prvAddNewTaskToReadyList
                0x08004cc0       0xe0 ./Middlewares/Third_Party/FreeRTOS/Source/tasks.o
 .text.vTaskDelete
                0x08004da0       0xe8 ./Middlewares/Third_Party/FreeRTOS/Source/tasks.o
                0x08004da0                vTaskDelete
 .text.vTaskDelay
                0x08004e88       0x6c ./Middlewares/Third_Party/FreeRTOS/Source/tasks.o
                0x08004e88                vTaskDelay
 .text.vTaskStartScheduler
                0x08004ef4       0xe0 ./Middlewares/Third_Party/FreeRTOS/Source/tasks.o
                0x08004ef4                vTaskStartScheduler
 .text.vTaskSuspendAll
                0x08004fd4       0x1c ./Middlewares/Third_Party/FreeRTOS/Source/tasks.o
                0x08004fd4                vTaskSuspendAll
 .text.xTaskResumeAll
                0x08004ff0      0x13c ./Middlewares/Third_Party/FreeRTOS/Source/tasks.o
                0x08004ff0                xTaskResumeAll
 .text.xTaskGetTickCount
                0x0800512c       0x20 ./Middlewares/Third_Party/FreeRTOS/Source/tasks.o
                0x0800512c                xTaskGetTickCount
 .text.xTaskIncrementTick
                0x0800514c      0x174 ./Middlewares/Third_Party/FreeRTOS/Source/tasks.o
                0x0800514c                xTaskIncrementTick
 .text.vTaskSwitchContext
                0x080052c0       0xcc ./Middlewares/Third_Party/FreeRTOS/Source/tasks.o
                0x080052c0                vTaskSwitchContext
 .text.vTaskPlaceOnEventList
                0x0800538c       0x4c ./Middlewares/Third_Party/FreeRTOS/Source/tasks.o
                0x0800538c                vTaskPlaceOnEventList
 .text.vTaskPlaceOnEventListRestricted
                0x080053d8       0x58 ./Middlewares/Third_Party/FreeRTOS/Source/tasks.o
                0x080053d8                vTaskPlaceOnEventListRestricted
 .text.xTaskRemoveFromEventList
                0x08005430       0xc8 ./Middlewares/Third_Party/FreeRTOS/Source/tasks.o
                0x08005430                xTaskRemoveFromEventList
 .text.vTaskInternalSetTimeOutState
                0x080054f8       0x2c ./Middlewares/Third_Party/FreeRTOS/Source/tasks.o
                0x080054f8                vTaskInternalSetTimeOutState
 .text.xTaskCheckForTimeOut
                0x08005524       0xc8 ./Middlewares/Third_Party/FreeRTOS/Source/tasks.o
                0x08005524                xTaskCheckForTimeOut
 .text.vTaskMissedYield
                0x080055ec       0x18 ./Middlewares/Third_Party/FreeRTOS/Source/tasks.o
                0x080055ec                vTaskMissedYield
 .text.prvIdleTask
                0x08005604       0x30 ./Middlewares/Third_Party/FreeRTOS/Source/tasks.o
 .text.prvInitialiseTaskLists
                0x08005634       0x80 ./Middlewares/Third_Party/FreeRTOS/Source/tasks.o
 .text.prvCheckTasksWaitingTermination
                0x080056b4       0x5c ./Middlewares/Third_Party/FreeRTOS/Source/tasks.o
 .text.prvDeleteTCB
                0x08005710       0x6a ./Middlewares/Third_Party/FreeRTOS/Source/tasks.o
 *fill*         0x0800577a        0x2 
 .text.prvResetNextTaskUnblockTime
                0x0800577c       0x40 ./Middlewares/Third_Party/FreeRTOS/Source/tasks.o
 .text.xTaskGetSchedulerState
                0x080057bc       0x3c ./Middlewares/Third_Party/FreeRTOS/Source/tasks.o
                0x080057bc                xTaskGetSchedulerState
 .text.xTaskPriorityInherit
                0x080057f8       0xd0 ./Middlewares/Third_Party/FreeRTOS/Source/tasks.o
                0x080057f8                xTaskPriorityInherit
 .text.xTaskPriorityDisinherit
                0x080058c8       0xe0 ./Middlewares/Third_Party/FreeRTOS/Source/tasks.o
                0x080058c8                xTaskPriorityDisinherit
 .text.vTaskPriorityDisinheritAfterTimeout
                0x080059a8      0x108 ./Middlewares/Third_Party/FreeRTOS/Source/tasks.o
                0x080059a8                vTaskPriorityDisinheritAfterTimeout
 .text.pvTaskIncrementMutexHeldCount
                0x08005ab0       0x28 ./Middlewares/Third_Party/FreeRTOS/Source/tasks.o
                0x08005ab0                pvTaskIncrementMutexHeldCount
 .text.prvAddCurrentTaskToDelayedList
                0x08005ad8       0xa8 ./Middlewares/Third_Party/FreeRTOS/Source/tasks.o
 .text.xTimerCreateTimerTask
                0x08005b80       0x94 ./Middlewares/Third_Party/FreeRTOS/Source/timers.o
                0x08005b80                xTimerCreateTimerTask
 .text.xTimerGenericCommand
                0x08005c14       0x9c ./Middlewares/Third_Party/FreeRTOS/Source/timers.o
                0x08005c14                xTimerGenericCommand
 .text.prvProcessExpiredTimer
                0x08005cb0       0x9c ./Middlewares/Third_Party/FreeRTOS/Source/timers.o
 .text.prvTimerTask
                0x08005d4c       0x26 ./Middlewares/Third_Party/FreeRTOS/Source/timers.o
 *fill*         0x08005d72        0x2 
 .text.prvProcessTimerOrBlockTask
                0x08005d74       0x9c ./Middlewares/Third_Party/FreeRTOS/Source/timers.o
 .text.prvGetNextExpireTime
                0x08005e10       0x48 ./Middlewares/Third_Party/FreeRTOS/Source/timers.o
 .text.prvSampleTimeNow
                0x08005e58       0x40 ./Middlewares/Third_Party/FreeRTOS/Source/timers.o
 .text.prvInsertTimerInActiveList
                0x08005e98       0x84 ./Middlewares/Third_Party/FreeRTOS/Source/timers.o
 .text.prvProcessReceivedCommands
                0x08005f1c      0x1cc ./Middlewares/Third_Party/FreeRTOS/Source/timers.o
 .text.prvSwitchTimerLists
                0x080060e8       0xcc ./Middlewares/Third_Party/FreeRTOS/Source/timers.o
 .text.prvCheckForValidListAndQueue
                0x080061b4       0x80 ./Middlewares/Third_Party/FreeRTOS/Source/timers.o
 .text.pxPortInitialiseStack
                0x08006234       0x68 ./Middlewares/Third_Party/FreeRTOS/Source/portable/GCC/ARM_CM4F/port.o
                0x08006234                pxPortInitialiseStack
 .text.prvTaskExitError
                0x0800629c       0x5c ./Middlewares/Third_Party/FreeRTOS/Source/portable/GCC/ARM_CM4F/port.o
 *fill*         0x080062f8        0x8 
 .text.SVC_Handler
                0x08006300       0x28 ./Middlewares/Third_Party/FreeRTOS/Source/portable/GCC/ARM_CM4F/port.o
                0x08006300                SVC_Handler
 .text.prvPortStartFirstTask
                0x08006328       0x28 ./Middlewares/Third_Party/FreeRTOS/Source/portable/GCC/ARM_CM4F/port.o
 .text.xPortStartScheduler
                0x08006350      0x148 ./Middlewares/Third_Party/FreeRTOS/Source/portable/GCC/ARM_CM4F/port.o
                0x08006350                xPortStartScheduler
 .text.vPortEnterCritical
                0x08006498       0x64 ./Middlewares/Third_Party/FreeRTOS/Source/portable/GCC/ARM_CM4F/port.o
                0x08006498                vPortEnterCritical
 .text.vPortExitCritical
                0x080064fc       0x54 ./Middlewares/Third_Party/FreeRTOS/Source/portable/GCC/ARM_CM4F/port.o
                0x080064fc                vPortExitCritical
 .text.PendSV_Handler
                0x08006550       0x68 ./Middlewares/Third_Party/FreeRTOS/Source/portable/GCC/ARM_CM4F/port.o
                0x08006550                PendSV_Handler
 .text.xPortSysTickHandler
                0x080065b8       0x44 ./Middlewares/Third_Party/FreeRTOS/Source/portable/GCC/ARM_CM4F/port.o
                0x080065b8                xPortSysTickHandler
 .text.vPortSetupTimerInterrupt
                0x080065fc       0x48 ./Middlewares/Third_Party/FreeRTOS/Source/portable/GCC/ARM_CM4F/port.o
                0x080065fc                vPortSetupTimerInterrupt
 .text.vPortEnableVFP
                0x08006644       0x14 ./Middlewares/Third_Party/FreeRTOS/Source/portable/GCC/ARM_CM4F/port.o
 .text.vPortValidateInterruptPriority
                0x08006658       0x84 ./Middlewares/Third_Party/FreeRTOS/Source/portable/GCC/ARM_CM4F/port.o
                0x08006658                vPortValidateInterruptPriority
 .text.pvPortMalloc
                0x080066dc      0x19c ./Middlewares/Third_Party/FreeRTOS/Source/portable/MemMang/heap_4.o
                0x080066dc                pvPortMalloc
 .text.vPortFree
                0x08006878       0xc8 ./Middlewares/Third_Party/FreeRTOS/Source/portable/MemMang/heap_4.o
                0x08006878                vPortFree
 .text.prvHeapInit
                0x08006940       0xc4 ./Middlewares/Third_Party/FreeRTOS/Source/portable/MemMang/heap_4.o
 .text.prvInsertBlockIntoFreeList
                0x08006a04       0xb4 ./Middlewares/Third_Party/FreeRTOS/Source/portable/MemMang/heap_4.o
 .text._ZdlPvj  0x08006ab8        0x4 C:/ST/STM32CubeIDE_1.17.0/STM32CubeIDE/plugins/com.st.stm32cube.ide.mcu.externaltools.gnu-tools-for-stm32.12.3.rel1.win32_1.1.0.202410251130/tools/bin/../lib/gcc/arm-none-eabi/12.3.1/../../../../arm-none-eabi/lib/thumb/v7e-m+fp/hard\libstdc++_nano.a(del_ops.o)
                0x08006ab8                operator delete(void*, unsigned int)
 .text._Znwj    0x08006abc       0x22 C:/ST/STM32CubeIDE_1.17.0/STM32CubeIDE/plugins/com.st.stm32cube.ide.mcu.externaltools.gnu-tools-for-stm32.12.3.rel1.win32_1.1.0.202410251130/tools/bin/../lib/gcc/arm-none-eabi/12.3.1/../../../../arm-none-eabi/lib/thumb/v7e-m+fp/hard\libstdc++_nano.a(new_op.o)
                0x08006abc                operator new(unsigned int)
 .text._ZdlPv   0x08006ade        0x4 C:/ST/STM32CubeIDE_1.17.0/STM32CubeIDE/plugins/com.st.stm32cube.ide.mcu.externaltools.gnu-tools-for-stm32.12.3.rel1.win32_1.1.0.202410251130/tools/bin/../lib/gcc/arm-none-eabi/12.3.1/../../../../arm-none-eabi/lib/thumb/v7e-m+fp/hard\libstdc++_nano.a(del_op.o)
                0x08006ade                operator delete(void*)
 *fill*         0x08006ae2        0x2 
 .text._ZSt15get_new_handlerv
                0x08006ae4       0x10 C:/ST/STM32CubeIDE_1.17.0/STM32CubeIDE/plugins/com.st.stm32cube.ide.mcu.externaltools.gnu-tools-for-stm32.12.3.rel1.win32_1.1.0.202410251130/tools/bin/../lib/gcc/arm-none-eabi/12.3.1/../../../../arm-none-eabi/lib/thumb/v7e-m+fp/hard\libstdc++_nano.a(new_handler.o)
                0x08006ae4                std::get_new_handler()
 .text.abort    0x08006af4        0xe C:/ST/STM32CubeIDE_1.17.0/STM32CubeIDE/plugins/com.st.stm32cube.ide.mcu.externaltools.gnu-tools-for-stm32.12.3.rel1.win32_1.1.0.202410251130/tools/bin/../lib/gcc/arm-none-eabi/12.3.1/../../../../arm-none-eabi/lib/thumb/v7e-m+fp/hard\libc_nano.a(libc_a-abort.o)
                0x08006af4                abort
 *fill*         0x08006b02        0x2 
 .text.malloc   0x08006b04       0x10 C:/ST/STM32CubeIDE_1.17.0/STM32CubeIDE/plugins/com.st.stm32cube.ide.mcu.externaltools.gnu-tools-for-stm32.12.3.rel1.win32_1.1.0.202410251130/tools/bin/../lib/gcc/arm-none-eabi/12.3.1/../../../../arm-none-eabi/lib/thumb/v7e-m+fp/hard\libc_nano.a(libc_a-malloc.o)
                0x08006b04                malloc
 .text.free     0x08006b14       0x10 C:/ST/STM32CubeIDE_1.17.0/STM32CubeIDE/plugins/com.st.stm32cube.ide.mcu.externaltools.gnu-tools-for-stm32.12.3.rel1.win32_1.1.0.202410251130/tools/bin/../lib/gcc/arm-none-eabi/12.3.1/../../../../arm-none-eabi/lib/thumb/v7e-m+fp/hard\libc_nano.a(libc_a-malloc.o)
                0x08006b14                free
 .text.sbrk_aligned
                0x08006b24       0x44 C:/ST/STM32CubeIDE_1.17.0/STM32CubeIDE/plugins/com.st.stm32cube.ide.mcu.externaltools.gnu-tools-for-stm32.12.3.rel1.win32_1.1.0.202410251130/tools/bin/../lib/gcc/arm-none-eabi/12.3.1/../../../../arm-none-eabi/lib/thumb/v7e-m+fp/hard\libc_nano.a(libc_a-mallocr.o)
 .text._malloc_r
                0x08006b68      0x100 C:/ST/STM32CubeIDE_1.17.0/STM32CubeIDE/plugins/com.st.stm32cube.ide.mcu.externaltools.gnu-tools-for-stm32.12.3.rel1.win32_1.1.0.202410251130/tools/bin/../lib/gcc/arm-none-eabi/12.3.1/../../../../arm-none-eabi/lib/thumb/v7e-m+fp/hard\libc_nano.a(libc_a-mallocr.o)
                0x08006b68                _malloc_r
 .text.__malloc_lock
                0x08006c68        0xc C:/ST/STM32CubeIDE_1.17.0/STM32CubeIDE/plugins/com.st.stm32cube.ide.mcu.externaltools.gnu-tools-for-stm32.12.3.rel1.win32_1.1.0.202410251130/tools/bin/../lib/gcc/arm-none-eabi/12.3.1/../../../../arm-none-eabi/lib/thumb/v7e-m+fp/hard\libc_nano.a(libc_a-mlock.o)
                0x08006c68                __malloc_lock
 .text.__malloc_unlock
                0x08006c74        0xc C:/ST/STM32CubeIDE_1.17.0/STM32CubeIDE/plugins/com.st.stm32cube.ide.mcu.externaltools.gnu-tools-for-stm32.12.3.rel1.win32_1.1.0.202410251130/tools/bin/../lib/gcc/arm-none-eabi/12.3.1/../../../../arm-none-eabi/lib/thumb/v7e-m+fp/hard\libc_nano.a(libc_a-mlock.o)
                0x08006c74                __malloc_unlock
 .text.memset   0x08006c80       0x10 C:/ST/STM32CubeIDE_1.17.0/STM32CubeIDE/plugins/com.st.stm32cube.ide.mcu.externaltools.gnu-tools-for-stm32.12.3.rel1.win32_1.1.0.202410251130/tools/bin/../lib/gcc/arm-none-eabi/12.3.1/../../../../arm-none-eabi/lib/thumb/v7e-m+fp/hard\libc_nano.a(libc_a-memset.o)
                0x08006c80                memset
 .text._raise_r
                0x08006c90       0x50 C:/ST/STM32CubeIDE_1.17.0/STM32CubeIDE/plugins/com.st.stm32cube.ide.mcu.externaltools.gnu-tools-for-stm32.12.3.rel1.win32_1.1.0.202410251130/tools/bin/../lib/gcc/arm-none-eabi/12.3.1/../../../../arm-none-eabi/lib/thumb/v7e-m+fp/hard\libc_nano.a(libc_a-signal.o)
                0x08006c90                _raise_r
 .text.raise    0x08006ce0       0x10 C:/ST/STM32CubeIDE_1.17.0/STM32CubeIDE/plugins/com.st.stm32cube.ide.mcu.externaltools.gnu-tools-for-stm32.12.3.rel1.win32_1.1.0.202410251130/tools/bin/../lib/gcc/arm-none-eabi/12.3.1/../../../../arm-none-eabi/lib/thumb/v7e-m+fp/hard\libc_nano.a(libc_a-signal.o)
                0x08006ce0                raise
 .text._reclaim_reent
                0x08006cf0       0xac C:/ST/STM32CubeIDE_1.17.0/STM32CubeIDE/plugins/com.st.stm32cube.ide.mcu.externaltools.gnu-tools-for-stm32.12.3.rel1.win32_1.1.0.202410251130/tools/bin/../lib/gcc/arm-none-eabi/12.3.1/../../../../arm-none-eabi/lib/thumb/v7e-m+fp/hard\libc_nano.a(libc_a-reent.o)
                0x08006cf0                _reclaim_reent
 .text._kill_r  0x08006d9c       0x24 C:/ST/STM32CubeIDE_1.17.0/STM32CubeIDE/plugins/com.st.stm32cube.ide.mcu.externaltools.gnu-tools-for-stm32.12.3.rel1.win32_1.1.0.202410251130/tools/bin/../lib/gcc/arm-none-eabi/12.3.1/../../../../arm-none-eabi/lib/thumb/v7e-m+fp/hard\libc_nano.a(libc_a-signalr.o)
                0x08006d9c                _kill_r
 .text._getpid_r
                0x08006dc0        0x4 C:/ST/STM32CubeIDE_1.17.0/STM32CubeIDE/plugins/com.st.stm32cube.ide.mcu.externaltools.gnu-tools-for-stm32.12.3.rel1.win32_1.1.0.202410251130/tools/bin/../lib/gcc/arm-none-eabi/12.3.1/../../../../arm-none-eabi/lib/thumb/v7e-m+fp/hard\libc_nano.a(libc_a-signalr.o)
                0x08006dc0                _getpid_r
 .text._sbrk_r  0x08006dc4       0x20 C:/ST/STM32CubeIDE_1.17.0/STM32CubeIDE/plugins/com.st.stm32cube.ide.mcu.externaltools.gnu-tools-for-stm32.12.3.rel1.win32_1.1.0.202410251130/tools/bin/../lib/gcc/arm-none-eabi/12.3.1/../../../../arm-none-eabi/lib/thumb/v7e-m+fp/hard\libc_nano.a(libc_a-sbrkr.o)
                0x08006dc4                _sbrk_r
 .text.__errno  0x08006de4        0xc C:/ST/STM32CubeIDE_1.17.0/STM32CubeIDE/plugins/com.st.stm32cube.ide.mcu.externaltools.gnu-tools-for-stm32.12.3.rel1.win32_1.1.0.202410251130/tools/bin/../lib/gcc/arm-none-eabi/12.3.1/../../../../arm-none-eabi/lib/thumb/v7e-m+fp/hard\libc_nano.a(libc_a-errno.o)
                0x08006de4                __errno
 .text.__libc_init_array
                0x08006df0       0x48 C:/ST/STM32CubeIDE_1.17.0/STM32CubeIDE/plugins/com.st.stm32cube.ide.mcu.externaltools.gnu-tools-for-stm32.12.3.rel1.win32_1.1.0.202410251130/tools/bin/../lib/gcc/arm-none-eabi/12.3.1/../../../../arm-none-eabi/lib/thumb/v7e-m+fp/hard\libc_nano.a(libc_a-init.o)
                0x08006df0                __libc_init_array
 .text.__retarget_lock_acquire_recursive
                0x08006e38        0x2 C:/ST/STM32CubeIDE_1.17.0/STM32CubeIDE/plugins/com.st.stm32cube.ide.mcu.externaltools.gnu-tools-for-stm32.12.3.rel1.win32_1.1.0.202410251130/tools/bin/../lib/gcc/arm-none-eabi/12.3.1/../../../../arm-none-eabi/lib/thumb/v7e-m+fp/hard\libc_nano.a(libc_a-lock.o)
                0x08006e38                __retarget_lock_acquire_recursive
 .text.__retarget_lock_release_recursive
                0x08006e3a        0x2 C:/ST/STM32CubeIDE_1.17.0/STM32CubeIDE/plugins/com.st.stm32cube.ide.mcu.externaltools.gnu-tools-for-stm32.12.3.rel1.win32_1.1.0.202410251130/tools/bin/../lib/gcc/arm-none-eabi/12.3.1/../../../../arm-none-eabi/lib/thumb/v7e-m+fp/hard\libc_nano.a(libc_a-lock.o)
                0x08006e3a                __retarget_lock_release_recursive
 .text.memcpy   0x08006e3c       0x1c C:/ST/STM32CubeIDE_1.17.0/STM32CubeIDE/plugins/com.st.stm32cube.ide.mcu.externaltools.gnu-tools-for-stm32.12.3.rel1.win32_1.1.0.202410251130/tools/bin/../lib/gcc/arm-none-eabi/12.3.1/../../../../arm-none-eabi/lib/thumb/v7e-m+fp/hard\libc_nano.a(libc_a-memcpy-stub.o)
                0x08006e3c                memcpy
 .text._free_r  0x08006e58       0x94 C:/ST/STM32CubeIDE_1.17.0/STM32CubeIDE/plugins/com.st.stm32cube.ide.mcu.externaltools.gnu-tools-for-stm32.12.3.rel1.win32_1.1.0.202410251130/tools/bin/../lib/gcc/arm-none-eabi/12.3.1/../../../../arm-none-eabi/lib/thumb/v7e-m+fp/hard\libc_nano.a(libc_a-freer.o)
                0x08006e58                _free_r
 *(.glue_7)
 .glue_7        0x08006eec        0x0 linker stubs
 *(.glue_7t)
 .glue_7t       0x08006eec        0x0 linker stubs
 *(.eh_frame)
 .eh_frame      0x08006eec        0x0 C:/ST/STM32CubeIDE_1.17.0/STM32CubeIDE/plugins/com.st.stm32cube.ide.mcu.externaltools.gnu-tools-for-stm32.12.3.rel1.win32_1.1.0.202410251130/tools/bin/../lib/gcc/arm-none-eabi/12.3.1/thumb/v7e-m+fp/hard/crtbegin.o
 *(.init)
 .init          0x08006eec        0x4 C:/ST/STM32CubeIDE_1.17.0/STM32CubeIDE/plugins/com.st.stm32cube.ide.mcu.externaltools.gnu-tools-for-stm32.12.3.rel1.win32_1.1.0.202410251130/tools/bin/../lib/gcc/arm-none-eabi/12.3.1/thumb/v7e-m+fp/hard/crti.o
                0x08006eec                _init
 .init          0x08006ef0        0x8 C:/ST/STM32CubeIDE_1.17.0/STM32CubeIDE/plugins/com.st.stm32cube.ide.mcu.externaltools.gnu-tools-for-stm32.12.3.rel1.win32_1.1.0.202410251130/tools/bin/../lib/gcc/arm-none-eabi/12.3.1/thumb/v7e-m+fp/hard/crtn.o
 *(.fini)
 .fini          0x08006ef8        0x4 C:/ST/STM32CubeIDE_1.17.0/STM32CubeIDE/plugins/com.st.stm32cube.ide.mcu.externaltools.gnu-tools-for-stm32.12.3.rel1.win32_1.1.0.202410251130/tools/bin/../lib/gcc/arm-none-eabi/12.3.1/thumb/v7e-m+fp/hard/crti.o
                0x08006ef8                _fini
 .fini          0x08006efc        0x8 C:/ST/STM32CubeIDE_1.17.0/STM32CubeIDE/plugins/com.st.stm32cube.ide.mcu.externaltools.gnu-tools-for-stm32.12.3.rel1.win32_1.1.0.202410251130/tools/bin/../lib/gcc/arm-none-eabi/12.3.1/thumb/v7e-m+fp/hard/crtn.o
                0x08006f04                        . = ALIGN (0x4)
                0x08006f04                        _etext = .

.vfp11_veneer   0x08006f04        0x0
 .vfp11_veneer  0x08006f04        0x0 linker stubs

.v4_bx          0x08006f04        0x0
 .v4_bx         0x08006f04        0x0 linker stubs

.iplt           0x08006f04        0x0
 .iplt          0x08006f04        0x0 C:/ST/STM32CubeIDE_1.17.0/STM32CubeIDE/plugins/com.st.stm32cube.ide.mcu.externaltools.gnu-tools-for-stm32.12.3.rel1.win32_1.1.0.202410251130/tools/bin/../lib/gcc/arm-none-eabi/12.3.1/thumb/v7e-m+fp/hard/crtbegin.o

.rodata         0x08006f04      0x128
                0x08006f04                        . = ALIGN (0x4)
 *(.rodata)
 .rodata        0x08006f04        0xc ./Core/Src/main.o
 .rodata        0x08006f10        0xc ./Core/Src/Reader/IRQ/EncoderTask.o
 .rodata        0x08006f1c        0x8 ./Core/Src/Reader/IRQ/RpmTask.o
 .rodata        0x08006f24        0xd ./Core/Src/Reader/SensorReader.o
 *fill*         0x08006f31        0x3 
 .rodata        0x08006f34        0x5 ./Middlewares/Third_Party/FreeRTOS/Source/tasks.o
 *fill*         0x08006f39        0x3 
 .rodata        0x08006f3c        0xd ./Middlewares/Third_Party/FreeRTOS/Source/timers.o
 *(.rodata*)
 *fill*         0x08006f49        0x3 
 .rodata._ZTV10MyRTOSTask
                0x08006f4c       0x1c ./Core/Src/MyRTOSTask.o
                0x08006f4c                vtable for MyRTOSTask
 .rodata._ZL22defaultTask_attributes
                0x08006f68       0x24 ./Core/Src/main.o
 .rodata.AHBPrescTable
                0x08006f8c       0x10 ./Core/Src/system_stm32f4xx.o
                0x08006f8c                AHBPrescTable
 .rodata.APBPrescTable
                0x08006f9c        0x8 ./Core/Src/system_stm32f4xx.o
                0x08006f9c                APBPrescTable
 .rodata._ZTV11EncoderTask
                0x08006fa4       0x24 ./Core/Src/Reader/IRQ/EncoderTask.o
                0x08006fa4                vtable for EncoderTask
 .rodata._ZTV7IRQTask
                0x08006fc8       0x24 ./Core/Src/Reader/IRQ/IRQTask.o
                0x08006fc8                vtable for IRQTask
 .rodata._ZTV7RpmTask
                0x08006fec       0x24 ./Core/Src/Reader/IRQ/RpmTask.o
                0x08006fec                vtable for RpmTask
 .rodata._ZTV12SensorReader
                0x08007010       0x1c ./Core/Src/Reader/SensorReader.o
                0x08007010                vtable for SensorReader
                0x0800702c                        . = ALIGN (0x4)

.ARM.extab      0x0800702c        0x0
                0x0800702c                        . = ALIGN (0x4)
 *(.ARM.extab* .gnu.linkonce.armextab.*)
                0x0800702c                        . = ALIGN (0x4)

.ARM            0x0800702c        0x8
                0x0800702c                        . = ALIGN (0x4)
                0x0800702c                        __exidx_start = .
 *(.ARM.exidx*)
 .ARM.exidx     0x0800702c        0x8 C:/ST/STM32CubeIDE_1.17.0/STM32CubeIDE/plugins/com.st.stm32cube.ide.mcu.externaltools.gnu-tools-for-stm32.12.3.rel1.win32_1.1.0.202410251130/tools/bin/../lib/gcc/arm-none-eabi/12.3.1/thumb/v7e-m+fp/hard\libgcc.a(_udivmoddi4.o)
                0x08007034                        __exidx_end = .
                0x08007034                        . = ALIGN (0x4)

.preinit_array  0x08007034        0x0
                0x08007034                        . = ALIGN (0x4)
                0x08007034                        PROVIDE (__preinit_array_start = .)
 *(.preinit_array*)
                0x08007034                        PROVIDE (__preinit_array_end = .)
                0x08007034                        . = ALIGN (0x4)

.init_array     0x08007034        0x4
                0x08007034                        . = ALIGN (0x4)
                0x08007034                        PROVIDE (__init_array_start = .)
 *(SORT_BY_NAME(.init_array.*))
 *(.init_array*)
 .init_array    0x08007034        0x4 C:/ST/STM32CubeIDE_1.17.0/STM32CubeIDE/plugins/com.st.stm32cube.ide.mcu.externaltools.gnu-tools-for-stm32.12.3.rel1.win32_1.1.0.202410251130/tools/bin/../lib/gcc/arm-none-eabi/12.3.1/thumb/v7e-m+fp/hard/crtbegin.o
                0x08007038                        PROVIDE (__init_array_end = .)
                0x08007038                        . = ALIGN (0x4)

.fini_array     0x08007038        0x4
                0x08007038                        . = ALIGN (0x4)
                [!provide]                        PROVIDE (__fini_array_start = .)
 *(SORT_BY_NAME(.fini_array.*))
 *(.fini_array*)
 .fini_array    0x08007038        0x4 C:/ST/STM32CubeIDE_1.17.0/STM32CubeIDE/plugins/com.st.stm32cube.ide.mcu.externaltools.gnu-tools-for-stm32.12.3.rel1.win32_1.1.0.202410251130/tools/bin/../lib/gcc/arm-none-eabi/12.3.1/thumb/v7e-m+fp/hard/crtbegin.o
                [!provide]                        PROVIDE (__fini_array_end = .)
                0x0800703c                        . = ALIGN (0x4)
                0x0800703c                        _sidata = LOADADDR (.data)

.rel.dyn        0x0800703c        0x0
 .rel.iplt      0x0800703c        0x0 C:/ST/STM32CubeIDE_1.17.0/STM32CubeIDE/plugins/com.st.stm32cube.ide.mcu.externaltools.gnu-tools-for-stm32.12.3.rel1.win32_1.1.0.202410251130/tools/bin/../lib/gcc/arm-none-eabi/12.3.1/thumb/v7e-m+fp/hard/crtbegin.o

.data           0x20000000       0x60 load address 0x0800703c
                0x20000000                        . = ALIGN (0x4)
                0x20000000                        _sdata = .
 *(.data)
 *(.data*)
 .data.SystemCoreClock
                0x20000000        0x4 ./Core/Src/system_stm32f4xx.o
                0x20000000                SystemCoreClock
 .data.uwTickPrio
                0x20000004        0x4 ./Drivers/STM32F4xx_HAL_Driver/Src/stm32f4xx_hal.o
                0x20000004                uwTickPrio
 .data.uwTickFreq
                0x20000008        0x1 ./Drivers/STM32F4xx_HAL_Driver/Src/stm32f4xx_hal.o
                0x20000008                uwTickFreq
 *fill*         0x20000009        0x3 
 .data.uxCriticalNesting
                0x2000000c        0x4 ./Middlewares/Third_Party/FreeRTOS/Source/portable/GCC/ARM_CM4F/port.o
 .data._impure_ptr
                0x20000010        0x4 C:/ST/STM32CubeIDE_1.17.0/STM32CubeIDE/plugins/com.st.stm32cube.ide.mcu.externaltools.gnu-tools-for-stm32.12.3.rel1.win32_1.1.0.202410251130/tools/bin/../lib/gcc/arm-none-eabi/12.3.1/../../../../arm-none-eabi/lib/thumb/v7e-m+fp/hard\libc_nano.a(libc_a-impure.o)
                0x20000010                _impure_ptr
 .data._impure_data
                0x20000014       0x4c C:/ST/STM32CubeIDE_1.17.0/STM32CubeIDE/plugins/com.st.stm32cube.ide.mcu.externaltools.gnu-tools-for-stm32.12.3.rel1.win32_1.1.0.202410251130/tools/bin/../lib/gcc/arm-none-eabi/12.3.1/../../../../arm-none-eabi/lib/thumb/v7e-m+fp/hard\libc_nano.a(libc_a-impure.o)
                0x20000014                _impure_data
 *(.RamFunc)
 *(.RamFunc*)
                0x20000060                        . = ALIGN (0x4)
                0x20000060                        _edata = .

.igot.plt       0x20000060        0x0 load address 0x0800709c
 .igot.plt      0x20000060        0x0 C:/ST/STM32CubeIDE_1.17.0/STM32CubeIDE/plugins/com.st.stm32cube.ide.mcu.externaltools.gnu-tools-for-stm32.12.3.rel1.win32_1.1.0.202410251130/tools/bin/../lib/gcc/arm-none-eabi/12.3.1/thumb/v7e-m+fp/hard/crtbegin.o
                0x20000060                        . = ALIGN (0x4)

.bss            0x20000060     0x4c18 load address 0x0800709c
                0x20000060                        _sbss = .
                0x20000060                        __bss_start__ = _sbss
 *(.bss)
 .bss           0x20000060       0x1c C:/ST/STM32CubeIDE_1.17.0/STM32CubeIDE/plugins/com.st.stm32cube.ide.mcu.externaltools.gnu-tools-for-stm32.12.3.rel1.win32_1.1.0.202410251130/tools/bin/../lib/gcc/arm-none-eabi/12.3.1/thumb/v7e-m+fp/hard/crtbegin.o
 *(.bss*)
 .bss.defaultTaskHandle
                0x2000007c        0x4 ./Core/Src/main.o
                0x2000007c                defaultTaskHandle
 .bss.htim1     0x20000080       0xb4 ./Core/Src/stm32f4xx_hal_timebase_tim.o
                0x20000080                htim1
 .bss.__sbrk_heap_end
                0x20000134        0x4 ./Core/Src/sysmem.o
 .bss._ZN12SensorReader8instanceE
                0x20000138        0x4 ./Core/Src/Reader/SensorReader.o
                0x20000138                SensorReader::instance
 .bss._ZN12SensorReader3mtxE
                0x2000013c        0x4 ./Core/Src/Reader/SensorReader.o
                0x2000013c                SensorReader::mtx
 .bss.uwTick    0x20000140        0x4 ./Drivers/STM32F4xx_HAL_Driver/Src/stm32f4xx_hal.o
                0x20000140                uwTick
 .bss.KernelState
                0x20000144        0x4 ./Middlewares/Third_Party/FreeRTOS/Source/CMSIS_RTOS_V2/cmsis_os2.o
 .bss.Idle_TCB.3
                0x20000148       0xa8 ./Middlewares/Third_Party/FreeRTOS/Source/CMSIS_RTOS_V2/cmsis_os2.o
 .bss.Idle_Stack.2
                0x200001f0      0x200 ./Middlewares/Third_Party/FreeRTOS/Source/CMSIS_RTOS_V2/cmsis_os2.o
 .bss.Timer_TCB.1
                0x200003f0       0xa8 ./Middlewares/Third_Party/FreeRTOS/Source/CMSIS_RTOS_V2/cmsis_os2.o
 .bss.Timer_Stack.0
                0x20000498      0x400 ./Middlewares/Third_Party/FreeRTOS/Source/CMSIS_RTOS_V2/cmsis_os2.o
 .bss.xQueueRegistry
                0x20000898       0x40 ./Middlewares/Third_Party/FreeRTOS/Source/queue.o
                0x20000898                xQueueRegistry
 .bss.pxCurrentTCB
                0x200008d8        0x4 ./Middlewares/Third_Party/FreeRTOS/Source/tasks.o
                0x200008d8                pxCurrentTCB
 .bss.pxReadyTasksLists
                0x200008dc      0x460 ./Middlewares/Third_Party/FreeRTOS/Source/tasks.o
 .bss.xDelayedTaskList1
                0x20000d3c       0x14 ./Middlewares/Third_Party/FreeRTOS/Source/tasks.o
 .bss.xDelayedTaskList2
                0x20000d50       0x14 ./Middlewares/Third_Party/FreeRTOS/Source/tasks.o
 .bss.pxDelayedTaskList
                0x20000d64        0x4 ./Middlewares/Third_Party/FreeRTOS/Source/tasks.o
 .bss.pxOverflowDelayedTaskList
                0x20000d68        0x4 ./Middlewares/Third_Party/FreeRTOS/Source/tasks.o
 .bss.xPendingReadyList
                0x20000d6c       0x14 ./Middlewares/Third_Party/FreeRTOS/Source/tasks.o
 .bss.xTasksWaitingTermination
                0x20000d80       0x14 ./Middlewares/Third_Party/FreeRTOS/Source/tasks.o
 .bss.uxDeletedTasksWaitingCleanUp
                0x20000d94        0x4 ./Middlewares/Third_Party/FreeRTOS/Source/tasks.o
 .bss.xSuspendedTaskList
                0x20000d98       0x14 ./Middlewares/Third_Party/FreeRTOS/Source/tasks.o
 .bss.uxCurrentNumberOfTasks
                0x20000dac        0x4 ./Middlewares/Third_Party/FreeRTOS/Source/tasks.o
 .bss.xTickCount
                0x20000db0        0x4 ./Middlewares/Third_Party/FreeRTOS/Source/tasks.o
 .bss.uxTopReadyPriority
                0x20000db4        0x4 ./Middlewares/Third_Party/FreeRTOS/Source/tasks.o
 .bss.xSchedulerRunning
                0x20000db8        0x4 ./Middlewares/Third_Party/FreeRTOS/Source/tasks.o
 .bss.xPendedTicks
                0x20000dbc        0x4 ./Middlewares/Third_Party/FreeRTOS/Source/tasks.o
 .bss.xYieldPending
                0x20000dc0        0x4 ./Middlewares/Third_Party/FreeRTOS/Source/tasks.o
 .bss.xNumOfOverflows
                0x20000dc4        0x4 ./Middlewares/Third_Party/FreeRTOS/Source/tasks.o
 .bss.uxTaskNumber
                0x20000dc8        0x4 ./Middlewares/Third_Party/FreeRTOS/Source/tasks.o
 .bss.xNextTaskUnblockTime
                0x20000dcc        0x4 ./Middlewares/Third_Party/FreeRTOS/Source/tasks.o
 .bss.xIdleTaskHandle
                0x20000dd0        0x4 ./Middlewares/Third_Party/FreeRTOS/Source/tasks.o
 .bss.uxSchedulerSuspended
                0x20000dd4        0x4 ./Middlewares/Third_Party/FreeRTOS/Source/tasks.o
 .bss.xActiveTimerList1
                0x20000dd8       0x14 ./Middlewares/Third_Party/FreeRTOS/Source/timers.o
 .bss.xActiveTimerList2
                0x20000dec       0x14 ./Middlewares/Third_Party/FreeRTOS/Source/timers.o
 .bss.pxCurrentTimerList
                0x20000e00        0x4 ./Middlewares/Third_Party/FreeRTOS/Source/timers.o
 .bss.pxOverflowTimerList
                0x20000e04        0x4 ./Middlewares/Third_Party/FreeRTOS/Source/timers.o
 .bss.xTimerQueue
                0x20000e08        0x4 ./Middlewares/Third_Party/FreeRTOS/Source/timers.o
 .bss.xTimerTaskHandle
                0x20000e0c        0x4 ./Middlewares/Third_Party/FreeRTOS/Source/timers.o
 .bss.xLastTime.2
                0x20000e10        0x4 ./Middlewares/Third_Party/FreeRTOS/Source/timers.o
 .bss.ucStaticTimerQueueStorage.1
                0x20000e14       0xa0 ./Middlewares/Third_Party/FreeRTOS/Source/timers.o
 .bss.xStaticTimerQueue.0
                0x20000eb4       0x50 ./Middlewares/Third_Party/FreeRTOS/Source/timers.o
 .bss.ucMaxSysCallPriority
                0x20000f04        0x1 ./Middlewares/Third_Party/FreeRTOS/Source/portable/GCC/ARM_CM4F/port.o
 *fill*         0x20000f05        0x3 
 .bss.ulMaxPRIGROUPValue
                0x20000f08        0x4 ./Middlewares/Third_Party/FreeRTOS/Source/portable/GCC/ARM_CM4F/port.o
 .bss.ucHeap    0x20000f0c     0x3c00 ./Middlewares/Third_Party/FreeRTOS/Source/portable/MemMang/heap_4.o
 .bss.xStart    0x20004b0c        0x8 ./Middlewares/Third_Party/FreeRTOS/Source/portable/MemMang/heap_4.o
 .bss.pxEnd     0x20004b14        0x4 ./Middlewares/Third_Party/FreeRTOS/Source/portable/MemMang/heap_4.o
 .bss.xFreeBytesRemaining
                0x20004b18        0x4 ./Middlewares/Third_Party/FreeRTOS/Source/portable/MemMang/heap_4.o
 .bss.xMinimumEverFreeBytesRemaining
                0x20004b1c        0x4 ./Middlewares/Third_Party/FreeRTOS/Source/portable/MemMang/heap_4.o
 .bss.xNumberOfSuccessfulAllocations
                0x20004b20        0x4 ./Middlewares/Third_Party/FreeRTOS/Source/portable/MemMang/heap_4.o
 .bss.xNumberOfSuccessfulFrees
                0x20004b24        0x4 ./Middlewares/Third_Party/FreeRTOS/Source/portable/MemMang/heap_4.o
 .bss.xBlockAllocatedBit
                0x20004b28        0x4 ./Middlewares/Third_Party/FreeRTOS/Source/portable/MemMang/heap_4.o
 .bss._ZN12_GLOBAL__N_113__new_handlerE
                0x20004b2c        0x4 C:/ST/STM32CubeIDE_1.17.0/STM32CubeIDE/plugins/com.st.stm32cube.ide.mcu.externaltools.gnu-tools-for-stm32.12.3.rel1.win32_1.1.0.202410251130/tools/bin/../lib/gcc/arm-none-eabi/12.3.1/../../../../arm-none-eabi/lib/thumb/v7e-m+fp/hard\libstdc++_nano.a(new_handler.o)
 .bss.__malloc_sbrk_start
                0x20004b30        0x4 C:/ST/STM32CubeIDE_1.17.0/STM32CubeIDE/plugins/com.st.stm32cube.ide.mcu.externaltools.gnu-tools-for-stm32.12.3.rel1.win32_1.1.0.202410251130/tools/bin/../lib/gcc/arm-none-eabi/12.3.1/../../../../arm-none-eabi/lib/thumb/v7e-m+fp/hard\libc_nano.a(libc_a-mallocr.o)
                0x20004b30                __malloc_sbrk_start
 .bss.__malloc_free_list
                0x20004b34        0x4 C:/ST/STM32CubeIDE_1.17.0/STM32CubeIDE/plugins/com.st.stm32cube.ide.mcu.externaltools.gnu-tools-for-stm32.12.3.rel1.win32_1.1.0.202410251130/tools/bin/../lib/gcc/arm-none-eabi/12.3.1/../../../../arm-none-eabi/lib/thumb/v7e-m+fp/hard\libc_nano.a(libc_a-mallocr.o)
                0x20004b34                __malloc_free_list
 .bss.__sf      0x20004b38      0x138 C:/ST/STM32CubeIDE_1.17.0/STM32CubeIDE/plugins/com.st.stm32cube.ide.mcu.externaltools.gnu-tools-for-stm32.12.3.rel1.win32_1.1.0.202410251130/tools/bin/../lib/gcc/arm-none-eabi/12.3.1/../../../../arm-none-eabi/lib/thumb/v7e-m+fp/hard\libc_nano.a(libc_a-findfp.o)
                0x20004b38                __sf
 .bss.errno     0x20004c70        0x4 C:/ST/STM32CubeIDE_1.17.0/STM32CubeIDE/plugins/com.st.stm32cube.ide.mcu.externaltools.gnu-tools-for-stm32.12.3.rel1.win32_1.1.0.202410251130/tools/bin/../lib/gcc/arm-none-eabi/12.3.1/../../../../arm-none-eabi/lib/thumb/v7e-m+fp/hard\libc_nano.a(libc_a-reent.o)
                0x20004c70                errno
 .bss.__lock___malloc_recursive_mutex
                0x20004c74        0x1 C:/ST/STM32CubeIDE_1.17.0/STM32CubeIDE/plugins/com.st.stm32cube.ide.mcu.externaltools.gnu-tools-for-stm32.12.3.rel1.win32_1.1.0.202410251130/tools/bin/../lib/gcc/arm-none-eabi/12.3.1/../../../../arm-none-eabi/lib/thumb/v7e-m+fp/hard\libc_nano.a(libc_a-lock.o)
                0x20004c74                __lock___malloc_recursive_mutex
 *(COMMON)
                0x20004c78                        . = ALIGN (0x4)
 *fill*         0x20004c75        0x3 
                0x20004c78                        _ebss = .
                0x20004c78                        __bss_end__ = _ebss

._user_heap_stack
                0x20004c78      0x600 load address 0x0800709c
                0x20004c78                        . = ALIGN (0x8)
                [!provide]                        PROVIDE (end = .)
                0x20004c78                        PROVIDE (_end = .)
                0x20004e78                        . = (. + _Min_Heap_Size)
 *fill*         0x20004c78      0x200 
                0x20005278                        . = (. + _Min_Stack_Size)
 *fill*         0x20004e78      0x400 
                0x20005278                        . = ALIGN (0x8)

/DISCARD/
 libc.a(*)
 libm.a(*)
 libgcc.a(*)

.ARM.attributes
                0x00000000       0x30
 *(.ARM.attributes)
 .ARM.attributes
                0x00000000       0x22 C:/ST/STM32CubeIDE_1.17.0/STM32CubeIDE/plugins/com.st.stm32cube.ide.mcu.externaltools.gnu-tools-for-stm32.12.3.rel1.win32_1.1.0.202410251130/tools/bin/../lib/gcc/arm-none-eabi/12.3.1/thumb/v7e-m+fp/hard/crti.o
 .ARM.attributes
                0x00000022       0x34 C:/ST/STM32CubeIDE_1.17.0/STM32CubeIDE/plugins/com.st.stm32cube.ide.mcu.externaltools.gnu-tools-for-stm32.12.3.rel1.win32_1.1.0.202410251130/tools/bin/../lib/gcc/arm-none-eabi/12.3.1/thumb/v7e-m+fp/hard/crtbegin.o
 .ARM.attributes
                0x00000056       0x34 ./Core/Src/MyRTOSTask.o
 .ARM.attributes
                0x0000008a       0x34 ./Core/Src/main.o
 .ARM.attributes
                0x000000be       0x34 ./Core/Src/stm32f4xx_hal_msp.o
 .ARM.attributes
                0x000000f2       0x34 ./Core/Src/stm32f4xx_hal_timebase_tim.o
 .ARM.attributes
                0x00000126       0x34 ./Core/Src/stm32f4xx_it.o
 .ARM.attributes
                0x0000015a       0x34 ./Core/Src/syscalls.o
 .ARM.attributes
                0x0000018e       0x34 ./Core/Src/sysmem.o
 .ARM.attributes
                0x000001c2       0x34 ./Core/Src/system_stm32f4xx.o
 .ARM.attributes
                0x000001f6       0x34 ./Core/Src/Reader/IRQ/EncoderTask.o
 .ARM.attributes
                0x0000022a       0x34 ./Core/Src/Reader/IRQ/IRQTask.o
 .ARM.attributes
                0x0000025e       0x34 ./Core/Src/Reader/IRQ/RpmTask.o
 .ARM.attributes
                0x00000292       0x34 ./Core/Src/Reader/MyPin.o
 .ARM.attributes
                0x000002c6       0x34 ./Core/Src/Reader/SensorReader.o
 .ARM.attributes
                0x000002fa       0x21 ./Core/Startup/startup_stm32f401ccux.o
 .ARM.attributes
                0x0000031b       0x34 ./Drivers/STM32F4xx_HAL_Driver/Src/stm32f4xx_hal.o
 .ARM.attributes
                0x0000034f       0x34 ./Drivers/STM32F4xx_HAL_Driver/Src/stm32f4xx_hal_cortex.o
 .ARM.attributes
                0x00000383       0x34 ./Drivers/STM32F4xx_HAL_Driver/Src/stm32f4xx_hal_gpio.o
 .ARM.attributes
                0x000003b7       0x34 ./Drivers/STM32F4xx_HAL_Driver/Src/stm32f4xx_hal_rcc.o
 .ARM.attributes
                0x000003eb       0x34 ./Drivers/STM32F4xx_HAL_Driver/Src/stm32f4xx_hal_tim.o
 .ARM.attributes
                0x0000041f       0x34 ./Drivers/STM32F4xx_HAL_Driver/Src/stm32f4xx_hal_tim_ex.o
 .ARM.attributes
                0x00000453       0x34 ./Middlewares/Third_Party/FreeRTOS/Source/CMSIS_RTOS_V2/cmsis_os2.o
 .ARM.attributes
                0x00000487       0x34 ./Middlewares/Third_Party/FreeRTOS/Source/list.o
 .ARM.attributes
                0x000004bb       0x34 ./Middlewares/Third_Party/FreeRTOS/Source/queue.o
 .ARM.attributes
                0x000004ef       0x34 ./Middlewares/Third_Party/FreeRTOS/Source/tasks.o
 .ARM.attributes
                0x00000523       0x34 ./Middlewares/Third_Party/FreeRTOS/Source/timers.o
 .ARM.attributes
                0x00000557       0x34 ./Middlewares/Third_Party/FreeRTOS/Source/portable/GCC/ARM_CM4F/port.o
 .ARM.attributes
                0x0000058b       0x34 ./Middlewares/Third_Party/FreeRTOS/Source/portable/MemMang/heap_4.o
 .ARM.attributes
                0x000005bf       0x34 C:/ST/STM32CubeIDE_1.17.0/STM32CubeIDE/plugins/com.st.stm32cube.ide.mcu.externaltools.gnu-tools-for-stm32.12.3.rel1.win32_1.1.0.202410251130/tools/bin/../lib/gcc/arm-none-eabi/12.3.1/../../../../arm-none-eabi/lib/thumb/v7e-m+fp/hard\libstdc++_nano.a(del_ops.o)
 .ARM.attributes
                0x000005f3       0x34 C:/ST/STM32CubeIDE_1.17.0/STM32CubeIDE/plugins/com.st.stm32cube.ide.mcu.externaltools.gnu-tools-for-stm32.12.3.rel1.win32_1.1.0.202410251130/tools/bin/../lib/gcc/arm-none-eabi/12.3.1/../../../../arm-none-eabi/lib/thumb/v7e-m+fp/hard\libstdc++_nano.a(new_op.o)
 .ARM.attributes
                0x00000627       0x34 C:/ST/STM32CubeIDE_1.17.0/STM32CubeIDE/plugins/com.st.stm32cube.ide.mcu.externaltools.gnu-tools-for-stm32.12.3.rel1.win32_1.1.0.202410251130/tools/bin/../lib/gcc/arm-none-eabi/12.3.1/../../../../arm-none-eabi/lib/thumb/v7e-m+fp/hard\libstdc++_nano.a(del_op.o)
 .ARM.attributes
                0x0000065b       0x34 C:/ST/STM32CubeIDE_1.17.0/STM32CubeIDE/plugins/com.st.stm32cube.ide.mcu.externaltools.gnu-tools-for-stm32.12.3.rel1.win32_1.1.0.202410251130/tools/bin/../lib/gcc/arm-none-eabi/12.3.1/../../../../arm-none-eabi/lib/thumb/v7e-m+fp/hard\libstdc++_nano.a(new_handler.o)
 .ARM.attributes
                0x0000068f       0x34 C:/ST/STM32CubeIDE_1.17.0/STM32CubeIDE/plugins/com.st.stm32cube.ide.mcu.externaltools.gnu-tools-for-stm32.12.3.rel1.win32_1.1.0.202410251130/tools/bin/../lib/gcc/arm-none-eabi/12.3.1/../../../../arm-none-eabi/lib/thumb/v7e-m+fp/hard\libc_nano.a(libc_a-abort.o)
 .ARM.attributes
                0x000006c3       0x34 C:/ST/STM32CubeIDE_1.17.0/STM32CubeIDE/plugins/com.st.stm32cube.ide.mcu.externaltools.gnu-tools-for-stm32.12.3.rel1.win32_1.1.0.202410251130/tools/bin/../lib/gcc/arm-none-eabi/12.3.1/../../../../arm-none-eabi/lib/thumb/v7e-m+fp/hard\libc_nano.a(libc_a-malloc.o)
 .ARM.attributes
                0x000006f7       0x34 C:/ST/STM32CubeIDE_1.17.0/STM32CubeIDE/plugins/com.st.stm32cube.ide.mcu.externaltools.gnu-tools-for-stm32.12.3.rel1.win32_1.1.0.202410251130/tools/bin/../lib/gcc/arm-none-eabi/12.3.1/../../../../arm-none-eabi/lib/thumb/v7e-m+fp/hard\libc_nano.a(libc_a-mallocr.o)
 .ARM.attributes
                0x0000072b       0x34 C:/ST/STM32CubeIDE_1.17.0/STM32CubeIDE/plugins/com.st.stm32cube.ide.mcu.externaltools.gnu-tools-for-stm32.12.3.rel1.win32_1.1.0.202410251130/tools/bin/../lib/gcc/arm-none-eabi/12.3.1/../../../../arm-none-eabi/lib/thumb/v7e-m+fp/hard\libc_nano.a(libc_a-mlock.o)
 .ARM.attributes
                0x0000075f       0x34 C:/ST/STM32CubeIDE_1.17.0/STM32CubeIDE/plugins/com.st.stm32cube.ide.mcu.externaltools.gnu-tools-for-stm32.12.3.rel1.win32_1.1.0.202410251130/tools/bin/../lib/gcc/arm-none-eabi/12.3.1/../../../../arm-none-eabi/lib/thumb/v7e-m+fp/hard\libc_nano.a(libc_a-findfp.o)
 .ARM.attributes
                0x00000793       0x34 C:/ST/STM32CubeIDE_1.17.0/STM32CubeIDE/plugins/com.st.stm32cube.ide.mcu.externaltools.gnu-tools-for-stm32.12.3.rel1.win32_1.1.0.202410251130/tools/bin/../lib/gcc/arm-none-eabi/12.3.1/../../../../arm-none-eabi/lib/thumb/v7e-m+fp/hard\libc_nano.a(libc_a-memset.o)
 .ARM.attributes
                0x000007c7       0x34 C:/ST/STM32CubeIDE_1.17.0/STM32CubeIDE/plugins/com.st.stm32cube.ide.mcu.externaltools.gnu-tools-for-stm32.12.3.rel1.win32_1.1.0.202410251130/tools/bin/../lib/gcc/arm-none-eabi/12.3.1/../../../../arm-none-eabi/lib/thumb/v7e-m+fp/hard\libc_nano.a(libc_a-signal.o)
 .ARM.attributes
                0x000007fb       0x34 C:/ST/STM32CubeIDE_1.17.0/STM32CubeIDE/plugins/com.st.stm32cube.ide.mcu.externaltools.gnu-tools-for-stm32.12.3.rel1.win32_1.1.0.202410251130/tools/bin/../lib/gcc/arm-none-eabi/12.3.1/../../../../arm-none-eabi/lib/thumb/v7e-m+fp/hard\libc_nano.a(libc_a-reent.o)
 .ARM.attributes
                0x0000082f       0x34 C:/ST/STM32CubeIDE_1.17.0/STM32CubeIDE/plugins/com.st.stm32cube.ide.mcu.externaltools.gnu-tools-for-stm32.12.3.rel1.win32_1.1.0.202410251130/tools/bin/../lib/gcc/arm-none-eabi/12.3.1/../../../../arm-none-eabi/lib/thumb/v7e-m+fp/hard\libc_nano.a(libc_a-impure.o)
 .ARM.attributes
                0x00000863       0x34 C:/ST/STM32CubeIDE_1.17.0/STM32CubeIDE/plugins/com.st.stm32cube.ide.mcu.externaltools.gnu-tools-for-stm32.12.3.rel1.win32_1.1.0.202410251130/tools/bin/../lib/gcc/arm-none-eabi/12.3.1/../../../../arm-none-eabi/lib/thumb/v7e-m+fp/hard\libc_nano.a(libc_a-signalr.o)
 .ARM.attributes
                0x00000897       0x34 C:/ST/STM32CubeIDE_1.17.0/STM32CubeIDE/plugins/com.st.stm32cube.ide.mcu.externaltools.gnu-tools-for-stm32.12.3.rel1.win32_1.1.0.202410251130/tools/bin/../lib/gcc/arm-none-eabi/12.3.1/../../../../arm-none-eabi/lib/thumb/v7e-m+fp/hard\libc_nano.a(libc_a-sbrkr.o)
 .ARM.attributes
                0x000008cb       0x34 C:/ST/STM32CubeIDE_1.17.0/STM32CubeIDE/plugins/com.st.stm32cube.ide.mcu.externaltools.gnu-tools-for-stm32.12.3.rel1.win32_1.1.0.202410251130/tools/bin/../lib/gcc/arm-none-eabi/12.3.1/../../../../arm-none-eabi/lib/thumb/v7e-m+fp/hard\libc_nano.a(libc_a-errno.o)
 .ARM.attributes
                0x000008ff       0x34 C:/ST/STM32CubeIDE_1.17.0/STM32CubeIDE/plugins/com.st.stm32cube.ide.mcu.externaltools.gnu-tools-for-stm32.12.3.rel1.win32_1.1.0.202410251130/tools/bin/../lib/gcc/arm-none-eabi/12.3.1/../../../../arm-none-eabi/lib/thumb/v7e-m+fp/hard\libc_nano.a(libc_a-init.o)
 .ARM.attributes
                0x00000933       0x34 C:/ST/STM32CubeIDE_1.17.0/STM32CubeIDE/plugins/com.st.stm32cube.ide.mcu.externaltools.gnu-tools-for-stm32.12.3.rel1.win32_1.1.0.202410251130/tools/bin/../lib/gcc/arm-none-eabi/12.3.1/../../../../arm-none-eabi/lib/thumb/v7e-m+fp/hard\libc_nano.a(libc_a-lock.o)
 .ARM.attributes
                0x00000967       0x34 C:/ST/STM32CubeIDE_1.17.0/STM32CubeIDE/plugins/com.st.stm32cube.ide.mcu.externaltools.gnu-tools-for-stm32.12.3.rel1.win32_1.1.0.202410251130/tools/bin/../lib/gcc/arm-none-eabi/12.3.1/../../../../arm-none-eabi/lib/thumb/v7e-m+fp/hard\libc_nano.a(libc_a-memcpy-stub.o)
 .ARM.attributes
                0x0000099b       0x34 C:/ST/STM32CubeIDE_1.17.0/STM32CubeIDE/plugins/com.st.stm32cube.ide.mcu.externaltools.gnu-tools-for-stm32.12.3.rel1.win32_1.1.0.202410251130/tools/bin/../lib/gcc/arm-none-eabi/12.3.1/../../../../arm-none-eabi/lib/thumb/v7e-m+fp/hard\libc_nano.a(libc_a-freer.o)
 .ARM.attributes
                0x000009cf       0x22 C:/ST/STM32CubeIDE_1.17.0/STM32CubeIDE/plugins/com.st.stm32cube.ide.mcu.externaltools.gnu-tools-for-stm32.12.3.rel1.win32_1.1.0.202410251130/tools/bin/../lib/gcc/arm-none-eabi/12.3.1/thumb/v7e-m+fp/hard\libgcc.a(_arm_addsubdf3.o)
 .ARM.attributes
                0x000009f1       0x22 C:/ST/STM32CubeIDE_1.17.0/STM32CubeIDE/plugins/com.st.stm32cube.ide.mcu.externaltools.gnu-tools-for-stm32.12.3.rel1.win32_1.1.0.202410251130/tools/bin/../lib/gcc/arm-none-eabi/12.3.1/thumb/v7e-m+fp/hard\libgcc.a(_arm_muldivdf3.o)
 .ARM.attributes
                0x00000a13       0x22 C:/ST/STM32CubeIDE_1.17.0/STM32CubeIDE/plugins/com.st.stm32cube.ide.mcu.externaltools.gnu-tools-for-stm32.12.3.rel1.win32_1.1.0.202410251130/tools/bin/../lib/gcc/arm-none-eabi/12.3.1/thumb/v7e-m+fp/hard\libgcc.a(_arm_cmpdf2.o)
 .ARM.attributes
                0x00000a35       0x22 C:/ST/STM32CubeIDE_1.17.0/STM32CubeIDE/plugins/com.st.stm32cube.ide.mcu.externaltools.gnu-tools-for-stm32.12.3.rel1.win32_1.1.0.202410251130/tools/bin/../lib/gcc/arm-none-eabi/12.3.1/thumb/v7e-m+fp/hard\libgcc.a(_arm_truncdfsf2.o)
 .ARM.attributes
                0x00000a57       0x22 C:/ST/STM32CubeIDE_1.17.0/STM32CubeIDE/plugins/com.st.stm32cube.ide.mcu.externaltools.gnu-tools-for-stm32.12.3.rel1.win32_1.1.0.202410251130/tools/bin/../lib/gcc/arm-none-eabi/12.3.1/thumb/v7e-m+fp/hard\libgcc.a(_aeabi_uldivmod.o)
 .ARM.attributes
                0x00000a79       0x34 C:/ST/STM32CubeIDE_1.17.0/STM32CubeIDE/plugins/com.st.stm32cube.ide.mcu.externaltools.gnu-tools-for-stm32.12.3.rel1.win32_1.1.0.202410251130/tools/bin/../lib/gcc/arm-none-eabi/12.3.1/thumb/v7e-m+fp/hard\libgcc.a(_udivmoddi4.o)
 .ARM.attributes
                0x00000aad       0x22 C:/ST/STM32CubeIDE_1.17.0/STM32CubeIDE/plugins/com.st.stm32cube.ide.mcu.externaltools.gnu-tools-for-stm32.12.3.rel1.win32_1.1.0.202410251130/tools/bin/../lib/gcc/arm-none-eabi/12.3.1/thumb/v7e-m+fp/hard\libgcc.a(_dvmd_tls.o)
 .ARM.attributes
                0x00000acf       0x22 C:/ST/STM32CubeIDE_1.17.0/STM32CubeIDE/plugins/com.st.stm32cube.ide.mcu.externaltools.gnu-tools-for-stm32.12.3.rel1.win32_1.1.0.202410251130/tools/bin/../lib/gcc/arm-none-eabi/12.3.1/thumb/v7e-m+fp/hard/crtn.o
OUTPUT(STM32F401CCU6.elf elf32-littlearm)
LOAD linker stubs
LOAD C:/ST/STM32CubeIDE_1.17.0/STM32CubeIDE/plugins/com.st.stm32cube.ide.mcu.externaltools.gnu-tools-for-stm32.12.3.rel1.win32_1.1.0.202410251130/tools/bin/../lib/gcc/arm-none-eabi/12.3.1/../../../../arm-none-eabi/lib/thumb/v7e-m+fp/hard\libc.a
LOAD C:/ST/STM32CubeIDE_1.17.0/STM32CubeIDE/plugins/com.st.stm32cube.ide.mcu.externaltools.gnu-tools-for-stm32.12.3.rel1.win32_1.1.0.202410251130/tools/bin/../lib/gcc/arm-none-eabi/12.3.1/../../../../arm-none-eabi/lib/thumb/v7e-m+fp/hard\libm.a
LOAD C:/ST/STM32CubeIDE_1.17.0/STM32CubeIDE/plugins/com.st.stm32cube.ide.mcu.externaltools.gnu-tools-for-stm32.12.3.rel1.win32_1.1.0.202410251130/tools/bin/../lib/gcc/arm-none-eabi/12.3.1/thumb/v7e-m+fp/hard\libgcc.a

.debug_info     0x00000000    0x1855c
 .debug_info    0x00000000      0x77a ./Core/Src/MyRTOSTask.o
 .debug_info    0x0000077a     0x14d5 ./Core/Src/main.o
 .debug_info    0x00001c4f      0x449 ./Core/Src/stm32f4xx_hal_msp.o
 .debug_info    0x00002098      0xe2b ./Core/Src/stm32f4xx_hal_timebase_tim.o
 .debug_info    0x00002ec3      0x91e ./Core/Src/stm32f4xx_it.o
 .debug_info    0x000037e1      0x6a3 ./Core/Src/syscalls.o
 .debug_info    0x00003e84      0x168 ./Core/Src/sysmem.o
 .debug_info    0x00003fec      0x53e ./Core/Src/system_stm32f4xx.o
 .debug_info    0x0000452a      0xa0b ./Core/Src/Reader/IRQ/EncoderTask.o
 .debug_info    0x00004f35      0x508 ./Core/Src/Reader/IRQ/IRQTask.o
 .debug_info    0x0000543d      0x81f ./Core/Src/Reader/IRQ/RpmTask.o
 .debug_info    0x00005c5c      0x4cb ./Core/Src/Reader/MyPin.o
 .debug_info    0x00006127      0xeb4 ./Core/Src/Reader/SensorReader.o
 .debug_info    0x00006fdb       0x30 ./Core/Startup/startup_stm32f401ccux.o
 .debug_info    0x0000700b      0x8bb ./Drivers/STM32F4xx_HAL_Driver/Src/stm32f4xx_hal.o
 .debug_info    0x000078c6      0xcf6 ./Drivers/STM32F4xx_HAL_Driver/Src/stm32f4xx_hal_cortex.o
 .debug_info    0x000085bc      0x6f9 ./Drivers/STM32F4xx_HAL_Driver/Src/stm32f4xx_hal_gpio.o
 .debug_info    0x00008cb5      0x8f1 ./Drivers/STM32F4xx_HAL_Driver/Src/stm32f4xx_hal_rcc.o
 .debug_info    0x000095a6     0x2d00 ./Drivers/STM32F4xx_HAL_Driver/Src/stm32f4xx_hal_tim.o
 .debug_info    0x0000c2a6     0x1657 ./Drivers/STM32F4xx_HAL_Driver/Src/stm32f4xx_hal_tim_ex.o
 .debug_info    0x0000d8fd     0x4073 ./Middlewares/Third_Party/FreeRTOS/Source/CMSIS_RTOS_V2/cmsis_os2.o
 .debug_info    0x00011970      0x2af ./Middlewares/Third_Party/FreeRTOS/Source/list.o
 .debug_info    0x00011c1f     0x1b79 ./Middlewares/Third_Party/FreeRTOS/Source/queue.o
 .debug_info    0x00013798     0x28c1 ./Middlewares/Third_Party/FreeRTOS/Source/tasks.o
 .debug_info    0x00016059     0x1b50 ./Middlewares/Third_Party/FreeRTOS/Source/timers.o
 .debug_info    0x00017ba9      0x4de ./Middlewares/Third_Party/FreeRTOS/Source/portable/GCC/ARM_CM4F/port.o
 .debug_info    0x00018087      0x4d5 ./Middlewares/Third_Party/FreeRTOS/Source/portable/MemMang/heap_4.o

.debug_abbrev   0x00000000     0x4531
 .debug_abbrev  0x00000000      0x2ca ./Core/Src/MyRTOSTask.o
 .debug_abbrev  0x000002ca      0x32e ./Core/Src/main.o
 .debug_abbrev  0x000005f8      0x119 ./Core/Src/stm32f4xx_hal_msp.o
 .debug_abbrev  0x00000711      0x247 ./Core/Src/stm32f4xx_hal_timebase_tim.o
 .debug_abbrev  0x00000958      0x1f6 ./Core/Src/stm32f4xx_it.o
 .debug_abbrev  0x00000b4e      0x1b6 ./Core/Src/syscalls.o
 .debug_abbrev  0x00000d04       0xbc ./Core/Src/sysmem.o
 .debug_abbrev  0x00000dc0      0x11a ./Core/Src/system_stm32f4xx.o
 .debug_abbrev  0x00000eda      0x3fa ./Core/Src/Reader/IRQ/EncoderTask.o
 .debug_abbrev  0x000012d4      0x252 ./Core/Src/Reader/IRQ/IRQTask.o
 .debug_abbrev  0x00001526      0x3a1 ./Core/Src/Reader/IRQ/RpmTask.o
 .debug_abbrev  0x000018c7      0x25f ./Core/Src/Reader/MyPin.o
 .debug_abbrev  0x00001b26      0x4cc ./Core/Src/Reader/SensorReader.o
 .debug_abbrev  0x00001ff2       0x24 ./Core/Startup/startup_stm32f401ccux.o
 .debug_abbrev  0x00002016      0x24b ./Drivers/STM32F4xx_HAL_Driver/Src/stm32f4xx_hal.o
 .debug_abbrev  0x00002261      0x31d ./Drivers/STM32F4xx_HAL_Driver/Src/stm32f4xx_hal_cortex.o
 .debug_abbrev  0x0000257e      0x1d3 ./Drivers/STM32F4xx_HAL_Driver/Src/stm32f4xx_hal_gpio.o
 .debug_abbrev  0x00002751      0x2b6 ./Drivers/STM32F4xx_HAL_Driver/Src/stm32f4xx_hal_rcc.o
 .debug_abbrev  0x00002a07      0x2b1 ./Drivers/STM32F4xx_HAL_Driver/Src/stm32f4xx_hal_tim.o
 .debug_abbrev  0x00002cb8      0x2a7 ./Drivers/STM32F4xx_HAL_Driver/Src/stm32f4xx_hal_tim_ex.o
 .debug_abbrev  0x00002f5f      0x548 ./Middlewares/Third_Party/FreeRTOS/Source/CMSIS_RTOS_V2/cmsis_os2.o
 .debug_abbrev  0x000034a7       0xf5 ./Middlewares/Third_Party/FreeRTOS/Source/list.o
 .debug_abbrev  0x0000359c      0x3b6 ./Middlewares/Third_Party/FreeRTOS/Source/queue.o
 .debug_abbrev  0x00003952      0x3fe ./Middlewares/Third_Party/FreeRTOS/Source/tasks.o
 .debug_abbrev  0x00003d50      0x368 ./Middlewares/Third_Party/FreeRTOS/Source/timers.o
 .debug_abbrev  0x000040b8      0x25c ./Middlewares/Third_Party/FreeRTOS/Source/portable/GCC/ARM_CM4F/port.o
 .debug_abbrev  0x00004314      0x21d ./Middlewares/Third_Party/FreeRTOS/Source/portable/MemMang/heap_4.o

.debug_aranges  0x00000000     0x1520
 .debug_aranges
                0x00000000       0x98 ./Core/Src/MyRTOSTask.o
 .debug_aranges
                0x00000098       0x48 ./Core/Src/main.o
 .debug_aranges
                0x000000e0       0x20 ./Core/Src/stm32f4xx_hal_msp.o
 .debug_aranges
                0x00000100       0x38 ./Core/Src/stm32f4xx_hal_timebase_tim.o
 .debug_aranges
                0x00000138       0x70 ./Core/Src/stm32f4xx_it.o
 .debug_aranges
                0x000001a8       0xa8 ./Core/Src/syscalls.o
 .debug_aranges
                0x00000250       0x20 ./Core/Src/sysmem.o
 .debug_aranges
                0x00000270       0x28 ./Core/Src/system_stm32f4xx.o
 .debug_aranges
                0x00000298       0x68 ./Core/Src/Reader/IRQ/EncoderTask.o
 .debug_aranges
                0x00000300       0x38 ./Core/Src/Reader/IRQ/IRQTask.o
 .debug_aranges
                0x00000338       0x60 ./Core/Src/Reader/IRQ/RpmTask.o
 .debug_aranges
                0x00000398       0x50 ./Core/Src/Reader/MyPin.o
 .debug_aranges
                0x000003e8       0xa8 ./Core/Src/Reader/SensorReader.o
 .debug_aranges