Archive member included to satisfy reference by file (symbol)

C:/ST/STM32CubeIDE_1.17.0/STM32CubeIDE/plugins/com.st.stm32cube.ide.mcu.externaltools.gnu-tools-for-stm32.12.3.rel1.win32_1.1.0.202410251130/tools/bin/../lib/gcc/arm-none-eabi/12.3.1/../../../../arm-none-eabi/lib/thumb/v7e-m+fp/hard\libstdc++_nano.a(del_ops.o)
                              ./Core/Src/MyRTOSTask.o (operator delete(void*, unsigned int))
C:/ST/STM32CubeIDE_1.17.0/STM32CubeIDE/plugins/com.st.stm32cube.ide.mcu.externaltools.gnu-tools-for-stm32.12.3.rel1.win32_1.1.0.202410251130/tools/bin/../lib/gcc/arm-none-eabi/12.3.1/../../../../arm-none-eabi/lib/thumb/v7e-m+fp/hard\libstdc++_nano.a(new_op.o)
                              ./Core/Src/Reader/SensorReader.o (operator new(unsigned int))
C:/ST/STM32CubeIDE_1.17.0/STM32CubeIDE/plugins/com.st.stm32cube.ide.mcu.externaltools.gnu-tools-for-stm32.12.3.rel1.win32_1.1.0.202410251130/tools/bin/../lib/gcc/arm-none-eabi/12.3.1/../../../../arm-none-eabi/lib/thumb/v7e-m+fp/hard\libstdc++_nano.a(del_op.o)
                              C:/ST/STM32CubeIDE_1.17.0/STM32CubeIDE/plugins/com.st.stm32cube.ide.mcu.externaltools.gnu-tools-for-stm32.12.3.rel1.win32_1.1.0.202410251130/tools/bin/../lib/gcc/arm-none-eabi/12.3.1/../../../../arm-none-eabi/lib/thumb/v7e-m+fp/hard\libstdc++_nano.a(del_ops.o) (operator delete(void*))
C:/ST/STM32CubeIDE_1.17.0/STM32CubeIDE/plugins/com.st.stm32cube.ide.mcu.externaltools.gnu-tools-for-stm32.12.3.rel1.win32_1.1.0.202410251130/tools/bin/../lib/gcc/arm-none-eabi/12.3.1/../../../../arm-none-eabi/lib/thumb/v7e-m+fp/hard\libstdc++_nano.a(new_handler.o)
                              C:/ST/STM32CubeIDE_1.17.0/STM32CubeIDE/plugins/com.st.stm32cube.ide.mcu.externaltools.gnu-tools-for-stm32.12.3.rel1.win32_1.1.0.202410251130/tools/bin/../lib/gcc/arm-none-eabi/12.3.1/../../../../arm-none-eabi/lib/thumb/v7e-m+fp/hard\libstdc++_nano.a(new_op.o) (std::get_new_handler())
C:/ST/STM32CubeIDE_1.17.0/STM32CubeIDE/plugins/com.st.stm32cube.ide.mcu.externaltools.gnu-tools-for-stm32.12.3.rel1.win32_1.1.0.202410251130/tools/bin/../lib/gcc/arm-none-eabi/12.3.1/../../../../arm-none-eabi/lib/thumb/v7e-m+fp/hard\libc_nano.a(libc_a-abort.o)
                              C:/ST/STM32CubeIDE_1.17.0/STM32CubeIDE/plugins/com.st.stm32cube.ide.mcu.externaltools.gnu-tools-for-stm32.12.3.rel1.win32_1.1.0.202410251130/tools/bin/../lib/gcc/arm-none-eabi/12.3.1/../../../../arm-none-eabi/lib/thumb/v7e-m+fp/hard\libstdc++_nano.a(new_op.o) (abort)
C:/ST/STM32CubeIDE_1.17.0/STM32CubeIDE/plugins/com.st.stm32cube.ide.mcu.externaltools.gnu-tools-for-stm32.12.3.rel1.win32_1.1.0.202410251130/tools/bin/../lib/gcc/arm-none-eabi/12.3.1/../../../../arm-none-eabi/lib/thumb/v7e-m+fp/hard\libc_nano.a(libc_a-exit.o)
                              C:/ST/STM32CubeIDE_1.17.0/STM32CubeIDE/plugins/com.st.stm32cube.ide.mcu.externaltools.gnu-tools-for-stm32.12.3.rel1.win32_1.1.0.202410251130/tools/bin/../lib/gcc/arm-none-eabi/12.3.1/../../../../arm-none-eabi/lib/thumb/v7e-m+fp/hard/crt0.o (exit)
C:/ST/STM32CubeIDE_1.17.0/STM32CubeIDE/plugins/com.st.stm32cube.ide.mcu.externaltools.gnu-tools-for-stm32.12.3.rel1.win32_1.1.0.202410251130/tools/bin/../lib/gcc/arm-none-eabi/12.3.1/../../../../arm-none-eabi/lib/thumb/v7e-m+fp/hard\libc_nano.a(libc_a-malloc.o)
                              C:/ST/STM32CubeIDE_1.17.0/STM32CubeIDE/plugins/com.st.stm32cube.ide.mcu.externaltools.gnu-tools-for-stm32.12.3.rel1.win32_1.1.0.202410251130/tools/bin/../lib/gcc/arm-none-eabi/12.3.1/../../../../arm-none-eabi/lib/thumb/v7e-m+fp/hard\libstdc++_nano.a(new_op.o) (malloc)
C:/ST/STM32CubeIDE_1.17.0/STM32CubeIDE/plugins/com.st.stm32cube.ide.mcu.externaltools.gnu-tools-for-stm32.12.3.rel1.win32_1.1.0.202410251130/tools/bin/../lib/gcc/arm-none-eabi/12.3.1/../../../../arm-none-eabi/lib/thumb/v7e-m+fp/hard\libc_nano.a(libc_a-mallocr.o)
                              C:/ST/STM32CubeIDE_1.17.0/STM32CubeIDE/plugins/com.st.stm32cube.ide.mcu.externaltools.gnu-tools-for-stm32.12.3.rel1.win32_1.1.0.202410251130/tools/bin/../lib/gcc/arm-none-eabi/12.3.1/../../../../arm-none-eabi/lib/thumb/v7e-m+fp/hard\libc_nano.a(libc_a-malloc.o) (_malloc_r)
C:/ST/STM32CubeIDE_1.17.0/STM32CubeIDE/plugins/com.st.stm32cube.ide.mcu.externaltools.gnu-tools-for-stm32.12.3.rel1.win32_1.1.0.202410251130/tools/bin/../lib/gcc/arm-none-eabi/12.3.1/../../../../arm-none-eabi/lib/thumb/v7e-m+fp/hard\libc_nano.a(libc_a-mlock.o)
                              C:/ST/STM32CubeIDE_1.17.0/STM32CubeIDE/plugins/com.st.stm32cube.ide.mcu.externaltools.gnu-tools-for-stm32.12.3.rel1.win32_1.1.0.202410251130/tools/bin/../lib/gcc/arm-none-eabi/12.3.1/../../../../arm-none-eabi/lib/thumb/v7e-m+fp/hard\libc_nano.a(libc_a-mallocr.o) (__malloc_lock)
C:/ST/STM32CubeIDE_1.17.0/STM32CubeIDE/plugins/com.st.stm32cube.ide.mcu.externaltools.gnu-tools-for-stm32.12.3.rel1.win32_1.1.0.202410251130/tools/bin/../lib/gcc/arm-none-eabi/12.3.1/../../../../arm-none-eabi/lib/thumb/v7e-m+fp/hard\libc_nano.a(libc_a-nano-vfprintf_float.o)
[...]
Memory Configuration

Name             Origin             Length             Attributes
RAM              0x20000000         0x00010000         xrw
FLASH            0x08000000         0x00040000         xr
*default*        0x00000000         0xffffffff

Linker script and memory map

LOAD C:/ST/STM32CubeIDE_1.17.0/STM32CubeIDE/plugins/com.st.stm32cube.ide.mcu.externaltools.gnu-tools-for-stm32.12.3.rel1.win32_1.1.0.202410251130/tools/bin/../lib/gcc/arm-none-eabi/12.3.1/thumb/v7e-m+fp/hard/crti.o
LOAD C:/ST/STM32CubeIDE_1.17.0/STM32CubeIDE/plugins/com.st.stm32cube.ide.mcu.externaltools.gnu-tools-for-stm32.12.3.rel1.win32_1.1.0.202410251130/tools/bin/../lib/gcc/arm-none-eabi/12.3.1/thumb/v7e-m+fp/hard/crtbegin.o
LOAD C:/ST/STM32CubeIDE_1.17.0/STM32CubeIDE/plugins/com.st.stm32cube.ide.mcu.externaltools.gnu-tools-for-stm32.12.3.rel1.win32_1.1.0.202410251130/tools/bin/../lib/gcc/arm-none-eabi/12.3.1/../../../../arm-none-eabi/lib/thumb/v7e-m+fp/hard/crt0.o
LOAD ./Core/Src/Common/TimeTicker.o
LOAD ./Core/Src/Common/TimeTickerForISR.o
LOAD ./Core/Src/Model/EncodeModel.o
LOAD ./Core/Src/Model/SensorModel.o
LOAD ./Core/Src/MyRTOSTask.o
LOAD ./Core/Src/freertos.o
LOAD ./Core/Src/main.o
LOAD ./Core/Src/stm32f4xx_hal_msp.o
LOAD ./Core/Src/stm32f4xx_hal_timebase_tim.o
LOAD ./Core/Src/stm32f4xx_it.o
LOAD ./Core/Src/syscalls.o
LOAD ./Core/Src/sysmem.o
LOAD ./Core/Src/system_stm32f4xx.o
LOAD ./Core/Src/Reader/IRQ/EncoderTask.o
LOAD ./Core/Src/Reader/IRQ/IRQTask.o
LOAD ./Core/Src/Reader/IRQ/RpmTask.o
LOAD ./Core/Src/Reader/MyPin.o
LOAD ./Core/Src/Reader/SensorReader.o
LOAD ./Core/Startup/startup_stm32f401ccux.o
LOAD ./Drivers/STM32F4xx_HAL_Driver/Src/stm32f4xx_hal.o
LOAD ./Drivers/STM32F4xx_HAL_Driver/Src/stm32f4xx_hal_cortex.o
LOAD ./Drivers/STM32F4xx_HAL_Driver/Src/stm32f4xx_hal_dma.o
LOAD ./Drivers/STM32F4xx_HAL_Driver/Src/stm32f4xx_hal_dma_ex.o
LOAD ./Drivers/STM32F4xx_HAL_Driver/Src/stm32f4xx_hal_exti.o
LOAD ./Drivers/STM32F4xx_HAL_Driver/Src/stm32f4xx_hal_flash.o
LOAD ./Drivers/STM32F4xx_HAL_Driver/Src/stm32f4xx_hal_flash_ex.o
LOAD ./Drivers/STM32F4xx_HAL_Driver/Src/stm32f4xx_hal_flash_ramfunc.o
LOAD ./Drivers/STM32F4xx_HAL_Driver/Src/stm32f4xx_hal_gpio.o
LOAD ./Drivers/STM32F4xx_HAL_Driver/Src/stm32f4xx_hal_pcd.o
LOAD ./Drivers/STM32F4xx_HAL_Driver/Src/stm32f4xx_hal_pcd_ex.o
LOAD ./Drivers/STM32F4xx_HAL_Driver/Src/stm32f4xx_hal_pwr.o
LOAD ./Drivers/STM32F4xx_HAL_Driver/Src/stm32f4xx_hal_pwr_ex.o
LOAD ./Drivers/STM32F4xx_HAL_Driver/Src/stm32f4xx_hal_rcc.o
LOAD ./Drivers/STM32F4xx_HAL_Driver/Src/stm32f4xx_hal_rcc_ex.o
LOAD ./Drivers/STM32F4xx_HAL_Driver/Src/stm32f4xx_hal_tim.o
LOAD ./Drivers/STM32F4xx_HAL_Driver/Src/stm32f4xx_hal_tim_ex.o
LOAD ./Drivers/STM32F4xx_HAL_Driver/Src/stm32f4xx_ll_usb.o
LOAD ./Middlewares/ST/STM32_USB_Device_Library/Class/CDC/Src/usbd_cdc.o
LOAD ./Middlewares/ST/STM32_USB_Device_Library/Core/Src/usbd_core.o
LOAD ./Middlewares/ST/STM32_USB_Device_Library/Core/Src/usbd_ctlreq.o
LOAD ./Middlewares/ST/STM32_USB_Device_Library/Core/Src/usbd_ioreq.o
LOAD ./Middlewares/Third_Party/FreeRTOS/Source/CMSIS_RTOS_V2/cmsis_os2.o
LOAD ./Middlewares/Third_Party/FreeRTOS/Source/croutine.o
LOAD ./Middlewares/Third_Party/FreeRTOS/Source/event_groups.o
LOAD ./Middlewares/Third_Party/FreeRTOS/Source/list.o
LOAD ./Middlewares/Third_Party/FreeRTOS/Source/queue.o
LOAD ./Middlewares/Third_Party/FreeRTOS/Source/stream_buffer.o
LOAD ./Middlewares/Third_Party/FreeRTOS/Source/tasks.o
LOAD ./Middlewares/Third_Party/FreeRTOS/Source/timers.o
LOAD ./Middlewares/Third_Party/FreeRTOS/Source/portable/GCC/ARM_CM4F/port.o
LOAD ./Middlewares/Third_Party/FreeRTOS/Source/portable/MemMang/heap_4.o
LOAD ./USB_DEVICE/App/usb_device.o
LOAD ./USB_DEVICE/App/usbd_cdc_if.o
LOAD ./USB_DEVICE/App/usbd_desc.o
LOAD ./USB_DEVICE/Target/usbd_conf.o
START GROUP
LOAD C:/ST/STM32CubeIDE_1.17.0/STM32CubeIDE/plugins/com.st.stm32cube.ide.mcu.externaltools.gnu-tools-for-stm32.12.3.rel1.win32_1.1.0.202410251130/tools/bin/../lib/gcc/arm-none-eabi/12.3.1/../../../../arm-none-eabi/lib/thumb/v7e-m+fp/hard\libstdc++_nano.a
LOAD C:/ST/STM32CubeIDE_1.17.0/STM32CubeIDE/plugins/com.st.stm32cube.ide.mcu.externaltools.gnu-tools-for-stm32.12.3.rel1.win32_1.1.0.202410251130/tools/bin/../lib/gcc/arm-none-eabi/12.3.1/../../../../arm-none-eabi/lib/thumb/v7e-m+fp/hard\libsupc++_nano.a
END GROUP
LOAD C:/ST/STM32CubeIDE_1.17.0/STM32CubeIDE/plugins/com.st.stm32cube.ide.mcu.externaltools.gnu-tools-for-stm32.12.3.rel1.win32_1.1.0.202410251130/tools/bin/../lib/gcc/arm-none-eabi/12.3.1/../../../../arm-none-eabi/lib/thumb/v7e-m+fp/hard\libstdc++_nano.a
LOAD C:/ST/STM32CubeIDE_1.17.0/STM32CubeIDE/plugins/com.st.stm32cube.ide.mcu.externaltools.gnu-tools-for-stm32.12.3.rel1.win32_1.1.0.202410251130/tools/bin/../lib/gcc/arm-none-eabi/12.3.1/../../../../arm-none-eabi/lib/thumb/v7e-m+fp/hard\libm.a
LOAD C:/ST/STM32CubeIDE_1.17.0/STM32CubeIDE/plugins/com.st.stm32cube.ide.mcu.externaltools.gnu-tools-for-stm32.12.3.rel1.win32_1.1.0.202410251130/tools/bin/../lib/gcc/arm-none-eabi/12.3.1/../../../../arm-none-eabi/lib/thumb/v7e-m+fp/hard\libc_nano.a
START GROUP
LOAD C:/ST/STM32CubeIDE_1.17.0/STM32CubeIDE/plugins/com.st.stm32cube.ide.mcu.externaltools.gnu-tools-for-stm32.12.3.rel1.win32_1.1.0.202410251130/tools/bin/../lib/gcc/arm-none-eabi/12.3.1/thumb/v7e-m+fp/hard\libgcc.a
LOAD C:/ST/STM32CubeIDE_1.17.0/STM32CubeIDE/plugins/com.st.stm32cube.ide.mcu.externaltools.gnu-tools-for-stm32.12.3.rel1.win32_1.1.0.202410251130/tools/bin/../lib/gcc/arm-none-eabi/12.3.1/../../../../arm-none-eabi/lib/thumb/v7e-m+fp/hard\libc_nano.a
END GROUP
START GROUP
LOAD C:/ST/STM32CubeIDE_1.17.0/STM32CubeIDE/plugins/com.st.stm32cube.ide.mcu.externaltools.gnu-tools-for-stm32.12.3.rel1.win32_1.1.0.202410251130/tools/bin/../lib/gcc/arm-none-eabi/12.3.1/thumb/v7e-m+fp/hard\libgcc.a
LOAD C:/ST/STM32CubeIDE_1.17.0/STM32CubeIDE/plugins/com.st.stm32cube.ide.mcu.externaltools.gnu-tools-for-stm32.12.3.rel1.win32_1.1.0.202410251130/tools/bin/../lib/gcc/arm-none-eabi/12.3.1/../../../../arm-none-eabi/lib/thumb/v7e-m+fp/hard\libc_nano.a
LOAD C:/ST/STM32CubeIDE_1.17.0/STM32CubeIDE/plugins/com.st.stm32cube.ide.mcu.externaltools.gnu-tools-for-stm32.12.3.rel1.win32_1.1.0.202410251130/tools/bin/../lib/gcc/arm-none-eabi/12.3.1/../../../../arm-none-eabi/lib/thumb/v7e-m+fp/hard\libnosys.a
END GROUP
START GROUP
LOAD C:/ST/STM32CubeIDE_1.17.0/STM32CubeIDE/plugins/com.st.stm32cube.ide.mcu.externaltools.gnu-tools-for-stm32.12.3.rel1.win32_1.1.0.202410251130/tools/bin/../lib/gcc/arm-none-eabi/12.3.1/thumb/v7e-m+fp/hard\libgcc.a
LOAD C:/ST/STM32CubeIDE_1.17.0/STM32CubeIDE/plugins/com.st.stm32cube.ide.mcu.externaltools.gnu-tools-for-stm32.12.3.rel1.win32_1.1.0.202410251130/tools/bin/../lib/gcc/arm-none-eabi/12.3.1/../../../../arm-none-eabi/lib/thumb/v7e-m+fp/hard\libc_nano.a
LOAD C:/ST/STM32CubeIDE_1.17.0/STM32CubeIDE/plugins/com.st.stm32cube.ide.mcu.externaltools.gnu-tools-for-stm32.12.3.rel1.win32_1.1.0.202410251130/tools/bin/../lib/gcc/arm-none-eabi/12.3.1/../../../../arm-none-eabi/lib/thumb/v7e-m+fp/hard\libnosys.a
END GROUP
LOAD C:/ST/STM32CubeIDE_1.17.0/STM32CubeIDE/plugins/com.st.stm32cube.ide.mcu.externaltools.gnu-tools-for-stm32.12.3.rel1.win32_1.1.0.202410251130/tools/bin/../lib/gcc/arm-none-eabi/12.3.1/thumb/v7e-m+fp/hard/crtend.o
LOAD C:/ST/STM32CubeIDE_1.17.0/STM32CubeIDE/plugins/com.st.stm32cube.ide.mcu.externaltools.gnu-tools-for-stm32.12.3.rel1.win32_1.1.0.202410251130/tools/bin/../lib/gcc/arm-none-eabi/12.3.1/thumb/v7e-m+fp/hard/crtn.o
                0x20010000                        _estack = (ORIGIN (RAM) + LENGTH (RAM))
                0x00000200                        _Min_Heap_Size = 0x200
                0x00000400                        _Min_Stack_Size = 0x400

.isr_vector     0x08000000      0x194
                0x08000000                        . = ALIGN (0x4)
 *(.isr_vector)
 .isr_vector    0x08000000      0x194 ./Core/Startup/startup_stm32f401ccux.o
                0x08000000                g_pfnVectors
                0x08000194                        . = ALIGN (0x4)

.text           0x080001a0     0xf66c
                0x080001a0                        . = ALIGN (0x4)
 *(.text)
 .text          0x080001a0       0x40 C:/ST/STM32CubeIDE_1.17.0/STM32CubeIDE/plugins/com.st.stm32cube.ide.mcu.externaltools.gnu-tools-for-stm32.12.3.rel1.win32_1.1.0.202410251130/tools/bin/../lib/gcc/arm-none-eabi/12.3.1/thumb/v7e-m+fp/hard/crtbegin.o
 .text          0x080001e0       0xa0 C:/ST/STM32CubeIDE_1.17.0/STM32CubeIDE/plugins/com.st.stm32cube.ide.mcu.externaltools.gnu-tools-for-stm32.12.3.rel1.win32_1.1.0.202410251130/tools/bin/../lib/gcc/arm-none-eabi/12.3.1/../../../../arm-none-eabi/lib/thumb/v7e-m+fp/hard\libc_nano.a(libc_a-memchr.o)
                0x080001e0                memchr
 .text          0x08000280       0x10 C:/ST/STM32CubeIDE_1.17.0/STM32CubeIDE/plugins/com.st.stm32cube.ide.mcu.externaltools.gnu-tools-for-stm32.12.3.rel1.win32_1.1.0.202410251130/tools/bin/../lib/gcc/arm-none-eabi/12.3.1/../../../../arm-none-eabi/lib/thumb/v7e-m+fp/hard\libc_nano.a(libc_a-strlen.o)
                0x08000280                strlen
 .text          0x08000290      0x378 C:/ST/STM32CubeIDE_1.17.0/STM32CubeIDE/plugins/com.st.stm32cube.ide.mcu.externaltools.gnu-tools-for-stm32.12.3.rel1.win32_1.1.0.202410251130/tools/bin/../lib/gcc/arm-none-eabi/12.3.1/thumb/v7e-m+fp/hard\libgcc.a(_arm_addsubdf3.o)
                0x08000290                __aeabi_drsub
                0x08000298                __aeabi_dsub
                0x08000298                __subdf3
                0x0800029c                __aeabi_dadd
                0x0800029c                __adddf3
                0x08000514                __floatunsidf
                0x08000514                __aeabi_ui2d
                0x08000534                __floatsidf
                0x08000534                __aeabi_i2d
                0x08000558                __aeabi_f2d
                0x08000558                __extendsfdf2
                0x0800059c                __floatundidf
                0x0800059c                __aeabi_ul2d
                0x080005ac                __floatdidf
                0x080005ac                __aeabi_l2d
 .text          0x08000608      0x424 C:/ST/STM32CubeIDE_1.17.0/STM32CubeIDE/plugins/com.st.stm32cube.ide.mcu.externaltools.gnu-tools-for-stm32.12.3.rel1.win32_1.1.0.202410251130/tools/bin/../lib/gcc/arm-none-eabi/12.3.1/thumb/v7e-m+fp/hard\libgcc.a(_arm_muldivdf3.o)
                0x08000608                __aeabi_dmul
                0x08000608                __muldf3
                0x0800085c                __divdf3
                0x0800085c                __aeabi_ddiv
 .text          0x08000a2c      0x110 C:/ST/STM32CubeIDE_1.17.0/STM32CubeIDE/plugins/com.st.stm32cube.ide.mcu.externaltools.gnu-tools-for-stm32.12.3.rel1.win32_1.1.0.202410251130/tools/bin/../lib/gcc/arm-none-eabi/12.3.1/thumb/v7e-m+fp/hard\libgcc.a(_arm_cmpdf2.o)
                0x08000a2c                __gtdf2
                0x08000a2c                __gedf2
                0x08000a34                __ltdf2
                0x08000a34                __ledf2
                0x08000a3c                __nedf2
                0x08000a3c                __eqdf2
                0x08000a3c                __cmpdf2
                0x08000ab8                __aeabi_cdrcmple
                0x08000ac8                __aeabi_cdcmpeq
                0x08000ac8                __aeabi_cdcmple
                0x08000ad8                __aeabi_dcmpeq
                0x08000aec                __aeabi_dcmplt
                0x08000b00                __aeabi_dcmple
                0x08000b14                __aeabi_dcmpge
                0x08000b28                __aeabi_dcmpgt
 .text          0x08000b3c       0x2c C:/ST/STM32CubeIDE_1.17.0/STM32CubeIDE/plugins/com.st.stm32cube.ide.mcu.externaltools.gnu-tools-for-stm32.12.3.rel1.win32_1.1.0.202410251130/tools/bin/../lib/gcc/arm-none-eabi/12.3.1/thumb/v7e-m+fp/hard\libgcc.a(_arm_unorddf2.o)
                0x08000b3c                __unorddf2
                0x08000b3c                __aeabi_dcmpun
 .text          0x08000b68       0x50 C:/ST/STM32CubeIDE_1.17.0/STM32CubeIDE/plugins/com.st.stm32cube.ide.mcu.externaltools.gnu-tools-for-stm32.12.3.rel1.win32_1.1.0.202410251130/tools/bin/../lib/gcc/arm-none-eabi/12.3.1/thumb/v7e-m+fp/hard\libgcc.a(_arm_fixdfsi.o)
                0x08000b68                __aeabi_d2iz
                0x08000b68                __fixdfsi
 .text          0x08000bb8       0xa0 C:/ST/STM32CubeIDE_1.17.0/STM32CubeIDE/plugins/com.st.stm32cube.ide.mcu.externaltools.gnu-tools-for-stm32.12.3.rel1.win32_1.1.0.202410251130/tools/bin/../lib/gcc/arm-none-eabi/12.3.1/thumb/v7e-m+fp/hard\libgcc.a(_arm_truncdfsf2.o)
                0x08000bb8                __truncdfsf2
                0x08000bb8                __aeabi_d2f
 .text          0x08000c58       0x30 C:/ST/STM32CubeIDE_1.17.0/STM32CubeIDE/plugins/com.st.stm32cube.ide.mcu.externaltools.gnu-tools-for-stm32.12.3.rel1.win32_1.1.0.202410251130/tools/bin/../lib/gcc/arm-none-eabi/12.3.1/thumb/v7e-m+fp/hard\libgcc.a(_aeabi_uldivmod.o)
                0x08000c58                __aeabi_uldivmod
 .text          0x08000c88      0x2bc C:/ST/STM32CubeIDE_1.17.0/STM32CubeIDE/plugins/com.st.stm32cube.ide.mcu.externaltools.gnu-tools-for-stm32.12.3.rel1.win32_1.1.0.202410251130/tools/bin/../lib/gcc/arm-none-eabi/12.3.1/thumb/v7e-m+fp/hard\libgcc.a(_udivmoddi4.o)
                0x08000c88                __udivmoddi4
 .text          0x08000f44        0x4 C:/ST/STM32CubeIDE_1.17.0/STM32CubeIDE/plugins/com.st.stm32cube.ide.mcu.externaltools.gnu-tools-for-stm32.12.3.rel1.win32_1.1.0.202410251130/tools/bin/../lib/gcc/arm-none-eabi/12.3.1/thumb/v7e-m+fp/hard\libgcc.a(_dvmd_tls.o)
                0x08000f44                __aeabi_idiv0
                0x08000f44                __aeabi_ldiv0
 *(.text*)
 .text._ZN10TimeTickerC2Em
                0x08000f48       0x30 ./Core/Src/Common/TimeTicker.o
                0x08000f48                TimeTicker::TimeTicker(unsigned long)
                0x08000f48                TimeTicker::TimeTicker(unsigned long)
 .text._ZN10TimeTicker16getCurrentTimeMSEv
                0x08000f78       0x2c ./Core/Src/Common/TimeTicker.o
                0x08000f78                TimeTicker::getCurrentTimeMS()
 .text._ZN10TimeTicker8getDeltaEv
                0x08000fa4       0x34 ./Core/Src/Common/TimeTicker.o
                0x08000fa4                TimeTicker::getDelta()
 .text._ZNK10TimeTicker12getDelayTimeEv
                0x08000fd8       0x18 ./Core/Src/Common/TimeTicker.o
                0x08000fd8                TimeTicker::getDelayTime() const
 .text._ZN10TimeTicker5resetEv
                0x08000ff0       0x20 ./Core/Src/Common/TimeTicker.o
                0x08000ff0                TimeTicker::reset()
 .text._ZN10TimeTicker6onTimeEv
                0x08001010       0x26 ./Core/Src/Common/TimeTicker.o
                0x08001010                TimeTicker::onTime()
 .text._ZN11EncodeModelC2Ev
                0x08001036       0x2c ./Core/Src/Model/EncodeModel.o
                0x08001036                EncodeModel::EncodeModel()
                0x08001036                EncodeModel::EncodeModel()
 .text._ZNK11EncodeModel11getDistanceEv
                0x08001062       0x1e ./Core/Src/Model/EncodeModel.o
                0x08001062                EncodeModel::getDistance() const
 .text._ZNK11EncodeModel8getSpeedEv
                0x08001080       0x1e ./Core/Src/Model/EncodeModel.o
                0x08001080                EncodeModel::getSpeed() const
 .text._ZN11EncodeModel11setDistanceEf
                0x0800109e       0x1e ./Core/Src/Model/EncodeModel.o
                0x0800109e                EncodeModel::setDistance(float)
 .text._ZN11EncodeModel8setSpeedEf
                0x080010bc       0x1e ./Core/Src/Model/EncodeModel.o
                0x080010bc                EncodeModel::setSpeed(float)
 .text._ZN11EncodeModel12setCarStatusE9CarStatus
                0x080010da       0x1e ./Core/Src/Model/EncodeModel.o
                0x080010da                EncodeModel::setCarStatus(CarStatus)
 .text._ZN11SensorModelC2Ev
                0x080010f8       0x58 ./Core/Src/Model/SensorModel.o
                0x080010f8                SensorModel::SensorModel()
                0x080010f8                SensorModel::SensorModel()
 .text._ZN11SensorModel5setAtEb
                0x08001150       0x1e ./Core/Src/Model/SensorModel.o
                0x08001150                SensorModel::setAt(bool)
 .text._ZNK11SensorModel14getEncodeModelEv
                0x0800116e       0x18 ./Core/Src/Model/SensorModel.o
                0x0800116e                SensorModel::getEncodeModel() const
 .text._ZN11SensorModel14setEncodeModelEP11EncodeModel
                0x08001186       0x1c ./Core/Src/Model/SensorModel.o
                0x08001186                SensorModel::setEncodeModel(EncodeModel*)
 .text._ZN11SensorModel5setCmEb
                0x080011a2       0x1e ./Core/Src/Model/SensorModel.o
                0x080011a2                SensorModel::setCm(bool)
 .text._ZN11SensorModel7setGearEh
                0x080011c0       0x1e ./Core/Src/Model/SensorModel.o
                0x080011c0                SensorModel::setGear(unsigned char)
 .text._ZN11SensorModel5setNpEb
                0x080011de       0x1e ./Core/Src/Model/SensorModel.o
                0x080011de                SensorModel::setNp(bool)
 .text._ZN11SensorModel5setNtEb
                0x080011fc       0x1e ./Core/Src/Model/SensorModel.o
                0x080011fc                SensorModel::setNt(bool)
 .text._ZN11SensorModel5setPtEb
                0x0800121a       0x1e ./Core/Src/Model/SensorModel.o
                0x0800121a                SensorModel::setPt(bool)
 .text._ZNK11SensorModel6getRpmEv
                0x08001238       0x18 ./Core/Src/Model/SensorModel.o
                0x08001238                SensorModel::getRpm() const
 .text._ZN11SensorModel6setRpmEt
                0x08001250       0x1e ./Core/Src/Model/SensorModel.o
                0x08001250                SensorModel::setRpm(unsigned short)
 .text._ZN11SensorModel5setT1Eb
                0x0800126e       0x1e ./Core/Src/Model/SensorModel.o
                0x0800126e                SensorModel::setT1(bool)
 .text._ZN11SensorModel5setT2Eb
                0x0800128c       0x1e ./Core/Src/Model/SensorModel.o
                0x0800128c                SensorModel::setT2(bool)
 .text._ZN11SensorModel5setT3Eb
                0x080012aa       0x1e ./Core/Src/Model/SensorModel.o
                0x080012aa                SensorModel::setT3(bool)
 .text._ZN10MyRTOSTaskC2EPKcPFvPvES2_tm
                0x080012c8       0x50 ./Core/Src/MyRTOSTask.o
                0x080012c8                MyRTOSTask::MyRTOSTask(char const*, void (*)(void*), void*, unsigned short, unsigned long)
                0x080012c8                MyRTOSTask::MyRTOSTask(char const*, void (*)(void*), void*, unsigned short, unsigned long)
 .text._ZN10MyRTOSTaskD2Ev
                0x08001318       0x3c ./Core/Src/MyRTOSTask.o
                0x08001318                MyRTOSTask::~MyRTOSTask()
                0x08001318                MyRTOSTask::~MyRTOSTask()
 .text._ZN10MyRTOSTaskD0Ev
                0x08001354       0x20 ./Core/Src/MyRTOSTask.o
                0x08001354                MyRTOSTask::~MyRTOSTask()
 .text._ZN10MyRTOSTask5delayEm
                0x08001374       0x30 ./Core/Src/MyRTOSTask.o
                0x08001374                MyRTOSTask::delay(unsigned long)
 .text._ZN10MyRTOSTask3runEv
                0x080013a4       0x24 ./Core/Src/MyRTOSTask.o
                0x080013a4                MyRTOSTask::run()
 .text._ZN10MyRTOSTask12taskFunctionEPv
                0x080013c8       0x24 ./Core/Src/MyRTOSTask.o
                0x080013c8                MyRTOSTask::taskFunction(void*)
 .text._ZN10MyRTOSTask5startEv
                0x080013ec       0x48 ./Core/Src/MyRTOSTask.o
                0x080013ec                MyRTOSTask::start()
 .text._ZN10MyRTOSTask4stopEv
                0x08001434       0x2e ./Core/Src/MyRTOSTask.o
                0x08001434                MyRTOSTask::stop()
 *fill*         0x08001462        0x2 
 .text.main     0x08001464       0x4c ./Core/Src/main.o
                0x08001464                main
 .text._Z18SystemClock_Configv
                0x080014b0       0xec ./Core/Src/main.o
                0x080014b0                SystemClock_Config()
 .text._ZL12MX_GPIO_Initv
                0x0800159c      0x144 ./Core/Src/main.o
 .text._Z16StartDefaultTaskPv
                0x080016e0       0xc0 ./Core/Src/main.o
                0x080016e0                StartDefaultTask(void*)
 .text.HAL_TIM_PeriodElapsedCallback
                0x080017a0       0x24 ./Core/Src/main.o
                0x080017a0                HAL_TIM_PeriodElapsedCallback
 .text.Error_Handler
                0x080017c4        0xc ./Core/Src/main.o
                0x080017c4                Error_Handler
 .text.HAL_MspInit
                0x080017d0       0x58 ./Core/Src/stm32f4xx_hal_msp.o
                0x080017d0                HAL_MspInit
 .text.HAL_InitTick
                0x08001828       0xf0 ./Core/Src/stm32f4xx_hal_timebase_tim.o
                0x08001828                HAL_InitTick
 .text.TimeBase_TIM_PeriodElapsedCallback
                0x08001918       0x14 ./Core/Src/stm32f4xx_hal_timebase_tim.o
                0x08001918                TimeBase_TIM_PeriodElapsedCallback
 .text.NMI_Handler
                0x0800192c        0x8 ./Core/Src/stm32f4xx_it.o
                0x0800192c                NMI_Handler
 .text.HardFault_Handler
                0x08001934        0x8 ./Core/Src/stm32f4xx_it.o
                0x08001934                HardFault_Handler
 .text.MemManage_Handler
                0x0800193c        0x8 ./Core/Src/stm32f4xx_it.o
                0x0800193c                MemManage_Handler
 .text.BusFault_Handler
                0x08001944        0x8 ./Core/Src/stm32f4xx_it.o
                0x08001944                BusFault_Handler
 .text.UsageFault_Handler
                0x0800194c        0x8 ./Core/Src/stm32f4xx_it.o
                0x0800194c                UsageFault_Handler
 .text.DebugMon_Handler
                0x08001954        0xe ./Core/Src/stm32f4xx_it.o
                0x08001954                DebugMon_Handler
 .text.EXTI0_IRQHandler
                0x08001962        0xe ./Core/Src/stm32f4xx_it.o
                0x08001962                EXTI0_IRQHandler
 .text.EXTI1_IRQHandler
                0x08001970        0xe ./Core/Src/stm32f4xx_it.o
                0x08001970                EXTI1_IRQHandler
 .text.EXTI2_IRQHandler
                0x0800197e        0xe ./Core/Src/stm32f4xx_it.o
                0x0800197e                EXTI2_IRQHandler
 .text.TIM1_UP_TIM10_IRQHandler
                0x0800198c       0x14 ./Core/Src/stm32f4xx_it.o
                0x0800198c                TIM1_UP_TIM10_IRQHandler
 .text.OTG_FS_IRQHandler
                0x080019a0       0x14 ./Core/Src/stm32f4xx_it.o
                0x080019a0                OTG_FS_IRQHandler
 .text._getpid  0x080019b4       0x10 ./Core/Src/syscalls.o
                0x080019b4                _getpid
 .text._kill    0x080019c4       0x20 ./Core/Src/syscalls.o
                0x080019c4                _kill
 .text._exit    0x080019e4       0x16 ./Core/Src/syscalls.o
                0x080019e4                _exit
 .text._read    0x080019fa       0x3a ./Core/Src/syscalls.o
                0x080019fa                _read
 .text._write   0x08001a34       0x38 ./Core/Src/syscalls.o
                0x08001a34                _write
 .text._close   0x08001a6c       0x18 ./Core/Src/syscalls.o
                0x08001a6c                _close
 .text._fstat   0x08001a84       0x20 ./Core/Src/syscalls.o
                0x08001a84                _fstat
 .text._isatty  0x08001aa4       0x16 ./Core/Src/syscalls.o
                0x08001aa4                _isatty
 .text._lseek   0x08001aba       0x1a ./Core/Src/syscalls.o
                0x08001aba                _lseek
 .text._sbrk    0x08001ad4       0x6c ./Core/Src/sysmem.o
                0x08001ad4                _sbrk
 .text.SystemInit
                0x08001b40       0x24 ./Core/Src/system_stm32f4xx.o
                0x08001b40                SystemInit
 .text._ZN7IRQTaskD2Ev
                0x08001b64       0x24 ./Core/Src/Reader/IRQ/EncoderTask.o
                0x08001b64                IRQTask::~IRQTask()
                0x08001b64                IRQTask::~IRQTask()
 .text._ZN7IRQTaskD0Ev
                0x08001b88       0x20 ./Core/Src/Reader/IRQ/EncoderTask.o
                0x08001b88                IRQTask::~IRQTask()
 .text._ZN11EncoderTaskC2Ed
                0x08001ba8       0xac ./Core/Src/Reader/IRQ/EncoderTask.o
                0x08001ba8                EncoderTask::EncoderTask(double)
                0x08001ba8                EncoderTask::EncoderTask(double)
 .text._ZN11EncoderTask9isExactlyEt
                0x08001c54       0x8a ./Core/Src/Reader/IRQ/EncoderTask.o
                0x08001c54                EncoderTask::isExactly(unsigned short)
 .text._ZN11EncoderTask12taskCallbackEv
                0x08001cde       0x64 ./Core/Src/Reader/IRQ/EncoderTask.o
                0x08001cde                EncoderTask::taskCallback()
 *fill*         0x08001d42        0x6 
 .text._ZN11EncoderTask15getEncoderModelEv
                0x08001d48      0x1e0 ./Core/Src/Reader/IRQ/EncoderTask.o
                0x08001d48                EncoderTask::getEncoderModel()
 .text._ZN11EncoderTaskD2Ev
                0x08001f28       0x24 ./Core/Src/Reader/IRQ/EncoderTask.o
                0x08001f28                EncoderTask::~EncoderTask()
                0x08001f28                EncoderTask::~EncoderTask()
 .text._ZN11EncoderTaskD0Ev
                0x08001f4c       0x20 ./Core/Src/Reader/IRQ/EncoderTask.o
                0x08001f4c                EncoderTask::~EncoderTask()
 .text._ZN7IRQTaskC2EPKcPFvPvES2_tm
                0x08001f6c       0x48 ./Core/Src/Reader/IRQ/IRQTask.o
                0x08001f6c                IRQTask::IRQTask(char const*, void (*)(void*), void*, unsigned short, unsigned long)
                0x08001f6c                IRQTask::IRQTask(char const*, void (*)(void*), void*, unsigned short, unsigned long)
 .text._ZN7IRQTask17interruptCallbackEt
                0x08001fb4       0x58 ./Core/Src/Reader/IRQ/IRQTask.o
                0x08001fb4                IRQTask::interruptCallback(unsigned short)
 .text._ZN7IRQTask12taskCallbackEv
                0x0800200c       0x24 ./Core/Src/Reader/IRQ/IRQTask.o
                0x0800200c                IRQTask::taskCallback()
 .text._ZN7IRQTask3runEv
                0x08002030       0x34 ./Core/Src/Reader/IRQ/IRQTask.o
                0x08002030                IRQTask::run()
 .text._ZN7RpmTaskC2Et
                0x08002064       0x78 ./Core/Src/Reader/IRQ/RpmTask.o
                0x08002064                RpmTask::RpmTask(unsigned short)
                0x08002064                RpmTask::RpmTask(unsigned short)
 .text._ZN7RpmTask9isExactlyEt
                0x080020dc       0x3e ./Core/Src/Reader/IRQ/RpmTask.o
                0x080020dc                RpmTask::isExactly(unsigned short)
 *fill*         0x0800211a        0x6 
 .text._ZN7RpmTask8getValueEv
                0x08002120       0xb8 ./Core/Src/Reader/IRQ/RpmTask.o
                0x08002120                RpmTask::getValue()
 .text._ZN7RpmTask12taskCallbackEv
                0x080021d8       0x1e ./Core/Src/Reader/IRQ/RpmTask.o
                0x080021d8                RpmTask::taskCallback()
 *fill*         0x080021f6        0x2 
 .text._ZN7RpmTaskD2Ev
                0x080021f8       0x24 ./Core/Src/Reader/IRQ/RpmTask.o
                0x080021f8                RpmTask::~RpmTask()
                0x080021f8                RpmTask::~RpmTask()
 .text._ZN7RpmTaskD0Ev
                0x0800221c       0x20 ./Core/Src/Reader/IRQ/RpmTask.o
                0x0800221c                RpmTask::~RpmTask()
 .text._ZN5MyPinC2EP12GPIO_TypeDeftm
                0x0800223c       0x32 ./Core/Src/Reader/MyPin.o
                0x0800223c                MyPin::MyPin(GPIO_TypeDef*, unsigned short, unsigned long)
                0x0800223c                MyPin::MyPin(GPIO_TypeDef*, unsigned short, unsigned long)
 .text._ZN5MyPin8equalPinEt
                0x0800226e       0x28 ./Core/Src/Reader/MyPin.o
                0x0800226e                MyPin::equalPin(unsigned short)
 .text._ZN5MyPin21isValueWithHoldSignalEb
                0x08002296       0x44 ./Core/Src/Reader/MyPin.o
                0x08002296                MyPin::isValueWithHoldSignal(bool)
 .text._ZN5MyPin9readValueEv
                0x080022da       0x44 ./Core/Src/Reader/MyPin.o
                0x080022da                MyPin::readValue()
 .text._ZN5MyPin21readValueWithDebounceEb
                0x0800231e       0xa2 ./Core/Src/Reader/MyPin.o
                0x0800231e                MyPin::readValueWithDebounce(bool)
 .text._ZN12SensorReaderC2Ev
                0x080023c0      0x158 ./Core/Src/Reader/SensorReader.o
                0x080023c0                SensorReader::SensorReader()
                0x080023c0                SensorReader::SensorReader()
 .text._ZN12SensorReaderD2Ev
                0x08002518       0x3c ./Core/Src/Reader/SensorReader.o
                0x08002518                SensorReader::~SensorReader()
                0x08002518                SensorReader::~SensorReader()
 .text._ZN12SensorReaderD0Ev
                0x08002554       0x22 ./Core/Src/Reader/SensorReader.o
                0x08002554                SensorReader::~SensorReader()
 .text._ZN12SensorReader15handleInterruptEt
                0x08002576       0x34 ./Core/Src/Reader/SensorReader.o
                0x08002576                SensorReader::handleInterrupt(unsigned short)
 .text._ZNK12SensorReader14getSensorModelEv
                0x080025aa       0x1a ./Core/Src/Reader/SensorReader.o
                0x080025aa                SensorReader::getSensorModel() const
 .text._ZN12SensorReader11getInstanceEv
                0x080025c4       0x7c ./Core/Src/Reader/SensorReader.o
                0x080025c4                SensorReader::getInstance()
 .text._ZN12SensorReader13getGearNumberEv
                0x08002640       0xaa ./Core/Src/Reader/SensorReader.o
                0x08002640                SensorReader::getGearNumber()
 *fill*         0x080026ea        0x2 
 .text._ZN12SensorReader3runEv
                0x080026ec      0x1cc ./Core/Src/Reader/SensorReader.o
                0x080026ec                SensorReader::run()
 .text._ZN12SensorReader4stopEv
                0x080028b8       0x30 ./Core/Src/Reader/SensorReader.o
                0x080028b8                SensorReader::stop()
 .text.HAL_GPIO_EXTI_Callback
                0x080028e8       0x22 ./Core/Src/Reader/SensorReader.o
                0x080028e8                HAL_GPIO_EXTI_Callback
 *fill*         0x0800290a        0x2 
 .text.Reset_Handler
                0x0800290c       0x50 ./Core/Startup/startup_stm32f401ccux.o
                0x0800290c                Reset_Handler
 .text.Default_Handler
                0x0800295c        0x2 ./Core/Startup/startup_stm32f401ccux.o
                0x0800295c                RTC_Alarm_IRQHandler
                0x0800295c                SPI4_IRQHandler
                0x0800295c                TIM1_CC_IRQHandler
                0x0800295c                DMA2_Stream5_IRQHandler
                0x0800295c                DMA1_Stream5_IRQHandler
                0x0800295c                PVD_IRQHandler
                0x0800295c                SDIO_IRQHandler
                0x0800295c                TAMP_STAMP_IRQHandler
                0x0800295c                EXTI3_IRQHandler
                0x0800295c                I2C3_ER_IRQHandler
                0x0800295c                I2C2_EV_IRQHandler
                0x0800295c                DMA1_Stream2_IRQHandler
                0x0800295c                FPU_IRQHandler
                0x0800295c                DMA2_Stream2_IRQHandler
                0x0800295c                SPI1_IRQHandler
                0x0800295c                TIM1_BRK_TIM9_IRQHandler
                0x0800295c                DMA2_Stream3_IRQHandler
                0x0800295c                USART6_IRQHandler
                0x0800295c                DMA2_Stream0_IRQHandler
                0x0800295c                TIM4_IRQHandler
                0x0800295c                I2C1_EV_IRQHandler
                0x0800295c                DMA1_Stream6_IRQHandler
                0x0800295c                DMA1_Stream1_IRQHandler
                0x0800295c                TIM3_IRQHandler
                0x0800295c                RCC_IRQHandler
                0x0800295c                Default_Handler
                0x0800295c                EXTI15_10_IRQHandler
                0x0800295c                ADC_IRQHandler
                0x0800295c                DMA1_Stream7_IRQHandler
                0x0800295c                TIM5_IRQHandler
                0x0800295c                DMA2_Stream7_IRQHandler
                0x0800295c                I2C3_EV_IRQHandler
                0x0800295c                EXTI9_5_IRQHandler
                0x0800295c                RTC_WKUP_IRQHandler
                0x0800295c                SPI2_IRQHandler
                0x0800295c                DMA1_Stream0_IRQHandler
                0x0800295c                EXTI4_IRQHandler
                0x0800295c                WWDG_IRQHandler
                0x0800295c                TIM2_IRQHandler
                0x0800295c                OTG_FS_WKUP_IRQHandler
                0x0800295c                TIM1_TRG_COM_TIM11_IRQHandler
                0x0800295c                USART2_IRQHandler
                0x0800295c                I2C2_ER_IRQHandler
                0x0800295c                DMA2_Stream1_IRQHandler
                0x0800295c                FLASH_IRQHandler
                0x0800295c                DMA2_Stream4_IRQHandler
                0x0800295c                USART1_IRQHandler
                0x0800295c                SPI3_IRQHandler
                0x0800295c                DMA1_Stream4_IRQHandler
                0x0800295c                I2C1_ER_IRQHandler
                0x0800295c                DMA2_Stream6_IRQHandler
                0x0800295c                DMA1_Stream3_IRQHandler
 *fill*         0x0800295e        0x2 
 .text.HAL_Init
                0x08002960       0x44 ./Drivers/STM32F4xx_HAL_Driver/Src/stm32f4xx_hal.o
                0x08002960                HAL_Init
 .text.HAL_IncTick
                0x080029a4       0x28 ./Drivers/STM32F4xx_HAL_Driver/Src/stm32f4xx_hal.o
                0x080029a4                HAL_IncTick
 .text.HAL_GetTick
                0x080029cc       0x18 ./Drivers/STM32F4xx_HAL_Driver/Src/stm32f4xx_hal.o
                0x080029cc                HAL_GetTick
 .text.HAL_Delay
                0x080029e4       0x48 ./Drivers/STM32F4xx_HAL_Driver/Src/stm32f4xx_hal.o
                0x080029e4                HAL_Delay
 .text.__NVIC_SetPriorityGrouping
                0x08002a2c       0x48 ./Drivers/STM32F4xx_HAL_Driver/Src/stm32f4xx_hal_cortex.o
 .text.__NVIC_GetPriorityGrouping
                0x08002a74       0x1c ./Drivers/STM32F4xx_HAL_Driver/Src/stm32f4xx_hal_cortex.o
 .text.__NVIC_EnableIRQ
                0x08002a90       0x3c ./Drivers/STM32F4xx_HAL_Driver/Src/stm32f4xx_hal_cortex.o
 .text.__NVIC_SetPriority
                0x08002acc       0x54 ./Drivers/STM32F4xx_HAL_Driver/Src/stm32f4xx_hal_cortex.o
 .text.NVIC_EncodePriority
                0x08002b20       0x66 ./Drivers/STM32F4xx_HAL_Driver/Src/stm32f4xx_hal_cortex.o
 .text.HAL_NVIC_SetPriorityGrouping
                0x08002b86       0x16 ./Drivers/STM32F4xx_HAL_Driver/Src/stm32f4xx_hal_cortex.o
                0x08002b86                HAL_NVIC_SetPriorityGrouping
 .text.HAL_NVIC_SetPriority
                0x08002b9c       0x38 ./Drivers/STM32F4xx_HAL_Driver/Src/stm32f4xx_hal_cortex.o
                0x08002b9c                HAL_NVIC_SetPriority
 .text.HAL_NVIC_EnableIRQ
                0x08002bd4       0x1c ./Drivers/STM32F4xx_HAL_Driver/Src/stm32f4xx_hal_cortex.o
                0x08002bd4                HAL_NVIC_EnableIRQ
 .text.HAL_GPIO_Init
                0x08002bf0      0x308 ./Drivers/STM32F4xx_HAL_Driver/Src/stm32f4xx_hal_gpio.o
                0x08002bf0                HAL_GPIO_Init
 .text.HAL_GPIO_ReadPin
                0x08002ef8       0x30 ./Drivers/STM32F4xx_HAL_Driver/Src/stm32f4xx_hal_gpio.o
                0x08002ef8                HAL_GPIO_ReadPin
 .text.HAL_GPIO_WritePin
                0x08002f28       0x32 ./Drivers/STM32F4xx_HAL_Driver/Src/stm32f4xx_hal_gpio.o
                0x08002f28                HAL_GPIO_WritePin
 .text.HAL_GPIO_TogglePin
                0x08002f5a       0x34 ./Drivers/STM32F4xx_HAL_Driver/Src/stm32f4xx_hal_gpio.o
                0x08002f5a                HAL_GPIO_TogglePin
 *fill*         0x08002f8e        0x2 
 .text.HAL_GPIO_EXTI_IRQHandler
                0x08002f90       0x30 ./Drivers/STM32F4xx_HAL_Driver/Src/stm32f4xx_hal_gpio.o
                0x08002f90                HAL_GPIO_EXTI_IRQHandler
 .text.HAL_PCD_Init
                0x08002fc0      0x21e ./Drivers/STM32F4xx_HAL_Driver/Src/stm32f4xx_hal_pcd.o
                0x08002fc0                HAL_PCD_Init
 .text.HAL_PCD_Start
                0x080031de       0x6a ./Drivers/STM32F4xx_HAL_Driver/Src/stm32f4xx_hal_pcd.o
                0x080031de                HAL_PCD_Start
 .text.HAL_PCD_IRQHandler
                0x08003248      0x942 ./Drivers/STM32F4xx_HAL_Driver/Src/stm32f4xx_hal_pcd.o
                0x08003248                HAL_PCD_IRQHandler
 .text.HAL_PCD_SetAddress
                0x08003b8a       0x48 ./Drivers/STM32F4xx_HAL_Driver/Src/stm32f4xx_hal_pcd.o
                0x08003b8a                HAL_PCD_SetAddress
 .text.HAL_PCD_EP_Open
                0x08003bd2       0xd4 ./Drivers/STM32F4xx_HAL_Driver/Src/stm32f4xx_hal_pcd.o
                0x08003bd2                HAL_PCD_EP_Open
 .text.HAL_PCD_EP_Close
                0x08003ca6       0x94 ./Drivers/STM32F4xx_HAL_Driver/Src/stm32f4xx_hal_pcd.o
                0x08003ca6                HAL_PCD_EP_Close
 .text.HAL_PCD_EP_Receive
                0x08003d3a       0x76 ./Drivers/STM32F4xx_HAL_Driver/Src/stm32f4xx_hal_pcd.o
                0x08003d3a                HAL_PCD_EP_Receive
 .text.HAL_PCD_EP_GetRxCount
                0x08003db0       0x30 ./Drivers/STM32F4xx_HAL_Driver/Src/stm32f4xx_hal_pcd.o
                0x08003db0                HAL_PCD_EP_GetRxCount
 .text.HAL_PCD_EP_Transmit
                0x08003de0       0x74 ./Drivers/STM32F4xx_HAL_Driver/Src/stm32f4xx_hal_pcd.o
                0x08003de0                HAL_PCD_EP_Transmit
 .text.HAL_PCD_EP_SetStall
                0x08003e54       0xc6 ./Drivers/STM32F4xx_HAL_Driver/Src/stm32f4xx_hal_pcd.o
                0x08003e54                HAL_PCD_EP_SetStall
 .text.HAL_PCD_EP_ClrStall
                0x08003f1a       0xac ./Drivers/STM32F4xx_HAL_Driver/Src/stm32f4xx_hal_pcd.o
                0x08003f1a                HAL_PCD_EP_ClrStall
 .text.HAL_PCD_EP_Abort
                0x08003fc6       0x62 ./Drivers/STM32F4xx_HAL_Driver/Src/stm32f4xx_hal_pcd.o
                0x08003fc6                HAL_PCD_EP_Abort
 .text.PCD_WriteEmptyTxFifo
                0x08004028      0x118 ./Drivers/STM32F4xx_HAL_Driver/Src/stm32f4xx_hal_pcd.o
 .text.PCD_EP_OutXfrComplete_int
                0x08004140      0x1d0 ./Drivers/STM32F4xx_HAL_Driver/Src/stm32f4xx_hal_pcd.o
 .text.PCD_EP_OutSetupPacket_int
                0x08004310       0x8c ./Drivers/STM32F4xx_HAL_Driver/Src/stm32f4xx_hal_pcd.o
 .text.HAL_PCDEx_SetTxFiFo
                0x0800439c       0x8e ./Drivers/STM32F4xx_HAL_Driver/Src/stm32f4xx_hal_pcd_ex.o
                0x0800439c                HAL_PCDEx_SetTxFiFo
 .text.HAL_PCDEx_SetRxFiFo
                0x0800442a       0x22 ./Drivers/STM32F4xx_HAL_Driver/Src/stm32f4xx_hal_pcd_ex.o
                0x0800442a                HAL_PCDEx_SetRxFiFo
 .text.HAL_PCDEx_LPM_Callback
                0x0800444c       0x18 ./Drivers/STM32F4xx_HAL_Driver/Src/stm32f4xx_hal_pcd_ex.o
                0x0800444c                HAL_PCDEx_LPM_Callback
 .text.HAL_RCC_OscConfig
                0x08004464      0x4f0 ./Drivers/STM32F4xx_HAL_Driver/Src/stm32f4xx_hal_rcc.o
                0x08004464                HAL_RCC_OscConfig
 .text.HAL_RCC_ClockConfig
                0x08004954      0x1cc ./Drivers/STM32F4xx_HAL_Driver/Src/stm32f4xx_hal_rcc.o
                0x08004954                HAL_RCC_ClockConfig
 .text.HAL_RCC_GetSysClockFreq
                0x08004b20      0x18c ./Drivers/STM32F4xx_HAL_Driver/Src/stm32f4xx_hal_rcc.o
                0x08004b20                HAL_RCC_GetSysClockFreq
 .text.HAL_RCC_GetHCLKFreq
                0x08004cac       0x18 ./Drivers/STM32F4xx_HAL_Driver/Src/stm32f4xx_hal_rcc.o
                0x08004cac                HAL_RCC_GetHCLKFreq
 .text.HAL_RCC_GetPCLK2Freq
                0x08004cc4       0x28 ./Drivers/STM32F4xx_HAL_Driver/Src/stm32f4xx_hal_rcc.o
                0x08004cc4                HAL_RCC_GetPCLK2Freq
 .text.HAL_RCC_GetClockConfig
                0x08004cec       0x64 ./Drivers/STM32F4xx_HAL_Driver/Src/stm32f4xx_hal_rcc.o
                0x08004cec                HAL_RCC_GetClockConfig
 .text.HAL_TIM_Base_Init
                0x08004d50       0xb8 ./Drivers/STM32F4xx_HAL_Driver/Src/stm32f4xx_hal_tim.o
                0x08004d50                HAL_TIM_Base_Init
 .text.HAL_TIM_Base_MspInit
                0x08004e08       0x14 ./Drivers/STM32F4xx_HAL_Driver/Src/stm32f4xx_hal_tim.o
                0x08004e08                HAL_TIM_Base_MspInit
 .text.HAL_TIM_Base_Start_IT
                0x08004e1c       0xc4 ./Drivers/STM32F4xx_HAL_Driver/Src/stm32f4xx_hal_tim.o
                0x08004e1c                HAL_TIM_Base_Start_IT
 .text.HAL_TIM_IRQHandler
                0x08004ee0      0x220 ./Drivers/STM32F4xx_HAL_Driver/Src/stm32f4xx_hal_tim.o
                0x08004ee0                HAL_TIM_IRQHandler
 .text.HAL_TIM_PeriodElapsedHalfCpltCallback
                0x08005100       0x14 ./Drivers/STM32F4xx_HAL_Driver/Src/stm32f4xx_hal_tim.o
                0x08005100                HAL_TIM_PeriodElapsedHalfCpltCallback
 .text.HAL_TIM_OC_DelayElapsedCallback
                0x08005114       0x14 ./Drivers/STM32F4xx_HAL_Driver/Src/stm32f4xx_hal_tim.o
                0x08005114                HAL_TIM_OC_DelayElapsedCallback
 .text.HAL_TIM_IC_CaptureCallback
                0x08005128       0x14 ./Drivers/STM32F4xx_HAL_Driver/Src/stm32f4xx_hal_tim.o
                0x08005128                HAL_TIM_IC_CaptureCallback
 .text.HAL_TIM_IC_CaptureHalfCpltCallback
                0x0800513c       0x14 ./Drivers/STM32F4xx_HAL_Driver/Src/stm32f4xx_hal_tim.o
                0x0800513c                HAL_TIM_IC_CaptureHalfCpltCallback
 .text.HAL_TIM_PWM_PulseFinishedCallback
                0x08005150       0x14 ./Drivers/STM32F4xx_HAL_Driver/Src/stm32f4xx_hal_tim.o
                0x08005150                HAL_TIM_PWM_PulseFinishedCallback
 .text.HAL_TIM_PWM_PulseFinishedHalfCpltCallback
                0x08005164       0x14 ./Drivers/STM32F4xx_HAL_Driver/Src/stm32f4xx_hal_tim.o
                0x08005164                HAL_TIM_PWM_PulseFinishedHalfCpltCallback
 .text.HAL_TIM_TriggerCallback
                0x08005178       0x14 ./Drivers/STM32F4xx_HAL_Driver/Src/stm32f4xx_hal_tim.o
                0x08005178                HAL_TIM_TriggerCallback
 .text.HAL_TIM_TriggerHalfCpltCallback
                0x0800518c       0x14 ./Drivers/STM32F4xx_HAL_Driver/Src/stm32f4xx_hal_tim.o
                0x0800518c                HAL_TIM_TriggerHalfCpltCallback
 .text.HAL_TIM_ErrorCallback
                0x080051a0       0x14 ./Drivers/STM32F4xx_HAL_Driver/Src/stm32f4xx_hal_tim.o
                0x080051a0                HAL_TIM_ErrorCallback
 .text.HAL_TIM_RegisterCallback
                0x080051b4      0x274 ./Drivers/STM32F4xx_HAL_Driver/Src/stm32f4xx_hal_tim.o
                0x080051b4                HAL_TIM_RegisterCallback
 .text.TIM_Base_SetConfig
                0x08005428      0x118 ./Drivers/STM32F4xx_HAL_Driver/Src/stm32f4xx_hal_tim.o
                0x08005428                TIM_Base_SetConfig
 .text.TIM_ResetCallback
                0x08005540       0xb0 ./Drivers/STM32F4xx_HAL_Driver/Src/stm32f4xx_hal_tim.o
                0x08005540                TIM_ResetCallback
 .text.HAL_TIMEx_CommutCallback
                0x080055f0       0x14 ./Drivers/STM32F4xx_HAL_Driver/Src/stm32f4xx_hal_tim_ex.o
                0x080055f0                HAL_TIMEx_CommutCallback
 .text.HAL_TIMEx_CommutHalfCpltCallback
                0x08005604       0x14 ./Drivers/STM32F4xx_HAL_Driver/Src/stm32f4xx_hal_tim_ex.o
                0x08005604                HAL_TIMEx_CommutHalfCpltCallback
 .text.HAL_TIMEx_BreakCallback
                0x08005618       0x14 ./Drivers/STM32F4xx_HAL_Driver/Src/stm32f4xx_hal_tim_ex.o
                0x08005618                HAL_TIMEx_BreakCallback
 .text.USB_CoreInit
                0x0800562c       0xc8 ./Drivers/STM32F4xx_HAL_Driver/Src/stm32f4xx_ll_usb.o
                0x0800562c                USB_CoreInit
 .text.USB_SetTurnaroundTime
                0x080056f4      0x144 ./Drivers/STM32F4xx_HAL_Driver/Src/stm32f4xx_ll_usb.o
                0x080056f4                USB_SetTurnaroundTime
 .text.USB_EnableGlobalInt
                0x08005838       0x22 ./Drivers/STM32F4xx_HAL_Driver/Src/stm32f4xx_ll_usb.o
                0x08005838                USB_EnableGlobalInt
 .text.USB_DisableGlobalInt
                0x0800585a       0x22 ./Drivers/STM32F4xx_HAL_Driver/Src/stm32f4xx_ll_usb.o
                0x0800585a                USB_DisableGlobalInt
 .text.USB_SetCurrentMode
                0x0800587c       0x98 ./Drivers/STM32F4xx_HAL_Driver/Src/stm32f4xx_ll_usb.o
                0x0800587c                USB_SetCurrentMode
 .text.USB_DevInit
                0x08005914      0x2c8 ./Drivers/STM32F4xx_HAL_Driver/Src/stm32f4xx_ll_usb.o
                0x08005914                USB_DevInit
 .text.USB_FlushTxFifo
                0x08005bdc       0x64 ./Drivers/STM32F4xx_HAL_Driver/Src/stm32f4xx_ll_usb.o
                0x08005bdc                USB_FlushTxFifo
 .text.USB_FlushRxFifo
                0x08005c40       0x5c ./Drivers/STM32F4xx_HAL_Driver/Src/stm32f4xx_ll_usb.o
                0x08005c40                USB_FlushRxFifo
 .text.USB_SetDevSpeed
                0x08005c9c       0x32 ./Drivers/STM32F4xx_HAL_Driver/Src/stm32f4xx_ll_usb.o
                0x08005c9c                USB_SetDevSpeed
 .text.USB_GetDevSpeed
                0x08005cce       0x4a ./Drivers/STM32F4xx_HAL_Driver/Src/stm32f4xx_ll_usb.o
                0x08005cce                USB_GetDevSpeed
 .text.USB_ActivateEndpoint
                0x08005d18      0x10e ./Drivers/STM32F4xx_HAL_Driver/Src/stm32f4xx_ll_usb.o
                0x08005d18                USB_ActivateEndpoint
 *fill*         0x08005e26        0x2 
 .text.USB_DeactivateEndpoint
                0x08005e28      0x1b8 ./Drivers/STM32F4xx_HAL_Driver/Src/stm32f4xx_ll_usb.o
                0x08005e28                USB_DeactivateEndpoint
 .text.USB_EPStartXfer
                0x08005fe0      0x53c ./Drivers/STM32F4xx_HAL_Driver/Src/stm32f4xx_ll_usb.o
                0x08005fe0                USB_EPStartXfer
 .text.USB_EPStopXfer
                0x0800651c      0x154 ./Drivers/STM32F4xx_HAL_Driver/Src/stm32f4xx_ll_usb.o
                0x0800651c                USB_EPStopXfer
 .text.USB_WritePacket
                0x08006670       0x7c ./Drivers/STM32F4xx_HAL_Driver/Src/stm32f4xx_ll_usb.o
                0x08006670                USB_WritePacket
 .text.USB_ReadPacket
                0x080066ec       0xb0 ./Drivers/STM32F4xx_HAL_Driver/Src/stm32f4xx_ll_usb.o
                0x080066ec                USB_ReadPacket
 .text.USB_EPSetStall
                0x0800679c       0xdc ./Drivers/STM32F4xx_HAL_Driver/Src/stm32f4xx_ll_usb.o
                0x0800679c                USB_EPSetStall
 .text.USB_EPClearStall
                0x08006878       0xcc ./Drivers/STM32F4xx_HAL_Driver/Src/stm32f4xx_ll_usb.o
                0x08006878                USB_EPClearStall
 .text.USB_SetDevAddress
                0x08006944       0x4c ./Drivers/STM32F4xx_HAL_Driver/Src/stm32f4xx_ll_usb.o
                0x08006944                USB_SetDevAddress
 .text.USB_DevConnect
                0x08006990       0x42 ./Drivers/STM32F4xx_HAL_Driver/Src/stm32f4xx_ll_usb.o
                0x08006990                USB_DevConnect
 .text.USB_DevDisconnect
                0x080069d2       0x42 ./Drivers/STM32F4xx_HAL_Driver/Src/stm32f4xx_ll_usb.o
                0x080069d2                USB_DevDisconnect
 .text.USB_ReadInterrupts
                0x08006a14       0x26 ./Drivers/STM32F4xx_HAL_Driver/Src/stm32f4xx_ll_usb.o
                0x08006a14                USB_ReadInterrupts
 .text.USB_ReadDevAllOutEpInterrupt
                0x08006a3a       0x34 ./Drivers/STM32F4xx_HAL_Driver/Src/stm32f4xx_ll_usb.o
                0x08006a3a                USB_ReadDevAllOutEpInterrupt
 .text.USB_ReadDevAllInEpInterrupt
                0x08006a6e       0x34 ./Drivers/STM32F4xx_HAL_Driver/Src/stm32f4xx_ll_usb.o
                0x08006a6e                USB_ReadDevAllInEpInterrupt
 .text.USB_ReadDevOutEPInterrupt
                0x08006aa2       0x3c ./Drivers/STM32F4xx_HAL_Driver/Src/stm32f4xx_ll_usb.o
                0x08006aa2                USB_ReadDevOutEPInterrupt
 .text.USB_ReadDevInEPInterrupt
                0x08006ade       0x5c ./Drivers/STM32F4xx_HAL_Driver/Src/stm32f4xx_ll_usb.o
                0x08006ade                USB_ReadDevInEPInterrupt
 .text.USB_GetMode
                0x08006b3a       0x1c ./Drivers/STM32F4xx_HAL_Driver/Src/stm32f4xx_ll_usb.o
                0x08006b3a                USB_GetMode
 .text.USB_ActivateSetup
                0x08006b56       0x46 ./Drivers/STM32F4xx_HAL_Driver/Src/stm32f4xx_ll_usb.o
                0x08006b56                USB_ActivateSetup
 .text.USB_EP0_OutStart
                0x08006b9c       0xbc ./Drivers/STM32F4xx_HAL_Driver/Src/stm32f4xx_ll_usb.o
                0x08006b9c                USB_EP0_OutStart
 .text.USB_CoreReset
                0x08006c58       0x62 ./Drivers/STM32F4xx_HAL_Driver/Src/stm32f4xx_ll_usb.o
 *fill*         0x08006cba        0x2 
 .text.USBD_CDC_Init
                0x08006cbc      0x1f0 ./Middlewares/ST/STM32_USB_Device_Library/Class/CDC/Src/usbd_cdc.o
 .text.USBD_CDC_DeInit
                0x08006eac      0x104 ./Middlewares/ST/STM32_USB_Device_Library/Class/CDC/Src/usbd_cdc.o
 .text.USBD_CDC_Setup
                0x08006fb0      0x1b8 ./Middlewares/ST/STM32_USB_Device_Library/Class/CDC/Src/usbd_cdc.o
 .text.USBD_CDC_DataIn
                0x08007168       0xfe ./Middlewares/ST/STM32_USB_Device_Library/Class/CDC/Src/usbd_cdc.o
 .text.USBD_CDC_DataOut
                0x08007266       0x70 ./Middlewares/ST/STM32_USB_Device_Library/Class/CDC/Src/usbd_cdc.o
 .text.USBD_CDC_EP0_RxReady
                0x080072d6       0x74 ./Middlewares/ST/STM32_USB_Device_Library/Class/CDC/Src/usbd_cdc.o
 *fill*         0x0800734a        0x2 
 .text.USBD_CDC_GetFSCfgDesc
                0x0800734c       0x70 ./Middlewares/ST/STM32_USB_Device_Library/Class/CDC/Src/usbd_cdc.o
 .text.USBD_CDC_GetHSCfgDesc
                0x080073bc       0x70 ./Middlewares/ST/STM32_USB_Device_Library/Class/CDC/Src/usbd_cdc.o
 .text.USBD_CDC_GetOtherSpeedCfgDesc
                0x0800742c       0x70 ./Middlewares/ST/STM32_USB_Device_Library/Class/CDC/Src/usbd_cdc.o
 .text.USBD_CDC_GetDeviceQualifierDescriptor
                0x0800749c       0x20 ./Middlewares/ST/STM32_USB_Device_Library/Class/CDC/Src/usbd_cdc.o
                0x0800749c                USBD_CDC_GetDeviceQualifierDescriptor
 .text.USBD_CDC_RegisterInterface
                0x080074bc       0x34 ./Middlewares/ST/STM32_USB_Device_Library/Class/CDC/Src/usbd_cdc.o
                0x080074bc                USBD_CDC_RegisterInterface
 .text.USBD_CDC_SetTxBuffer
                0x080074f0       0x44 ./Middlewares/ST/STM32_USB_Device_Library/Class/CDC/Src/usbd_cdc.o
                0x080074f0                USBD_CDC_SetTxBuffer
 .text.USBD_CDC_SetRxBuffer
                0x08007534       0x3a ./Middlewares/ST/STM32_USB_Device_Library/Class/CDC/Src/usbd_cdc.o
                0x08007534                USBD_CDC_SetRxBuffer
 *fill*         0x0800756e        0x2 
 .text.USBD_CDC_TransmitPacket
                0x08007570       0x80 ./Middlewares/ST/STM32_USB_Device_Library/Class/CDC/Src/usbd_cdc.o
                0x08007570                USBD_CDC_TransmitPacket
 .text.USBD_CDC_ReceivePacket
                0x080075f0       0x6c ./Middlewares/ST/STM32_USB_Device_Library/Class/CDC/Src/usbd_cdc.o
                0x080075f0                USBD_CDC_ReceivePacket
 .text.USBD_Init
                0x0800765c       0x60 ./Middlewares/ST/STM32_USB_Device_Library/Core/Src/usbd_core.o
                0x0800765c                USBD_Init
 .text.USBD_RegisterClass
                0x080076bc       0x6c ./Middlewares/ST/STM32_USB_Device_Library/Core/Src/usbd_core.o
                0x080076bc                USBD_RegisterClass
 .text.USBD_Start
                0x08007728       0x18 ./Middlewares/ST/STM32_USB_Device_Library/Core/Src/usbd_core.o
                0x08007728                USBD_Start
 .text.USBD_RunTestMode
                0x08007740       0x16 ./Middlewares/ST/STM32_USB_Device_Library/Core/Src/usbd_core.o
                0x08007740                USBD_RunTestMode
 .text.USBD_SetClassConfig
                0x08007756       0x38 ./Middlewares/ST/STM32_USB_Device_Library/Core/Src/usbd_core.o
                0x08007756                USBD_SetClassConfig
 .text.USBD_ClrClassConfig
                0x0800778e       0x34 ./Middlewares/ST/STM32_USB_Device_Library/Core/Src/usbd_core.o
                0x0800778e                USBD_ClrClassConfig
 .text.USBD_LL_SetupStage
                0x080077c2       0xaa ./Middlewares/ST/STM32_USB_Device_Library/Core/Src/usbd_core.o
                0x080077c2                USBD_LL_SetupStage
 .text.USBD_LL_DataOutStage
                0x0800786c      0x166 ./Middlewares/ST/STM32_USB_Device_Library/Core/Src/usbd_core.o
                0x0800786c                USBD_LL_DataOutStage
 .text.USBD_LL_DataInStage
                0x080079d2      0x164 ./Middlewares/ST/STM32_USB_Device_Library/Core/Src/usbd_core.o
                0x080079d2                USBD_LL_DataInStage
 .text.USBD_LL_Reset
                0x08007b36       0xa4 ./Middlewares/ST/STM32_USB_Device_Library/Core/Src/usbd_core.o
                0x08007b36                USBD_LL_Reset
 .text.USBD_LL_SetSpeed
                0x08007bda       0x20 ./Middlewares/ST/STM32_USB_Device_Library/Core/Src/usbd_core.o
                0x08007bda                USBD_LL_SetSpeed
 .text.USBD_LL_Suspend
                0x08007bfa       0x38 ./Middlewares/ST/STM32_USB_Device_Library/Core/Src/usbd_core.o
                0x08007bfa                USBD_LL_Suspend
 .text.USBD_LL_Resume
                0x08007c32       0x30 ./Middlewares/ST/STM32_USB_Device_Library/Core/Src/usbd_core.o
                0x08007c32                USBD_LL_Resume
 .text.USBD_LL_SOF
                0x08007c62       0x40 ./Middlewares/ST/STM32_USB_Device_Library/Core/Src/usbd_core.o
                0x08007c62                USBD_LL_SOF
 .text.USBD_LL_IsoINIncomplete
                0x08007ca2       0x64 ./Middlewares/ST/STM32_USB_Device_Library/Core/Src/usbd_core.o
                0x08007ca2                USBD_LL_IsoINIncomplete
 .text.USBD_LL_IsoOUTIncomplete
                0x08007d06       0x64 ./Middlewares/ST/STM32_USB_Device_Library/Core/Src/usbd_core.o
                0x08007d06                USBD_LL_IsoOUTIncomplete
 .text.USBD_LL_DevConnected
                0x08007d6a       0x16 ./Middlewares/ST/STM32_USB_Device_Library/Core/Src/usbd_core.o
                0x08007d6a                USBD_LL_DevConnected
 .text.USBD_LL_DevDisconnected
                0x08007d80       0x46 ./Middlewares/ST/STM32_USB_Device_Library/Core/Src/usbd_core.o
                0x08007d80                USBD_LL_DevDisconnected
 .text.USBD_CoreFindIF
                0x08007dc6       0x1a ./Middlewares/ST/STM32_USB_Device_Library/Core/Src/usbd_core.o
                0x08007dc6                USBD_CoreFindIF
 .text.USBD_CoreFindEP
                0x08007de0       0x1a ./Middlewares/ST/STM32_USB_Device_Library/Core/Src/usbd_core.o
                0x08007de0                USBD_CoreFindEP
 .text.USBD_GetEpDesc
                0x08007dfa       0x70 ./Middlewares/ST/STM32_USB_Device_Library/Core/Src/usbd_core.o
                0x08007dfa                USBD_GetEpDesc
 .text.USBD_GetNextDesc
                0x08007e6a       0x38 ./Middlewares/ST/STM32_USB_Device_Library/Core/Src/usbd_core.o
                0x08007e6a                USBD_GetNextDesc
 .text.SWAPBYTE
                0x08007ea2       0x3c ./Middlewares/ST/STM32_USB_Device_Library/Core/Src/usbd_ctlreq.o
 *fill*         0x08007ede        0x2 
 .text.USBD_StdDevReq
                0x08007ee0       0xe4 ./Middlewares/ST/STM32_USB_Device_Library/Core/Src/usbd_ctlreq.o
                0x08007ee0                USBD_StdDevReq
 .text.USBD_StdItfReq
                0x08007fc4       0xd8 ./Middlewares/ST/STM32_USB_Device_Library/Core/Src/usbd_ctlreq.o
                0x08007fc4                USBD_StdItfReq
 .text.USBD_StdEPReq
                0x0800809c      0x33a ./Middlewares/ST/STM32_USB_Device_Library/Core/Src/usbd_ctlreq.o
                0x0800809c                USBD_StdEPReq
 *fill*         0x080083d6        0x2 
 .text.USBD_GetDescriptor
                0x080083d8      0x2d4 ./Middlewares/ST/STM32_USB_Device_Library/Core/Src/usbd_ctlreq.o
 .text.USBD_SetAddress
                0x080086ac       0x88 ./Middlewares/ST/STM32_USB_Device_Library/Core/Src/usbd_ctlreq.o
 .text.USBD_SetConfig
                0x08008734      0x154 ./Middlewares/ST/STM32_USB_Device_Library/Core/Src/usbd_ctlreq.o
 .text.USBD_GetConfig
                0x08008888       0x6c ./Middlewares/ST/STM32_USB_Device_Library/Core/Src/usbd_ctlreq.o
 .text.USBD_GetStatus
                0x080088f4       0x68 ./Middlewares/ST/STM32_USB_Device_Library/Core/Src/usbd_ctlreq.o
 .text.USBD_SetFeature
                0x0800895c       0x52 ./Middlewares/ST/STM32_USB_Device_Library/Core/Src/usbd_ctlreq.o
 .text.USBD_ClrFeature
                0x080089ae       0x44 ./Middlewares/ST/STM32_USB_Device_Library/Core/Src/usbd_ctlreq.o
 .text.USBD_ParseSetupRequest
                0x080089f2       0x74 ./Middlewares/ST/STM32_USB_Device_Library/Core/Src/usbd_ctlreq.o
                0x080089f2                USBD_ParseSetupRequest
 .text.USBD_CtlError
                0x08008a66       0x22 ./Middlewares/ST/STM32_USB_Device_Library/Core/Src/usbd_ctlreq.o
                0x08008a66                USBD_CtlError
 .text.USBD_GetString
                0x08008a88       0xa4 ./Middlewares/ST/STM32_USB_Device_Library/Core/Src/usbd_ctlreq.o
                0x08008a88                USBD_GetString
 .text.USBD_GetLen
                0x08008b2c       0x34 ./Middlewares/ST/STM32_USB_Device_Library/Core/Src/usbd_ctlreq.o
 .text.USBD_CtlSendData
                0x08008b60       0x36 ./Middlewares/ST/STM32_USB_Device_Library/Core/Src/usbd_ioreq.o
                0x08008b60                USBD_CtlSendData
 .text.USBD_CtlContinueSendData
                0x08008b96       0x22 ./Middlewares/ST/STM32_USB_Device_Library/Core/Src/usbd_ioreq.o
                0x08008b96                USBD_CtlContinueSendData
 .text.USBD_CtlPrepareRx
                0x08008bb8       0x3a ./Middlewares/ST/STM32_USB_Device_Library/Core/Src/usbd_ioreq.o
                0x08008bb8                USBD_CtlPrepareRx
 .text.USBD_CtlContinueRx
                0x08008bf2       0x22 ./Middlewares/ST/STM32_USB_Device_Library/Core/Src/usbd_ioreq.o
                0x08008bf2                USBD_CtlContinueRx
 .text.USBD_CtlSendStatus
                0x08008c14       0x26 ./Middlewares/ST/STM32_USB_Device_Library/Core/Src/usbd_ioreq.o
                0x08008c14                USBD_CtlSendStatus
 .text.USBD_CtlReceiveStatus
                0x08008c3a       0x26 ./Middlewares/ST/STM32_USB_Device_Library/Core/Src/usbd_ioreq.o
                0x08008c3a                USBD_CtlReceiveStatus
 .text.__NVIC_SetPriority
                0x08008c60       0x54 ./Middlewares/Third_Party/FreeRTOS/Source/CMSIS_RTOS_V2/cmsis_os2.o
 .text.SysTick_Handler
                0x08008cb4       0x20 ./Middlewares/Third_Party/FreeRTOS/Source/CMSIS_RTOS_V2/cmsis_os2.o
                0x08008cb4                SysTick_Handler
 .text.SVC_Setup
                0x08008cd4       0x12 ./Middlewares/Third_Party/FreeRTOS/Source/CMSIS_RTOS_V2/cmsis_os2.o
 *fill*         0x08008ce6        0x2 
 .text.osKernelInitialize
                0x08008ce8       0x48 ./Middlewares/Third_Party/FreeRTOS/Source/CMSIS_RTOS_V2/cmsis_os2.o
                0x08008ce8                osKernelInitialize
 .text.osKernelStart
                0x08008d30       0x4c ./Middlewares/Third_Party/FreeRTOS/Source/CMSIS_RTOS_V2/cmsis_os2.o
                0x08008d30                osKernelStart
 .text.OS_Tick_GetCount
                0x08008d7c       0x24 ./Middlewares/Third_Party/FreeRTOS/Source/CMSIS_RTOS_V2/cmsis_os2.o
 .text.OS_Tick_GetOverflow
                0x08008da0       0x1c ./Middlewares/Third_Party/FreeRTOS/Source/CMSIS_RTOS_V2/cmsis_os2.o
 .text.OS_Tick_GetInterval
                0x08008dbc       0x18 ./Middlewares/Third_Party/FreeRTOS/Source/CMSIS_RTOS_V2/cmsis_os2.o
 .text.osKernelGetSysTimerCount
                0x08008dd4       0x72 ./Middlewares/Third_Party/FreeRTOS/Source/CMSIS_RTOS_V2/cmsis_os2.o
                0x08008dd4                osKernelGetSysTimerCount
 .text.osThreadNew
                0x08008e46      0x124 ./Middlewares/Third_Party/FreeRTOS/Source/CMSIS_RTOS_V2/cmsis_os2.o
                0x08008e46                osThreadNew
 .text.osDelay  0x08008f6a       0x36 ./Middlewares/Third_Party/FreeRTOS/Source/CMSIS_RTOS_V2/cmsis_os2.o
                0x08008f6a                osDelay
 .text.vApplicationGetIdleTaskMemory
                0x08008fa0       0x34 ./Middlewares/Third_Party/FreeRTOS/Source/CMSIS_RTOS_V2/cmsis_os2.o
                0x08008fa0                vApplicationGetIdleTaskMemory
 .text.vApplicationGetTimerTaskMemory
                0x08008fd4       0x34 ./Middlewares/Third_Party/FreeRTOS/Source/CMSIS_RTOS_V2/cmsis_os2.o
                0x08008fd4                vApplicationGetTimerTaskMemory
 .text.vListInitialise
                0x08009008       0x40 ./Middlewares/Third_Party/FreeRTOS/Source/list.o
                0x08009008                vListInitialise
 .text.vListInitialiseItem
                0x08009048       0x1a ./Middlewares/Third_Party/FreeRTOS/Source/list.o
                0x08009048                vListInitialiseItem
 .text.vListInsertEnd
                0x08009062       0x48 ./Middlewares/Third_Party/FreeRTOS/Source/list.o
                0x08009062                vListInsertEnd
 .text.vListInsert
                0x080090aa       0x72 ./Middlewares/Third_Party/FreeRTOS/Source/list.o
                0x080090aa                vListInsert
 .text.uxListRemove
                0x0800911c       0x54 ./Middlewares/Third_Party/FreeRTOS/Source/list.o
                0x0800911c                uxListRemove
 .text.xQueueGenericReset
                0x08009170       0xd4 ./Middlewares/Third_Party/FreeRTOS/Source/queue.o
                0x08009170                xQueueGenericReset
 .text.xQueueGenericCreateStatic
                0x08009244       0xfa ./Middlewares/Third_Party/FreeRTOS/Source/queue.o
                0x08009244                xQueueGenericCreateStatic
 .text.xQueueGenericCreate
                0x0800933e       0x76 ./Middlewares/Third_Party/FreeRTOS/Source/queue.o
                0x0800933e                xQueueGenericCreate
 .text.prvInitialiseNewQueue
                0x080093b4       0x46 ./Middlewares/Third_Party/FreeRTOS/Source/queue.o
 .text.prvInitialiseMutex
                0x080093fa       0x34 ./Middlewares/Third_Party/FreeRTOS/Source/queue.o
 .text.xQueueCreateMutex
                0x0800942e       0x30 ./Middlewares/Third_Party/FreeRTOS/Source/queue.o
                0x0800942e                xQueueCreateMutex
 *fill*         0x0800945e        0x2 
 .text.xQueueGenericSend
                0x08009460      0x204 ./Middlewares/Third_Party/FreeRTOS/Source/queue.o
                0x08009460                xQueueGenericSend
 .text.xQueueGenericSendFromISR
                0x08009664      0x13c ./Middlewares/Third_Party/FreeRTOS/Source/queue.o
                0x08009664                xQueueGenericSendFromISR
 .text.xQueueGiveFromISR
                0x080097a0      0x120 ./Middlewares/Third_Party/FreeRTOS/Source/queue.o
                0x080097a0                xQueueGiveFromISR
 .text.xQueueReceive
                0x080098c0      0x1c4 ./Middlewares/Third_Party/FreeRTOS/Source/queue.o
                0x080098c0                xQueueReceive
 .text.xQueueSemaphoreTake
                0x08009a84      0x220 ./Middlewares/Third_Party/FreeRTOS/Source/queue.o
                0x08009a84                xQueueSemaphoreTake
 .text.prvGetDisinheritPriorityAfterTimeout
                0x08009ca4       0x30 ./Middlewares/Third_Party/FreeRTOS/Source/queue.o
 .text.prvCopyDataToQueue
                0x08009cd4       0xd4 ./Middlewares/Third_Party/FreeRTOS/Source/queue.o
 .text.prvCopyDataFromQueue
                0x08009da8       0x4c ./Middlewares/Third_Party/FreeRTOS/Source/queue.o
 .text.prvUnlockQueue
                0x08009df4       0xa4 ./Middlewares/Third_Party/FreeRTOS/Source/queue.o
 .text.prvIsQueueEmpty
                0x08009e98       0x2c ./Middlewares/Third_Party/FreeRTOS/Source/queue.o
 .text.prvIsQueueFull
                0x08009ec4       0x30 ./Middlewares/Third_Party/FreeRTOS/Source/queue.o
 .text.vQueueAddToRegistry
                0x08009ef4       0x54 ./Middlewares/Third_Party/FreeRTOS/Source/queue.o
                0x08009ef4                vQueueAddToRegistry
 .text.vQueueWaitForMessageRestricted
                0x08009f48       0x68 ./Middlewares/Third_Party/FreeRTOS/Source/queue.o
                0x08009f48                vQueueWaitForMessageRestricted
 .text.xTaskCreateStatic
                0x08009fb0       0xc0 ./Middlewares/Third_Party/FreeRTOS/Source/tasks.o
                0x08009fb0                xTaskCreateStatic
 .text.xTaskCreate
                0x0800a070       0x8a ./Middlewares/Third_Party/FreeRTOS/Source/tasks.o
                0x0800a070                xTaskCreate
 *fill*         0x0800a0fa        0x2 
 .text.prvInitialiseNewTask
                0x0800a0fc      0x150 ./Middlewares/Third_Party/FreeRTOS/Source/tasks.o
 .text.prvAddNewTaskToReadyList
                0x0800a24c       0xe0 ./Middlewares/Third_Party/FreeRTOS/Source/tasks.o
 .text.vTaskDelete
                0x0800a32c       0xe8 ./Middlewares/Third_Party/FreeRTOS/Source/tasks.o
                0x0800a32c                vTaskDelete
 .text.vTaskDelay
                0x0800a414       0x6c ./Middlewares/Third_Party/FreeRTOS/Source/tasks.o
                0x0800a414                vTaskDelay
 .text.vTaskStartScheduler
                0x0800a480       0xe0 ./Middlewares/Third_Party/FreeRTOS/Source/tasks.o
                0x0800a480                vTaskStartScheduler
 .text.vTaskSuspendAll
                0x0800a560       0x1c ./Middlewares/Third_Party/FreeRTOS/Source/tasks.o
                0x0800a560                vTaskSuspendAll
 .text.xTaskResumeAll
                0x0800a57c      0x13c ./Middlewares/Third_Party/FreeRTOS/Source/tasks.o
                0x0800a57c                xTaskResumeAll
 .text.xTaskGetTickCount
                0x0800a6b8       0x20 ./Middlewares/Third_Party/FreeRTOS/Source/tasks.o
                0x0800a6b8                xTaskGetTickCount
 .text.xTaskIncrementTick
                0x0800a6d8      0x174 ./Middlewares/Third_Party/FreeRTOS/Source/tasks.o
                0x0800a6d8                xTaskIncrementTick
 .text.vTaskSwitchContext
                0x0800a84c       0xcc ./Middlewares/Third_Party/FreeRTOS/Source/tasks.o
                0x0800a84c                vTaskSwitchContext
 .text.vTaskPlaceOnEventList
                0x0800a918       0x4c ./Middlewares/Third_Party/FreeRTOS/Source/tasks.o
                0x0800a918                vTaskPlaceOnEventList
 .text.vTaskPlaceOnEventListRestricted
                0x0800a964       0x58 ./Middlewares/Third_Party/FreeRTOS/Source/tasks.o
                0x0800a964                vTaskPlaceOnEventListRestricted
 .text.xTaskRemoveFromEventList
                0x0800a9bc       0xc8 ./Middlewares/Third_Party/FreeRTOS/Source/tasks.o
                0x0800a9bc                xTaskRemoveFromEventList
 .text.vTaskInternalSetTimeOutState
                0x0800aa84       0x2c ./Middlewares/Third_Party/FreeRTOS/Source/tasks.o
                0x0800aa84                vTaskInternalSetTimeOutState
 .text.xTaskCheckForTimeOut
                0x0800aab0       0xc8 ./Middlewares/Third_Party/FreeRTOS/Source/tasks.o
                0x0800aab0                xTaskCheckForTimeOut
 .text.vTaskMissedYield
                0x0800ab78       0x18 ./Middlewares/Third_Party/FreeRTOS/Source/tasks.o
                0x0800ab78                vTaskMissedYield
 .text.prvIdleTask
                0x0800ab90       0x30 ./Middlewares/Third_Party/FreeRTOS/Source/tasks.o
 .text.prvInitialiseTaskLists
                0x0800abc0       0x80 ./Middlewares/Third_Party/FreeRTOS/Source/tasks.o
 .text.prvCheckTasksWaitingTermination
                0x0800ac40       0x5c ./Middlewares/Third_Party/FreeRTOS/Source/tasks.o
 .text.prvDeleteTCB
                0x0800ac9c       0x6a ./Middlewares/Third_Party/FreeRTOS/Source/tasks.o
 *fill*         0x0800ad06        0x2 
 .text.prvResetNextTaskUnblockTime
                0x0800ad08       0x40 ./Middlewares/Third_Party/FreeRTOS/Source/tasks.o
 .text.xTaskGetSchedulerState
                0x0800ad48       0x3c ./Middlewares/Third_Party/FreeRTOS/Source/tasks.o
                0x0800ad48                xTaskGetSchedulerState
 .text.xTaskPriorityInherit
                0x0800ad84       0xd0 ./Middlewares/Third_Party/FreeRTOS/Source/tasks.o
                0x0800ad84                xTaskPriorityInherit
 .text.xTaskPriorityDisinherit
                0x0800ae54       0xe0 ./Middlewares/Third_Party/FreeRTOS/Source/tasks.o
                0x0800ae54                xTaskPriorityDisinherit
 .text.vTaskPriorityDisinheritAfterTimeout
                0x0800af34      0x108 ./Middlewares/Third_Party/FreeRTOS/Source/tasks.o
                0x0800af34                vTaskPriorityDisinheritAfterTimeout
 .text.pvTaskIncrementMutexHeldCount
                0x0800b03c       0x28 ./Middlewares/Third_Party/FreeRTOS/Source/tasks.o
                0x0800b03c                pvTaskIncrementMutexHeldCount
 .text.prvAddCurrentTaskToDelayedList
                0x0800b064       0xa8 ./Middlewares/Third_Party/FreeRTOS/Source/tasks.o
 .text.xTimerCreateTimerTask
                0x0800b10c       0x94 ./Middlewares/Third_Party/FreeRTOS/Source/timers.o
                0x0800b10c                xTimerCreateTimerTask
 .text.xTimerGenericCommand
                0x0800b1a0       0x9c ./Middlewares/Third_Party/FreeRTOS/Source/timers.o
                0x0800b1a0                xTimerGenericCommand
 .text.prvProcessExpiredTimer
                0x0800b23c       0x9c ./Middlewares/Third_Party/FreeRTOS/Source/timers.o
 .text.prvTimerTask
                0x0800b2d8       0x26 ./Middlewares/Third_Party/FreeRTOS/Source/timers.o
 *fill*         0x0800b2fe        0x2 
 .text.prvProcessTimerOrBlockTask
                0x0800b300       0x9c ./Middlewares/Third_Party/FreeRTOS/Source/timers.o
 .text.prvGetNextExpireTime
                0x0800b39c       0x48 ./Middlewares/Third_Party/FreeRTOS/Source/timers.o
 .text.prvSampleTimeNow
                0x0800b3e4       0x40 ./Middlewares/Third_Party/FreeRTOS/Source/timers.o
 .text.prvInsertTimerInActiveList
                0x0800b424       0x84 ./Middlewares/Third_Party/FreeRTOS/Source/timers.o
 .text.prvProcessReceivedCommands
                0x0800b4a8      0x1cc ./Middlewares/Third_Party/FreeRTOS/Source/timers.o
 .text.prvSwitchTimerLists
                0x0800b674       0xcc ./Middlewares/Third_Party/FreeRTOS/Source/timers.o
 .text.prvCheckForValidListAndQueue
                0x0800b740       0x80 ./Middlewares/Third_Party/FreeRTOS/Source/timers.o
 .text.pxPortInitialiseStack
                0x0800b7c0       0x68 ./Middlewares/Third_Party/FreeRTOS/Source/portable/GCC/ARM_CM4F/port.o
                0x0800b7c0                pxPortInitialiseStack
 .text.prvTaskExitError
                0x0800b828       0x5c ./Middlewares/Third_Party/FreeRTOS/Source/portable/GCC/ARM_CM4F/port.o
 *fill*         0x0800b884        0xc 
 .text.SVC_Handler
                0x0800b890       0x28 ./Middlewares/Third_Party/FreeRTOS/Source/portable/GCC/ARM_CM4F/port.o
                0x0800b890                SVC_Handler
 .text.prvPortStartFirstTask
                0x0800b8b8       0x28 ./Middlewares/Third_Party/FreeRTOS/Source/portable/GCC/ARM_CM4F/port.o
 .text.xPortStartScheduler
                0x0800b8e0      0x148 ./Middlewares/Third_Party/FreeRTOS/Source/portable/GCC/ARM_CM4F/port.o
                0x0800b8e0                xPortStartScheduler
 .text.vPortEnterCritical
                0x0800ba28       0x64 ./Middlewares/Third_Party/FreeRTOS/Source/portable/GCC/ARM_CM4F/port.o
                0x0800ba28                vPortEnterCritical
 .text.vPortExitCritical
                0x0800ba8c       0x54 ./Middlewares/Third_Party/FreeRTOS/Source/portable/GCC/ARM_CM4F/port.o
                0x0800ba8c                vPortExitCritical
 .text.PendSV_Handler
                0x0800bae0       0x68 ./Middlewares/Third_Party/FreeRTOS/Source/portable/GCC/ARM_CM4F/port.o
                0x0800bae0                PendSV_Handler
 .text.xPortSysTickHandler
                0x0800bb48       0x44 ./Middlewares/Third_Party/FreeRTOS/Source/portable/GCC/ARM_CM4F/port.o
                0x0800bb48                xPortSysTickHandler
 .text.vPortSetupTimerInterrupt
                0x0800bb8c       0x48 ./Middlewares/Third_Party/FreeRTOS/Source/portable/GCC/ARM_CM4F/port.o
                0x0800bb8c                vPortSetupTimerInterrupt
 .text.vPortEnableVFP
                0x0800bbd4       0x14 ./Middlewares/Third_Party/FreeRTOS/Source/portable/GCC/ARM_CM4F/port.o
 .text.vPortValidateInterruptPriority
                0x0800bbe8       0x84 ./Middlewares/Third_Party/FreeRTOS/Source/portable/GCC/ARM_CM4F/port.o
                0x0800bbe8                vPortValidateInterruptPriority
 .text.pvPortMalloc
                0x0800bc6c      0x19c ./Middlewares/Third_Party/FreeRTOS/Source/portable/MemMang/heap_4.o
                0x0800bc6c                pvPortMalloc
 .text.vPortFree
                0x0800be08       0xc8 ./Middlewares/Third_Party/FreeRTOS/Source/portable/MemMang/heap_4.o
                0x0800be08                vPortFree
 .text.prvHeapInit
                0x0800bed0       0xc4 ./Middlewares/Third_Party/FreeRTOS/Source/portable/MemMang/heap_4.o
 .text.prvInsertBlockIntoFreeList
                0x0800bf94       0xb4 ./Middlewares/Third_Party/FreeRTOS/Source/portable/MemMang/heap_4.o
 .text.MX_USB_DEVICE_Init
                0x0800c048       0x60 ./USB_DEVICE/App/usb_device.o
                0x0800c048                MX_USB_DEVICE_Init
 .text.CDC_Init_FS
                0x0800c0a8       0x28 ./USB_DEVICE/App/usbd_cdc_if.o
 .text.CDC_DeInit_FS
                0x0800c0d0       0x10 ./USB_DEVICE/App/usbd_cdc_if.o
 .text.CDC_Control_FS
                0x0800c0e0       0xbc ./USB_DEVICE/App/usbd_cdc_if.o
 .text.CDC_Receive_FS
                0x0800c19c       0x28 ./USB_DEVICE/App/usbd_cdc_if.o
 .text.CDC_Transmit_FS
                0x0800c1c4       0x4c ./USB_DEVICE/App/usbd_cdc_if.o
                0x0800c1c4                CDC_Transmit_FS
 .text.CDC_TransmitCplt_FS
                0x0800c210       0x22 ./USB_DEVICE/App/usbd_cdc_if.o
 *fill*         0x0800c232        0x2 
 .text.USBD_FS_DeviceDescriptor
                0x0800c234       0x24 ./USB_DEVICE/App/usbd_desc.o
                0x0800c234                USBD_FS_DeviceDescriptor
 .text.USBD_FS_LangIDStrDescriptor
                0x0800c258       0x24 ./USB_DEVICE/App/usbd_desc.o
                0x0800c258                USBD_FS_LangIDStrDescriptor
 .text.USBD_FS_ProductStrDescriptor
                0x0800c27c       0x3c ./USB_DEVICE/App/usbd_desc.o
                0x0800c27c                USBD_FS_ProductStrDescriptor
 .text.USBD_FS_ManufacturerStrDescriptor
                0x0800c2b8       0x28 ./USB_DEVICE/App/usbd_desc.o
                0x0800c2b8                USBD_FS_ManufacturerStrDescriptor
 .text.USBD_FS_SerialStrDescriptor
                0x0800c2e0       0x24 ./USB_DEVICE/App/usbd_desc.o
                0x0800c2e0                USBD_FS_SerialStrDescriptor
 .text.USBD_FS_ConfigStrDescriptor
                0x0800c304       0x3c ./USB_DEVICE/App/usbd_desc.o
                0x0800c304                USBD_FS_ConfigStrDescriptor
 .text.USBD_FS_InterfaceStrDescriptor
                0x0800c340       0x3c ./USB_DEVICE/App/usbd_desc.o
                0x0800c340                USBD_FS_InterfaceStrDescriptor
 .text.Get_SerialNum
                0x0800c37c       0x58 ./USB_DEVICE/App/usbd_desc.o
 .text.IntToUnicode
                0x0800c3d4       0x7e ./USB_DEVICE/App/usbd_desc.o
 *fill*         0x0800c452        0x2 
 .text.HAL_PCD_MspInit
                0x0800c454       0xa8 ./USB_DEVICE/Target/usbd_conf.o
                0x0800c454                HAL_PCD_MspInit
 .text.HAL_PCD_SetupStageCallback
                0x0800c4fc       0x24 ./USB_DEVICE/Target/usbd_conf.o
                0x0800c4fc                HAL_PCD_SetupStageCallback
 .text.HAL_PCD_DataOutStageCallback
                0x0800c520       0x36 ./USB_DEVICE/Target/usbd_conf.o
                0x0800c520                HAL_PCD_DataOutStageCallback
 .text.HAL_PCD_DataInStageCallback
                0x0800c556       0x34 ./USB_DEVICE/Target/usbd_conf.o
                0x0800c556                HAL_PCD_DataInStageCallback
 .text.HAL_PCD_SOFCallback
                0x0800c58a       0x1c ./USB_DEVICE/Target/usbd_conf.o
                0x0800c58a                HAL_PCD_SOFCallback
 .text.HAL_PCD_ResetCallback
                0x0800c5a6       0x3c ./USB_DEVICE/Target/usbd_conf.o
                0x0800c5a6                HAL_PCD_ResetCallback
 *fill*         0x0800c5e2        0x2 
 .text.HAL_PCD_SuspendCallback
                0x0800c5e4       0x4c ./USB_DEVICE/Target/usbd_conf.o
                0x0800c5e4                HAL_PCD_SuspendCallback
 .text.HAL_PCD_ResumeCallback
                0x0800c630       0x1c ./USB_DEVICE/Target/usbd_conf.o
                0x0800c630                HAL_PCD_ResumeCallback
 .text.HAL_PCD_ISOOUTIncompleteCallback
                0x0800c64c       0x24 ./USB_DEVICE/Target/usbd_conf.o
                0x0800c64c                HAL_PCD_ISOOUTIncompleteCallback
 .text.HAL_PCD_ISOINIncompleteCallback
                0x0800c670       0x24 ./USB_DEVICE/Target/usbd_conf.o
                0x0800c670                HAL_PCD_ISOINIncompleteCallback
 .text.HAL_PCD_ConnectCallback
                0x0800c694       0x1c ./USB_DEVICE/Target/usbd_conf.o
                0x0800c694                HAL_PCD_ConnectCallback
 .text.HAL_PCD_DisconnectCallback
                0x0800c6b0       0x1c ./USB_DEVICE/Target/usbd_conf.o
                0x0800c6b0                HAL_PCD_DisconnectCallback
 .text.USBD_LL_Init
                0x0800c6cc       0x98 ./USB_DEVICE/Target/usbd_conf.o
                0x0800c6cc                USBD_LL_Init
 .text.USBD_LL_Start
                0x0800c764       0x36 ./USB_DEVICE/Target/usbd_conf.o
                0x0800c764                USBD_LL_Start
 .text.USBD_LL_OpenEP
                0x0800c79a       0x4c ./USB_DEVICE/Target/usbd_conf.o
                0x0800c79a                USBD_LL_OpenEP
 .text.USBD_LL_CloseEP
                0x0800c7e6       0x3e ./USB_DEVICE/Target/usbd_conf.o
                0x0800c7e6                USBD_LL_CloseEP
 .text.USBD_LL_StallEP
                0x0800c824       0x3e ./USB_DEVICE/Target/usbd_conf.o
                0x0800c824                USBD_LL_StallEP
 .text.USBD_LL_ClearStallEP
                0x0800c862       0x3e ./USB_DEVICE/Target/usbd_conf.o
                0x0800c862                USBD_LL_ClearStallEP
 .text.USBD_LL_IsStallEP
                0x0800c8a0       0x58 ./USB_DEVICE/Target/usbd_conf.o
                0x0800c8a0                USBD_LL_IsStallEP
 .text.USBD_LL_SetUSBAddress
                0x0800c8f8       0x3e ./USB_DEVICE/Target/usbd_conf.o
                0x0800c8f8                USBD_LL_SetUSBAddress
 .text.USBD_LL_Transmit
                0x0800c936       0x42 ./USB_DEVICE/Target/usbd_conf.o
                0x0800c936                USBD_LL_Transmit
 .text.USBD_LL_PrepareReceive
                0x0800c978       0x42 ./USB_DEVICE/Target/usbd_conf.o
                0x0800c978                USBD_LL_PrepareReceive
 .text.USBD_LL_GetRxDataSize
                0x0800c9ba       0x26 ./USB_DEVICE/Target/usbd_conf.o
                0x0800c9ba                USBD_LL_GetRxDataSize
 .text.USBD_static_malloc
                0x0800c9e0       0x1c ./USB_DEVICE/Target/usbd_conf.o
                0x0800c9e0                USBD_static_malloc
 .text.USBD_static_free
                0x0800c9fc       0x14 ./USB_DEVICE/Target/usbd_conf.o
                0x0800c9fc                USBD_static_free
 .text.USBD_Get_USB_Status
                0x0800ca10       0x58 ./USB_DEVICE/Target/usbd_conf.o
                0x0800ca10                USBD_Get_USB_Status
 .text._ZdlPvj  0x0800ca68        0x4 C:/ST/STM32CubeIDE_1.17.0/STM32CubeIDE/plugins/com.st.stm32cube.ide.mcu.externaltools.gnu-tools-for-stm32.12.3.rel1.win32_1.1.0.202410251130/tools/bin/../lib/gcc/arm-none-eabi/12.3.1/../../../../arm-none-eabi/lib/thumb/v7e-m+fp/hard\libstdc++_nano.a(del_ops.o)
                0x0800ca68                operator delete(void*, unsigned int)
 .text._Znwj    0x0800ca6c       0x22 C:/ST/STM32CubeIDE_1.17.0/STM32CubeIDE/plugins/com.st.stm32cube.ide.mcu.externaltools.gnu-tools-for-stm32.12.3.rel1.win32_1.1.0.202410251130/tools/bin/../lib/gcc/arm-none-eabi/12.3.1/../../../../arm-none-eabi/lib/thumb/v7e-m+fp/hard\libstdc++_nano.a(new_op.o)
                0x0800ca6c                operator new(unsigned int)
 .text._ZdlPv   0x0800ca8e        0x4 C:/ST/STM32CubeIDE_1.17.0/STM32CubeIDE/plugins/com.st.stm32cube.ide.mcu.externaltools.gnu-tools-for-stm32.12.3.rel1.win32_1.1.0.202410251130/tools/bin/../lib/gcc/arm-none-eabi/12.3.1/../../../../arm-none-eabi/lib/thumb/v7e-m+fp/hard\libstdc++_nano.a(del_op.o)
                0x0800ca8e                operator delete(void*)
 *fill*         0x0800ca92        0x2 
 .text._ZSt15get_new_handlerv
                0x0800ca94       0x10 C:/ST/STM32CubeIDE_1.17.0/STM32CubeIDE/plugins/com.st.stm32cube.ide.mcu.externaltools.gnu-tools-for-stm32.12.3.rel1.win32_1.1.0.202410251130/tools/bin/../lib/gcc/arm-none-eabi/12.3.1/../../../../arm-none-eabi/lib/thumb/v7e-m+fp/hard\libstdc++_nano.a(new_handler.o)
                0x0800ca94                std::get_new_handler()
 .text.abort    0x0800caa4        0xe C:/ST/STM32CubeIDE_1.17.0/STM32CubeIDE/plugins/com.st.stm32cube.ide.mcu.externaltools.gnu-tools-for-stm32.12.3.rel1.win32_1.1.0.202410251130/tools/bin/../lib/gcc/arm-none-eabi/12.3.1/../../../../arm-none-eabi/lib/thumb/v7e-m+fp/hard\libc_nano.a(libc_a-abort.o)
                0x0800caa4                abort
 *fill*         0x0800cab2        0x2 
 .text.malloc   0x0800cab4       0x10 C:/ST/STM32CubeIDE_1.17.0/STM32CubeIDE/plugins/com.st.stm32cube.ide.mcu.externaltools.gnu-tools-for-stm32.12.3.rel1.win32_1.1.0.202410251130/tools/bin/../lib/gcc/arm-none-eabi/12.3.1/../../../../arm-none-eabi/lib/thumb/v7e-m+fp/hard\libc_nano.a(libc_a-malloc.o)
                0x0800cab4                malloc
 .text.free     0x0800cac4       0x10 C:/ST/STM32CubeIDE_1.17.0/STM32CubeIDE/plugins/com.st.stm32cube.ide.mcu.externaltools.gnu-tools-for-stm32.12.3.rel1.win32_1.1.0.202410251130/tools/bin/../lib/gcc/arm-none-eabi/12.3.1/../../../../arm-none-eabi/lib/thumb/v7e-m+fp/hard\libc_nano.a(libc_a-malloc.o)
                0x0800cac4                free
 .text.sbrk_aligned
                0x0800cad4       0x44 C:/ST/STM32CubeIDE_1.17.0/STM32CubeIDE/plugins/com.st.stm32cube.ide.mcu.externaltools.gnu-tools-for-stm32.12.3.rel1.win32_1.1.0.202410251130/tools/bin/../lib/gcc/arm-none-eabi/12.3.1/../../../../arm-none-eabi/lib/thumb/v7e-m+fp/hard\libc_nano.a(libc_a-mallocr.o)
 .text._malloc_r
                0x0800cb18      0x100 C:/ST/STM32CubeIDE_1.17.0/STM32CubeIDE/plugins/com.st.stm32cube.ide.mcu.externaltools.gnu-tools-for-stm32.12.3.rel1.win32_1.1.0.202410251130/tools/bin/../lib/gcc/arm-none-eabi/12.3.1/../../../../arm-none-eabi/lib/thumb/v7e-m+fp/hard\libc_nano.a(libc_a-mallocr.o)
                0x0800cb18                _malloc_r
 .text.__malloc_lock
                0x0800cc18        0xc C:/ST/STM32CubeIDE_1.17.0/STM32CubeIDE/plugins/com.st.stm32cube.ide.mcu.externaltools.gnu-tools-for-stm32.12.3.rel1.win32_1.1.0.202410251130/tools/bin/../lib/gcc/arm-none-eabi/12.3.1/../../../../arm-none-eabi/lib/thumb/v7e-m+fp/hard\libc_nano.a(libc_a-mlock.o)
                0x0800cc18                __malloc_lock
 .text.__malloc_unlock
                0x0800cc24        0xc C:/ST/STM32CubeIDE_1.17.0/STM32CubeIDE/plugins/com.st.stm32cube.ide.mcu.externaltools.gnu-tools-for-stm32.12.3.rel1.win32_1.1.0.202410251130/tools/bin/../lib/gcc/arm-none-eabi/12.3.1/../../../../arm-none-eabi/lib/thumb/v7e-m+fp/hard\libc_nano.a(libc_a-mlock.o)
                0x0800cc24                __malloc_unlock
 .text.__cvt    0x0800cc30       0xca C:/ST/STM32CubeIDE_1.17.0/STM32CubeIDE/plugins/com.st.stm32cube.ide.mcu.externaltools.gnu-tools-for-stm32.12.3.rel1.win32_1.1.0.202410251130/tools/bin/../lib/gcc/arm-none-eabi/12.3.1/../../../../arm-none-eabi/lib/thumb/v7e-m+fp/hard\libc_nano.a(libc_a-nano-vfprintf_float.o)
                0x0800cc30                __cvt
 .text.__exponent
                0x0800ccfa       0x74 C:/ST/STM32CubeIDE_1.17.0/STM32CubeIDE/plugins/com.st.stm32cube.ide.mcu.externaltools.gnu-tools-for-stm32.12.3.rel1.win32_1.1.0.202410251130/tools/bin/../lib/gcc/arm-none-eabi/12.3.1/../../../../arm-none-eabi/lib/thumb/v7e-m+fp/hard\libc_nano.a(libc_a-nano-vfprintf_float.o)
                0x0800ccfa                __exponent
 *fill*         0x0800cd6e        0x2 
 .text._printf_float
                0x0800cd70      0x454 C:/ST/STM32CubeIDE_1.17.0/STM32CubeIDE/plugins/com.st.stm32cube.ide.mcu.externaltools.gnu-tools-for-stm32.12.3.rel1.win32_1.1.0.202410251130/tools/bin/../lib/gcc/arm-none-eabi/12.3.1/../../../../arm-none-eabi/lib/thumb/v7e-m+fp/hard\libc_nano.a(libc_a-nano-vfprintf_float.o)
                0x0800cd70                _printf_float
 .text._printf_common
                0x0800d1c4       0xda C:/ST/STM32CubeIDE_1.17.0/STM32CubeIDE/plugins/com.st.stm32cube.ide.mcu.externaltools.gnu-tools-for-stm32.12.3.rel1.win32_1.1.0.202410251130/tools/bin/../lib/gcc/arm-none-eabi/12.3.1/../../../../arm-none-eabi/lib/thumb/v7e-m+fp/hard\libc_nano.a(libc_a-nano-vfprintf_i.o)
                0x0800d1c4                _printf_common
 *fill*         0x0800d29e        0x2 
 .text._printf_i
                0x0800d2a0      0x240 C:/ST/STM32CubeIDE_1.17.0/STM32CubeIDE/plugins/com.st.stm32cube.ide.mcu.externaltools.gnu-tools-for-stm32.12.3.rel1.win32_1.1.0.202410251130/tools/bin/../lib/gcc/arm-none-eabi/12.3.1/../../../../arm-none-eabi/lib/thumb/v7e-m+fp/hard\libc_nano.a(libc_a-nano-vfprintf_i.o)
                0x0800d2a0                _printf_i
 .text.std      0x0800d4e0       0x6c C:/ST/STM32CubeIDE_1.17.0/STM32CubeIDE/plugins/com.st.stm32cube.ide.mcu.externaltools.gnu-tools-for-stm32.12.3.rel1.win32_1.1.0.202410251130/tools/bin/../lib/gcc/arm-none-eabi/12.3.1/../../../../arm-none-eabi/lib/thumb/v7e-m+fp/hard\libc_nano.a(libc_a-findfp.o)
 .text.stdio_exit_handler
                0x0800d54c       0x18 C:/ST/STM32CubeIDE_1.17.0/STM32CubeIDE/plugins/com.st.stm32cube.ide.mcu.externaltools.gnu-tools-for-stm32.12.3.rel1.win32_1.1.0.202410251130/tools/bin/../lib/gcc/arm-none-eabi/12.3.1/../../../../arm-none-eabi/lib/thumb/v7e-m+fp/hard\libc_nano.a(libc_a-findfp.o)
 .text.cleanup_stdio
                0x0800d564       0x40 C:/ST/STM32CubeIDE_1.17.0/STM32CubeIDE/plugins/com.st.stm32cube.ide.mcu.externaltools.gnu-tools-for-stm32.12.3.rel1.win32_1.1.0.202410251130/tools/bin/../lib/gcc/arm-none-eabi/12.3.1/../../../../arm-none-eabi/lib/thumb/v7e-m+fp/hard\libc_nano.a(libc_a-findfp.o)
 .text.global_stdio_init.part.0
                0x0800d5a4       0x3c C:/ST/STM32CubeIDE_1.17.0/STM32CubeIDE/plugins/com.st.stm32cube.ide.mcu.externaltools.gnu-tools-for-stm32.12.3.rel1.win32_1.1.0.202410251130/tools/bin/../lib/gcc/arm-none-eabi/12.3.1/../../../../arm-none-eabi/lib/thumb/v7e-m+fp/hard\libc_nano.a(libc_a-findfp.o)
 .text.__sfp_lock_acquire
                0x0800d5e0        0xc C:/ST/STM32CubeIDE_1.17.0/STM32CubeIDE/plugins/com.st.stm32cube.ide.mcu.externaltools.gnu-tools-for-stm32.12.3.rel1.win32_1.1.0.202410251130/tools/bin/../lib/gcc/arm-none-eabi/12.3.1/../../../../arm-none-eabi/lib/thumb/v7e-m+fp/hard\libc_nano.a(libc_a-findfp.o)
                0x0800d5e0                __sfp_lock_acquire
 .text.__sfp_lock_release
                0x0800d5ec        0xc C:/ST/STM32CubeIDE_1.17.0/STM32CubeIDE/plugins/com.st.stm32cube.ide.mcu.externaltools.gnu-tools-for-stm32.12.3.rel1.win32_1.1.0.202410251130/tools/bin/../lib/gcc/arm-none-eabi/12.3.1/../../../../arm-none-eabi/lib/thumb/v7e-m+fp/hard\libc_nano.a(libc_a-findfp.o)
                0x0800d5ec                __sfp_lock_release
 .text.__sinit  0x0800d5f8       0x30 C:/ST/STM32CubeIDE_1.17.0/STM32CubeIDE/plugins/com.st.stm32cube.ide.mcu.externaltools.gnu-tools-for-stm32.12.3.rel1.win32_1.1.0.202410251130/tools/bin/../lib/gcc/arm-none-eabi/12.3.1/../../../../arm-none-eabi/lib/thumb/v7e-m+fp/hard\libc_nano.a(libc_a-findfp.o)
                0x0800d5f8                __sinit
 .text._fwalk_sglue
                0x0800d628       0x3c C:/ST/STM32CubeIDE_1.17.0/STM32CubeIDE/plugins/com.st.stm32cube.ide.mcu.externaltools.gnu-tools-for-stm32.12.3.rel1.win32_1.1.0.202410251130/tools/bin/../lib/gcc/arm-none-eabi/12.3.1/../../../../arm-none-eabi/lib/thumb/v7e-m+fp/hard\libc_nano.a(libc_a-fwalk.o)
                0x0800d628                _fwalk_sglue
 .text.sprintf  0x0800d664       0x40 C:/ST/STM32CubeIDE_1.17.0/STM32CubeIDE/plugins/com.st.stm32cube.ide.mcu.externaltools.gnu-tools-for-stm32.12.3.rel1.win32_1.1.0.202410251130/tools/bin/../lib/gcc/arm-none-eabi/12.3.1/../../../../arm-none-eabi/lib/thumb/v7e-m+fp/hard\libc_nano.a(libc_a-sprintf.o)
                0x0800d664                siprintf
                0x0800d664                sprintf
 .text.__sread  0x0800d6a4       0x22 C:/ST/STM32CubeIDE_1.17.0/STM32CubeIDE/plugins/com.st.stm32cube.ide.mcu.externaltools.gnu-tools-for-stm32.12.3.rel1.win32_1.1.0.202410251130/tools/bin/../lib/gcc/arm-none-eabi/12.3.1/../../../../arm-none-eabi/lib/thumb/v7e-m+fp/hard\libc_nano.a(libc_a-stdio.o)
                0x0800d6a4                __sread
 .text.__swrite
                0x0800d6c6       0x38 C:/ST/STM32CubeIDE_1.17.0/STM32CubeIDE/plugins/com.st.stm32cube.ide.mcu.externaltools.gnu-tools-for-stm32.12.3.rel1.win32_1.1.0.202410251130/tools/bin/../lib/gcc/arm-none-eabi/12.3.1/../../../../arm-none-eabi/lib/thumb/v7e-m+fp/hard\libc_nano.a(libc_a-stdio.o)
                0x0800d6c6                __swrite
 .text.__sseek  0x0800d6fe       0x24 C:/ST/STM32CubeIDE_1.17.0/STM32CubeIDE/plugins/com.st.stm32cube.ide.mcu.externaltools.gnu-tools-for-stm32.12.3.rel1.win32_1.1.0.202410251130/tools/bin/../lib/gcc/arm-none-eabi/12.3.1/../../../../arm-none-eabi/lib/thumb/v7e-m+fp/hard\libc_nano.a(libc_a-stdio.o)
                0x0800d6fe                __sseek
 .text.__sclose
                0x0800d722        0x8 C:/ST/STM32CubeIDE_1.17.0/STM32CubeIDE/plugins/com.st.stm32cube.ide.mcu.externaltools.gnu-tools-for-stm32.12.3.rel1.win32_1.1.0.202410251130/tools/bin/../lib/gcc/arm-none-eabi/12.3.1/../../../../arm-none-eabi/lib/thumb/v7e-m+fp/hard\libc_nano.a(libc_a-stdio.o)
                0x0800d722                __sclose
 .text.memset   0x0800d72a       0x10 C:/ST/STM32CubeIDE_1.17.0/STM32CubeIDE/plugins/com.st.stm32cube.ide.mcu.externaltools.gnu-tools-for-stm32.12.3.rel1.win32_1.1.0.202410251130/tools/bin/../lib/gcc/arm-none-eabi/12.3.1/../../../../arm-none-eabi/lib/thumb/v7e-m+fp/hard\libc_nano.a(libc_a-memset.o)
                0x0800d72a                memset
 .text._raise_r
                0x0800d73a       0x50 C:/ST/STM32CubeIDE_1.17.0/STM32CubeIDE/plugins/com.st.stm32cube.ide.mcu.externaltools.gnu-tools-for-stm32.12.3.rel1.win32_1.1.0.202410251130/tools/bin/../lib/gcc/arm-none-eabi/12.3.1/../../../../arm-none-eabi/lib/thumb/v7e-m+fp/hard\libc_nano.a(libc_a-signal.o)
                0x0800d73a                _raise_r
 *fill*         0x0800d78a        0x2 
 .text.raise    0x0800d78c       0x10 C:/ST/STM32CubeIDE_1.17.0/STM32CubeIDE/plugins/com.st.stm32cube.ide.mcu.externaltools.gnu-tools-for-stm32.12.3.rel1.win32_1.1.0.202410251130/tools/bin/../lib/gcc/arm-none-eabi/12.3.1/../../../../arm-none-eabi/lib/thumb/v7e-m+fp/hard\libc_nano.a(libc_a-signal.o)
                0x0800d78c                raise
 .text._localeconv_r
                0x0800d79c        0x8 C:/ST/STM32CubeIDE_1.17.0/STM32CubeIDE/plugins/com.st.stm32cube.ide.mcu.externaltools.gnu-tools-for-stm32.12.3.rel1.win32_1.1.0.202410251130/tools/bin/../lib/gcc/arm-none-eabi/12.3.1/../../../../arm-none-eabi/lib/thumb/v7e-m+fp/hard\libc_nano.a(libc_a-localeconv.o)
                0x0800d79c                _localeconv_r
 .text._close_r
                0x0800d7a4       0x20 C:/ST/STM32CubeIDE_1.17.0/STM32CubeIDE/plugins/com.st.stm32cube.ide.mcu.externaltools.gnu-tools-for-stm32.12.3.rel1.win32_1.1.0.202410251130/tools/bin/../lib/gcc/arm-none-eabi/12.3.1/../../../../arm-none-eabi/lib/thumb/v7e-m+fp/hard\libc_nano.a(libc_a-closer.o)
                0x0800d7a4                _close_r
 .text._reclaim_reent