../Core/Inc/Json/Memory/Allocator.hpp:25:9:virtual void* ArduinoJson::V721HB22::detail::DefaultAllocator::allocate(size_t)	16	static
../Core/Inc/Json/Memory/Allocator.hpp:29:8:virtual void ArduinoJson::V721HB22::detail::DefaultAllocator::deallocate(void*)	16	static
../Core/Inc/Json/Memory/Allocator.hpp:33:9:virtual void* ArduinoJson::V721HB22::detail::DefaultAllocator::reallocate(void*, size_t)	24	static
../Core/Inc/Json/Memory/Allocator.hpp:37:21:static ArduinoJson::V721HB22::Allocator* ArduinoJson::V721HB22::detail::DefaultAllocator::instance()	4	static
../Core/Inc/Json/Strings/Adapters/RamString.hpp:34:8:char ArduinoJson::V721HB22::detail::ZeroTerminatedRamString::operator[](size_t) const	16	static
../Core/Inc/Json/Strings/Adapters/RamString.hpp:102:8:char ArduinoJson::V721HB22::detail::SizedRamString::operator[](size_t) const	16	static
C:\ST\STM32CubeIDE_1.17.0\STM32CubeIDE\plugins\com.st.stm32cube.ide.mcu.externaltools.gnu-tools-for-stm32.12.3.rel1.win32_1.1.0.202410251130\tools\arm-none-eabi\include\c++\12.3.1\arm-none-eabi\thumb\v7e-m+fp\hard\bits\gthr-default.h:229:1:int __gthread_key_delete(__gthread_key_t)	16	static
../Core/Inc/Json/Strings/JsonString.hpp:21:3:ArduinoJson::V721HB22::JsonString::JsonString(const char*, Ownership)	24	static
../Core/Inc/Json/Strings/JsonString.hpp:24:3:ArduinoJson::V721HB22::JsonString::JsonString(const char*, size_t, Ownership)	24	static
../Core/Inc/Json/Strings/JsonString.hpp:28:15:const char* ArduinoJson::V721HB22::JsonString::c_str() const	16	static
../Core/Inc/Json/Strings/JsonString.hpp:44:10:size_t ArduinoJson::V721HB22::JsonString::size() const	16	static
../Core/Inc/Json/Collection/CollectionData.hpp:94:10:ArduinoJson::V721HB22::detail::SlotId ArduinoJson::V721HB22::detail::CollectionData::head() const	16	static
../Core/Inc/Json/Variant/VariantContent.hpp:45:13:bool ArduinoJson::V721HB22::detail::operator&(VariantType, VariantTypeBits)	16	static
../Core/Inc/Json/Variant/VariantContent.hpp:50:3:ArduinoJson::V721HB22::detail::VariantContent::VariantContent()	16	static
../Core/Inc/Json/Variant/VariantData.hpp:33:3:ArduinoJson::V721HB22::detail::VariantData::VariantData()	16	static
../Core/Inc/Json/Variant/VariantData.hpp:35:10:ArduinoJson::V721HB22::detail::SlotId ArduinoJson::V721HB22::detail::VariantData::next() const	16	static
../Core/Inc/Json/Memory/StringPool.hpp:17:3:constexpr ArduinoJson::V721HB22::detail::StringPool::StringPool()	16	static
../Core/Inc/Json/Memory/MemoryPoolList.hpp:27:3:ArduinoJson::V721HB22::detail::MemoryPoolList<T>::MemoryPoolList() [with T = ArduinoJson::V721HB22::detail::ResourceManager::SlotData]	16	static
../Core/Inc/Json/Memory/ResourceManager.hpp:31:3:ArduinoJson::V721HB22::detail::ResourceManager::ResourceManager(ArduinoJson::V721HB22::Allocator*)	16	static
../Core/Inc/Json/Variant/JsonVariantConst.hpp:41:12:ArduinoJson::V721HB22::JsonVariantConst::JsonVariantConst(const ArduinoJson::V721HB22::detail::VariantData*, const ArduinoJson::V721HB22::detail::ResourceManager*)	24	static
../Core/Inc/Json/Variant/JsonVariantConst.hpp:178:30:const ArduinoJson::V721HB22::detail::VariantData* ArduinoJson::V721HB22::JsonVariantConst::getData() const	16	static
../Core/Inc/Json/Variant/JsonVariantConst.hpp:182:34:const ArduinoJson::V721HB22::detail::ResourceManager* ArduinoJson::V721HB22::JsonVariantConst::getResourceManager() const	16	static
../Core/Inc/Json/Document/JsonDocument.hpp:24:12:ArduinoJson::V721HB22::JsonDocument::JsonDocument(ArduinoJson::V721HB22::Allocator*)	16	static
../Core/Inc/Json/Document/JsonDocument.hpp:319:3:ArduinoJson::V721HB22::JsonDocument::operator ArduinoJson::V721HB22::JsonVariantConst() const	16	static
../Core/Inc/Json/Document/JsonDocument.hpp:385:20:ArduinoJson::V721HB22::JsonVariantConst ArduinoJson::V721HB22::JsonDocument::getVariant() const	16	static
../Core/Inc/Json/Memory/ResourceManagerImpl.hpp:28:21:ArduinoJson::V721HB22::detail::VariantData* ArduinoJson::V721HB22::detail::ResourceManager::getVariant(ArduinoJson::V721HB22::detail::SlotId) const	16	static
../Core/Inc/Json/Memory/ResourceManagerImpl.hpp:47:26:ArduinoJson::V721HB22::detail::VariantExtension* ArduinoJson::V721HB22::detail::ResourceManager::getExtension(ArduinoJson::V721HB22::detail::SlotId) const	16	static
../Core/Inc/Json/Json/EscapeSequence.hpp:14:15:static char ArduinoJson::V721HB22::detail::EscapeSequence::escapeChar(char)	24	static
../Core/Inc/Json/Json/EscapeSequence.hpp:35:22:static const char* ArduinoJson::V721HB22::detail::EscapeSequence::escapeTable(bool)	16	static
../Core/Inc/Json/Numbers/FloatParts.hpp:52:20:constexpr uint32_t ArduinoJson::V721HB22::detail::pow10(int)	16	static
../Core/Inc/Json/Numbers/FloatParts.hpp:56:19:ArduinoJson::V721HB22::detail::FloatParts ArduinoJson::V721HB22::detail::decomposeFloat(ArduinoJson::V721HB22::JsonFloat, int8_t)	64	static
../Core/Inc/Json/Variant/VariantImpl.hpp:60:32:const ArduinoJson::V721HB22::detail::VariantExtension* ArduinoJson::V721HB22::detail::VariantData::getExtension(const ArduinoJson::V721HB22::detail::ResourceManager*) const	16	static
../Core/Src/Model/Process/BaseModel.cpp:9:1:BaseModel::BaseModel()	24	static
../Core/Src/Model/Process/BaseModel.cpp:14:21:virtual const ArduinoJson::V721HB22::JsonDocument& BaseModel::toJson() const	16	static
../Core/Src/Model/Process/BaseModel.cpp:18:13:virtual std::string BaseModel::toString() const	24	static
../Core/Inc/Json/Variant/VariantAttorney.hpp:25:15:getData()) ArduinoJson::V721HB22::detail::VariantAttorney::getData(TClient&) [with TClient = ArduinoJson::V721HB22::JsonVariantConst]	16	static
../Core/Inc/Json/Variant/VariantAttorney.hpp:19:15:getResourceManager()) ArduinoJson::V721HB22::detail::VariantAttorney::getResourceManager(TClient&) [with TClient = ArduinoJson::V721HB22::JsonVariantConst]	16	static
../Core/Inc/Json/Misc/SerializedValue.hpp:45:10:size_t ArduinoJson::V721HB22::SerializedValue<TChar*>::size() const [with TChar = const char]	16	static
../Core/Inc/Json/Misc/SerializedValue.hpp:41:10:TChar* ArduinoJson::V721HB22::SerializedValue<TChar*>::data() const [with TChar = const char]	16	static
../Core/Inc/Json/Memory/MemoryPoolList.hpp:107:6:T* ArduinoJson::V721HB22::detail::MemoryPoolList<T>::getSlot(ArduinoJson::V721HB22::detail::SlotId) const [with T = ArduinoJson::V721HB22::detail::ResourceManager::SlotData]	24	static
../Core/Inc/Json/Numbers/FloatParts.hpp:22:16:int16_t ArduinoJson::V721HB22::detail::normalize(TFloat&) [with TFloat = double]	56	static
../Core/Inc/Json/Json/JsonSerializer.hpp:134:1:ArduinoJson::V721HB22::detail::enable_if_t<(! ArduinoJson::V721HB22::detail::is_pointer<T>::value), unsigned int> ArduinoJson::V721HB22::serializeJson(JsonVariantConst, TDestination&) [with TDestination = std::__cxx11::basic_string<char>]	24	static
../Core/Inc/Json/Memory/MemoryPool.hpp:74:6:T* ArduinoJson::V721HB22::detail::MemoryPool<T>::getSlot(ArduinoJson::V721HB22::detail::SlotId) const [with T = ArduinoJson::V721HB22::detail::ResourceManager::SlotData]	16	static
../Core/Inc/Json/Numbers/FloatTraits.hpp:32:21:static ArduinoJson::V721HB22::detail::pgm_ptr<T> ArduinoJson::V721HB22::detail::FloatTraits<T, 8>::positiveBinaryPowersOfTen() [with T = double]	16	static
../Core/Inc/Json/Polyfills/pgmspace_generic.hpp:59:5:T ArduinoJson::V721HB22::detail::pgm_ptr<T>::operator[](intptr_t) const [with T = double]	16	static
../Core/Inc/Json/Numbers/FloatTraits.hpp:49:21:static ArduinoJson::V721HB22::detail::pgm_ptr<T> ArduinoJson::V721HB22::detail::FloatTraits<T, 8>::negativeBinaryPowersOfTen() [with T = double]	16	static
../Core/Inc/Json/Serialization/serialize.hpp:20:8:size_t ArduinoJson::V721HB22::detail::serialize(ArduinoJson::V721HB22::JsonVariantConst, TDestination&) [with TSerializer = JsonSerializer; TDestination = std::__cxx11::basic_string<char>]	32	static
../Core/Inc/Json/Polyfills/pgmspace_generic.hpp:57:12:ArduinoJson::V721HB22::detail::pgm_ptr<T>::pgm_ptr(const T*) [with T = double]	16	static
../Core/Inc/Json/Polyfills/pgmspace_generic.hpp:48:10:T ArduinoJson::V721HB22::detail::pgm_read(const T*) [with T = double]	16	static
../Core/Inc/Json/Serialization/Writers/StdStringWriter.hpp:24:3:ArduinoJson::V721HB22::detail::Writer<TDestination, typename ArduinoJson::V721HB22::detail::enable_if<ArduinoJson::V721HB22::detail::is_std_string<TDestination>::value, void>::type>::Writer(TDestination&) [with TDestination = std::__cxx11::basic_string<char>]	16	static
../Core/Inc/Json/Serialization/serialize.hpp:12:8:size_t ArduinoJson::V721HB22::detail::doSerialize(ArduinoJson::V721HB22::JsonVariantConst, TWriter) [with TSerializer = JsonSerializer; TWriter = Writer<std::__cxx11::basic_string<char>, void>]	48	static
../Core/Inc/Json/Misc/SerializedValue.hpp:36:12:ArduinoJson::V721HB22::SerializedValue<TChar*>::SerializedValue(TChar*, size_t) [with TChar = const char]	24	static
../Core/Inc/Json/Json/JsonSerializer.hpp:19:3:ArduinoJson::V721HB22::detail::JsonSerializer<TWriter>::JsonSerializer(TWriter, const ArduinoJson::V721HB22::detail::ResourceManager*) [with TWriter = ArduinoJson::V721HB22::detail::Writer<std::__cxx11::basic_string<char>, void>]	24	static
../Core/Inc/Json/Variant/VariantData.hpp:101:41:static typename TVisitor::result_type ArduinoJson::V721HB22::detail::VariantData::accept(const ArduinoJson::V721HB22::detail::VariantData*, const ArduinoJson::V721HB22::detail::ResourceManager*, TVisitor&) [with TVisitor = ArduinoJson::V721HB22::detail::JsonSerializer<ArduinoJson::V721HB22::detail::Writer<std::__cxx11::basic_string<char>, void> >]	24	static
../Core/Inc/Json/Strings/StringAdapters.hpp:66:13:void ArduinoJson::V721HB22::detail::stringGetChars(TAdaptedString, char*, size_t) [with TAdaptedString = StaticStringAdapter]	40	static
../Core/Inc/Json/Strings/StringAdapters.hpp:66:13:void ArduinoJson::V721HB22::detail::stringGetChars(TAdaptedString, char*, size_t) [with TAdaptedString = JsonStringAdapter]	40	static
../Core/Inc/Json/Json/TextFormatter.hpp:23:12:ArduinoJson::V721HB22::detail::TextFormatter<TWriter>::TextFormatter(TWriter) [with TWriter = ArduinoJson::V721HB22::detail::Writer<std::__cxx11::basic_string<char>, void>]	16	static
../Core/Inc/Json/Variant/VariantData.hpp:44:34:typename TVisitor::result_type ArduinoJson::V721HB22::detail::VariantData::accept(TVisitor&, const ArduinoJson::V721HB22::detail::ResourceManager*) const [with TVisitor = ArduinoJson::V721HB22::detail::JsonSerializer<ArduinoJson::V721HB22::detail::Writer<std::__cxx11::basic_string<char>, void> >]	80	static
../Core/Inc/Json/Json/JsonSerializer.hpp:101:10:size_t ArduinoJson::V721HB22::detail::JsonSerializer<TWriter>::visit(ArduinoJson::V721HB22::detail::nullptr_t) [with TWriter = ArduinoJson::V721HB22::detail::Writer<std::__cxx11::basic_string<char>, void>]	16	static
../Core/Inc/Json/Serialization/CountingDecorator.hpp:14:12:ArduinoJson::V721HB22::detail::CountingDecorator<TWriter>::CountingDecorator(TWriter&) [with TWriter = ArduinoJson::V721HB22::detail::Writer<std::__cxx11::basic_string<char>, void>]	16	static
../Core/Inc/Json/Json/JsonSerializer.hpp:66:52:ArduinoJson::V721HB22::detail::enable_if_t<ArduinoJson::V721HB22::detail::is_floating_point<U>::value, unsigned int> ArduinoJson::V721HB22::detail::JsonSerializer<TWriter>::visit(T) [with T = float; TWriter = ArduinoJson::V721HB22::detail::Writer<std::__cxx11::basic_string<char>, void>]	16	static
../Core/Inc/Json/Json/JsonSerializer.hpp:66:52:ArduinoJson::V721HB22::detail::enable_if_t<ArduinoJson::V721HB22::detail::is_floating_point<U>::value, unsigned int> ArduinoJson::V721HB22::detail::JsonSerializer<TWriter>::visit(T) [with T = double; TWriter = ArduinoJson::V721HB22::detail::Writer<std::__cxx11::basic_string<char>, void>]	24	static
../Core/Inc/Json/Json/JsonSerializer.hpp:22:10:size_t ArduinoJson::V721HB22::detail::JsonSerializer<TWriter>::visit(const ArduinoJson::V721HB22::detail::ArrayData&) [with TWriter = ArduinoJson::V721HB22::detail::Writer<std::__cxx11::basic_string<char>, void>]	24	static
../Core/Inc/Json/Json/JsonSerializer.hpp:42:10:size_t ArduinoJson::V721HB22::detail::JsonSerializer<TWriter>::visit(const ArduinoJson::V721HB22::detail::ObjectData&) [with TWriter = ArduinoJson::V721HB22::detail::Writer<std::__cxx11::basic_string<char>, void>]	24	static
../Core/Inc/Json/Json/JsonSerializer.hpp:76:10:size_t ArduinoJson::V721HB22::detail::JsonSerializer<TWriter>::visit(ArduinoJson::V721HB22::JsonString) [with TWriter = ArduinoJson::V721HB22::detail::Writer<std::__cxx11::basic_string<char>, void>]	32	static
../Core/Inc/Json/Json/JsonSerializer.hpp:81:10:size_t ArduinoJson::V721HB22::detail::JsonSerializer<TWriter>::visit(ArduinoJson::V721HB22::RawString) [with TWriter = ArduinoJson::V721HB22::detail::Writer<std::__cxx11::basic_string<char>, void>]	32	static
../Core/Inc/Json/Json/JsonSerializer.hpp:86:10:size_t ArduinoJson::V721HB22::detail::JsonSerializer<TWriter>::visit(ArduinoJson::V721HB22::JsonInteger) [with TWriter = ArduinoJson::V721HB22::detail::Writer<std::__cxx11::basic_string<char>, void>]	24	static
../Core/Inc/Json/Json/JsonSerializer.hpp:91:10:size_t ArduinoJson::V721HB22::detail::JsonSerializer<TWriter>::visit(ArduinoJson::V721HB22::JsonUInt) [with TWriter = ArduinoJson::V721HB22::detail::Writer<std::__cxx11::basic_string<char>, void>]	24	static
../Core/Inc/Json/Json/JsonSerializer.hpp:96:10:size_t ArduinoJson::V721HB22::detail::JsonSerializer<TWriter>::visit(bool) [with TWriter = ArduinoJson::V721HB22::detail::Writer<std::__cxx11::basic_string<char>, void>]	16	static
../Core/Inc/Json/Json/TextFormatter.hpp:152:8:void ArduinoJson::V721HB22::detail::TextFormatter<TWriter>::writeRaw(const char*) [with TWriter = ArduinoJson::V721HB22::detail::Writer<std::__cxx11::basic_string<char>, void>]	24	static
../Core/Inc/Json/Json/JsonSerializer.hpp:107:10:size_t ArduinoJson::V721HB22::detail::JsonSerializer<TWriter>::bytesWritten() const [with TWriter = ArduinoJson::V721HB22::detail::Writer<std::__cxx11::basic_string<char>, void>]	16	static
../Core/Inc/Json/Polyfills/math.hpp:16:6:bool ArduinoJson::V721HB22::detail::isnan(T) [with T = double]	24	static
../Core/Inc/Json/Polyfills/math.hpp:23:6:bool ArduinoJson::V721HB22::detail::isinf(T) [with T = double]	16	static
../Core/Inc/Json/Json/TextFormatter.hpp:68:8:void ArduinoJson::V721HB22::detail::TextFormatter<TWriter>::writeFloat(T) [with T = float; TWriter = ArduinoJson::V721HB22::detail::Writer<std::__cxx11::basic_string<char>, void>]	16	static
../Core/Inc/Json/Json/TextFormatter.hpp:68:8:void ArduinoJson::V721HB22::detail::TextFormatter<TWriter>::writeFloat(T) [with T = double; TWriter = ArduinoJson::V721HB22::detail::Writer<std::__cxx11::basic_string<char>, void>]	24	static
../Core/Inc/Json/Json/JsonSerializer.hpp:111:8:void ArduinoJson::V721HB22::detail::JsonSerializer<TWriter>::write(char) [with TWriter = ArduinoJson::V721HB22::detail::Writer<std::__cxx11::basic_string<char>, void>]	16	static
../Core/Inc/Json/Json/TextFormatter.hpp:47:8:void ArduinoJson::V721HB22::detail::TextFormatter<TWriter>::writeString(const char*, size_t) [with TWriter = ArduinoJson::V721HB22::detail::Writer<std::__cxx11::basic_string<char>, void>]	24	static
../Core/Inc/Json/Json/TextFormatter.hpp:156:8:void ArduinoJson::V721HB22::detail::TextFormatter<TWriter>::writeRaw(const char*, size_t) [with TWriter = ArduinoJson::V721HB22::detail::Writer<std::__cxx11::basic_string<char>, void>]	24	static
../Core/Inc/Json/Json/TextFormatter.hpp:107:36:ArduinoJson::V721HB22::detail::enable_if_t<ArduinoJson::V721HB22::detail::is_signed<TOut>::value> ArduinoJson::V721HB22::detail::TextFormatter<TWriter>::writeInteger(T) [with T = long long int; TWriter = ArduinoJson::V721HB22::detail::Writer<std::__cxx11::basic_string<char>, void>]	40	static
../Core/Inc/Json/Json/TextFormatter.hpp:120:38:ArduinoJson::V721HB22::detail::enable_if_t<ArduinoJson::V721HB22::detail::is_unsigned<TOut>::value> ArduinoJson::V721HB22::detail::TextFormatter<TWriter>::writeInteger(T) [with T = long long unsigned int; TWriter = ArduinoJson::V721HB22::detail::Writer<std::__cxx11::basic_string<char>, void>]	56	static
../Core/Inc/Json/Json/TextFormatter.hpp:32:8:void ArduinoJson::V721HB22::detail::TextFormatter<TWriter>::writeBoolean(bool) [with TWriter = ArduinoJson::V721HB22::detail::Writer<std::__cxx11::basic_string<char>, void>]	16	static
../Core/Inc/Json/Serialization/CountingDecorator.hpp:20:8:void ArduinoJson::V721HB22::detail::CountingDecorator<TWriter>::write(const uint8_t*, size_t) [with TWriter = ArduinoJson::V721HB22::detail::Writer<std::__cxx11::basic_string<char>, void>]	24	static
../Core/Inc/Json/Json/TextFormatter.hpp:28:10:size_t ArduinoJson::V721HB22::detail::TextFormatter<TWriter>::bytesWritten() const [with TWriter = ArduinoJson::V721HB22::detail::Writer<std::__cxx11::basic_string<char>, void>]	16	static
../Core/Inc/Json/Json/TextFormatter.hpp:72:8:void ArduinoJson::V721HB22::detail::TextFormatter<TWriter>::writeFloat(ArduinoJson::V721HB22::JsonFloat, int8_t) [with TWriter = ArduinoJson::V721HB22::detail::Writer<std::__cxx11::basic_string<char>, void>]	48	static
../Core/Inc/Json/Json/TextFormatter.hpp:169:8:void ArduinoJson::V721HB22::detail::TextFormatter<TWriter>::writeRaw(char) [with TWriter = ArduinoJson::V721HB22::detail::Writer<std::__cxx11::basic_string<char>, void>]	16	static
../Core/Inc/Json/Json/TextFormatter.hpp:55:8:void ArduinoJson::V721HB22::detail::TextFormatter<TWriter>::writeChar(char) [with TWriter = ArduinoJson::V721HB22::detail::Writer<std::__cxx11::basic_string<char>, void>]	24	static
../Core/Inc/Json/Json/TextFormatter.hpp:160:8:void ArduinoJson::V721HB22::detail::TextFormatter<TWriter>::writeRaw(const char*, const char*) [with TWriter = ArduinoJson::V721HB22::detail::Writer<std::__cxx11::basic_string<char>, void>]	24	static
../Core/Inc/Json/Serialization/Writers/StdStringWriter.hpp:33:10:size_t ArduinoJson::V721HB22::detail::Writer<TDestination, typename ArduinoJson::V721HB22::detail::enable_if<ArduinoJson::V721HB22::detail::is_std_string<TDestination>::value, void>::type>::write(const uint8_t*, size_t) [with TDestination = std::__cxx11::basic_string<char>]	24	static
../Core/Inc/Json/Serialization/CountingDecorator.hpp:24:10:size_t ArduinoJson::V721HB22::detail::CountingDecorator<TWriter>::count() const [with TWriter = ArduinoJson::V721HB22::detail::Writer<std::__cxx11::basic_string<char>, void>]	16	static
../Core/Inc/Json/Json/TextFormatter.hpp:120:38:ArduinoJson::V721HB22::detail::enable_if_t<ArduinoJson::V721HB22::detail::is_unsigned<TOut>::value> ArduinoJson::V721HB22::detail::TextFormatter<TWriter>::writeInteger(T) [with T = long unsigned int; TWriter = ArduinoJson::V721HB22::detail::Writer<std::__cxx11::basic_string<char>, void>]	48	static
../Core/Inc/Json/Json/TextFormatter.hpp:135:8:void ArduinoJson::V721HB22::detail::TextFormatter<TWriter>::writeDecimals(uint32_t, int8_t) [with TWriter = ArduinoJson::V721HB22::detail::Writer<std::__cxx11::basic_string<char>, void>]	48	static
../Core/Inc/Json/Json/TextFormatter.hpp:107:36:ArduinoJson::V721HB22::detail::enable_if_t<ArduinoJson::V721HB22::detail::is_signed<TOut>::value> ArduinoJson::V721HB22::detail::TextFormatter<TWriter>::writeInteger(T) [with T = short int; TWriter = ArduinoJson::V721HB22::detail::Writer<std::__cxx11::basic_string<char>, void>]	24	static
../Core/Inc/Json/Serialization/CountingDecorator.hpp:16:8:void ArduinoJson::V721HB22::detail::CountingDecorator<TWriter>::write(uint8_t) [with TWriter = ArduinoJson::V721HB22::detail::Writer<std::__cxx11::basic_string<char>, void>]	16	static
../Core/Inc/Json/Json/TextFormatter.hpp:120:38:ArduinoJson::V721HB22::detail::enable_if_t<ArduinoJson::V721HB22::detail::is_unsigned<TOut>::value> ArduinoJson::V721HB22::detail::TextFormatter<TWriter>::writeInteger(T) [with T = short unsigned int; TWriter = ArduinoJson::V721HB22::detail::Writer<std::__cxx11::basic_string<char>, void>]	48	static
../Core/Inc/Json/Serialization/Writers/StdStringWriter.hpp:28:10:size_t ArduinoJson::V721HB22::detail::Writer<TDestination, typename ArduinoJson::V721HB22::detail::enable_if<ArduinoJson::V721HB22::detail::is_std_string<TDestination>::value, void>::type>::write(uint8_t) [with TDestination = std::__cxx11::basic_string<char>]	16	static
../Core/Inc/Json/Strings/StringAdapters.hpp:66:13:void ArduinoJson::V721HB22::detail::stringGetChars(TAdaptedString, char*, size_t) [with TAdaptedString = SizedRamString]	40	static
