../Core/Inc/Json/Memory/StringNode.hpp:30:27:static constexpr size_t ArduinoJson::V721HB22::detail::StringNode::sizeForLength(size_t)	16	static
../Core/Inc/Json/Memory/StringNode.hpp:34:22:static ArduinoJson::V721HB22::detail::StringNode* ArduinoJson::V721HB22::detail::StringNode::create(size_t, ArduinoJson::V721HB22::Allocator*)	24	static
../Core/Inc/Json/Memory/StringNode.hpp:64:15:static void ArduinoJson::V721HB22::detail::StringNode::destroy(ArduinoJson::V721HB22::detail::StringNode*, ArduinoJson::V721HB22::Allocator*)	16	static
../Core/Inc/Json/Strings/Adapters/RamString.hpp:24:3:ArduinoJson::V721HB22::detail::ZeroTerminatedRamString::ZeroTerminatedRamString(const char*)	16	static
../Core/Inc/Json/Strings/Adapters/RamString.hpp:26:8:bool ArduinoJson::V721HB22::detail::ZeroTerminatedRamString::isNull() const	16	static
../Core/Inc/Json/Strings/Adapters/RamString.hpp:34:8:char ArduinoJson::V721HB22::detail::ZeroTerminatedRamString::operator[](size_t) const	16	static
../Core/Inc/Json/Strings/Adapters/RamString.hpp:40:15:const char* ArduinoJson::V721HB22::detail::ZeroTerminatedRamString::data() const	16	static
../Core/Inc/Json/Strings/Adapters/RamString.hpp:72:3:ArduinoJson::V721HB22::detail::StaticStringAdapter::StaticStringAdapter(const char*)	16	static
../Core/Inc/Json/Strings/Adapters/RamString.hpp:74:8:bool ArduinoJson::V721HB22::detail::StaticStringAdapter::isLinked() const	16	static
../Core/Inc/Json/Strings/Adapters/RamString.hpp:83:24:static ArduinoJson::V721HB22::detail::StringAdapter<const char*, void>::AdaptedString ArduinoJson::V721HB22::detail::StringAdapter<const char*, void>::adapt(const char*)	24	static
../Core/Inc/Json/Strings/Adapters/RamString.hpp:92:3:ArduinoJson::V721HB22::detail::SizedRamString::SizedRamString(const char*, size_t)	24	static
../Core/Inc/Json/Strings/Adapters/RamString.hpp:94:8:bool ArduinoJson::V721HB22::detail::SizedRamString::isNull() const	16	static
../Core/Inc/Json/Strings/Adapters/RamString.hpp:98:10:size_t ArduinoJson::V721HB22::detail::SizedRamString::size() const	16	static
../Core/Inc/Json/Strings/Adapters/RamString.hpp:102:8:char ArduinoJson::V721HB22::detail::SizedRamString::operator[](size_t) const	16	static
../Core/Inc/Json/Strings/Adapters/RamString.hpp:108:15:const char* ArduinoJson::V721HB22::detail::SizedRamString::data() const	16	static
C:\ST\STM32CubeIDE_1.17.0\STM32CubeIDE\plugins\com.st.stm32cube.ide.mcu.externaltools.gnu-tools-for-stm32.12.3.rel1.win32_1.1.0.202410251130\tools\arm-none-eabi\include\c++\12.3.1\arm-none-eabi\thumb\v7e-m+fp\hard\bits\gthr-default.h:229:1:int __gthread_key_delete(__gthread_key_t)	16	static
../Core/Inc/Json/Strings/JsonString.hpp:19:3:ArduinoJson::V721HB22::JsonString::JsonString()	16	static
../Core/Inc/Json/Strings/JsonString.hpp:21:3:ArduinoJson::V721HB22::JsonString::JsonString(const char*, Ownership)	24	static
../Core/Inc/Json/Strings/JsonString.hpp:24:3:ArduinoJson::V721HB22::JsonString::JsonString(const char*, size_t, Ownership)	24	static
../Core/Inc/Json/Strings/JsonString.hpp:28:15:const char* ArduinoJson::V721HB22::JsonString::c_str() const	16	static
../Core/Inc/Json/Strings/JsonString.hpp:39:8:bool ArduinoJson::V721HB22::JsonString::isLinked() const	16	static
../Core/Inc/Json/Strings/JsonString.hpp:44:10:size_t ArduinoJson::V721HB22::JsonString::size() const	16	static
../Core/Inc/Json/Strings/Adapters/JsonString.hpp:15:3:ArduinoJson::V721HB22::detail::JsonStringAdapter::JsonStringAdapter(const ArduinoJson::V721HB22::JsonString&)	24	static
../Core/Inc/Json/Strings/Adapters/JsonString.hpp:18:8:bool ArduinoJson::V721HB22::detail::JsonStringAdapter::isLinked() const	16	static
../Core/Inc/Json/Strings/Adapters/JsonString.hpp:30:24:static ArduinoJson::V721HB22::detail::StringAdapter<ArduinoJson::V721HB22::JsonString>::AdaptedString ArduinoJson::V721HB22::detail::StringAdapter<ArduinoJson::V721HB22::JsonString>::adapt(const ArduinoJson::V721HB22::JsonString&)	16	static
../Core/Inc/Json/Memory/StringPool.hpp:66:8:void ArduinoJson::V721HB22::detail::StringPool::add(ArduinoJson::V721HB22::detail::StringNode*)	16	static
../Core/Inc/Json/Memory/StringPool.hpp:81:8:void ArduinoJson::V721HB22::detail::StringPool::dereference(const char*, ArduinoJson::V721HB22::Allocator*)	32	static
../Core/Inc/Json/Collection/CollectionData.hpp:21:3:ArduinoJson::V721HB22::detail::CollectionIterator::CollectionIterator()	16	static
../Core/Inc/Json/Collection/CollectionData.hpp:25:8:bool ArduinoJson::V721HB22::detail::CollectionIterator::done() const	16	static
../Core/Inc/Json/Collection/CollectionData.hpp:33:8:bool ArduinoJson::V721HB22::detail::CollectionIterator::operator!=(const ArduinoJson::V721HB22::detail::CollectionIterator&) const	16	static
../Core/Inc/Json/Collection/CollectionData.hpp:37:16:ArduinoJson::V721HB22::detail::VariantData* ArduinoJson::V721HB22::detail::CollectionIterator::operator->()	16	static
../Core/Inc/Json/Collection/CollectionData.hpp:52:16:ArduinoJson::V721HB22::detail::VariantData* ArduinoJson::V721HB22::detail::CollectionIterator::data()	16	static
../Core/Inc/Json/Collection/CollectionData.hpp:56:22:const ArduinoJson::V721HB22::detail::VariantData* ArduinoJson::V721HB22::detail::CollectionIterator::data() const	16	static
../Core/Inc/Json/Collection/CollectionData.hpp:73:16:static void* ArduinoJson::V721HB22::detail::CollectionData::operator new(size_t, void*)	16	static
../Core/Inc/Json/Collection/CollectionData.hpp:88:15:static void ArduinoJson::V721HB22::detail::CollectionData::clear(ArduinoJson::V721HB22::detail::CollectionData*, ArduinoJson::V721HB22::detail::ResourceManager*)	16	static
../Core/Inc/Json/Collection/CollectionData.hpp:110:27:const ArduinoJson::V721HB22::detail::VariantData* ArduinoJson::V721HB22::detail::collectionToVariant(const CollectionData*)	24	static
../Core/Inc/Json/Collection/CollectionData.hpp:116:21:ArduinoJson::V721HB22::detail::VariantData* ArduinoJson::V721HB22::detail::collectionToVariant(CollectionData*)	24	static
../Core/Inc/Json/Variant/VariantContent.hpp:45:13:bool ArduinoJson::V721HB22::detail::operator&(VariantType, VariantTypeBits)	16	static
../Core/Inc/Json/Variant/VariantContent.hpp:50:3:ArduinoJson::V721HB22::detail::VariantContent::VariantContent()	16	static
../Core/Inc/Json/Variant/VariantData.hpp:27:16:static void* ArduinoJson::V721HB22::detail::VariantData::operator new(size_t, void*)	16	static
../Core/Inc/Json/Variant/VariantData.hpp:33:3:ArduinoJson::V721HB22::detail::VariantData::VariantData()	16	static
../Core/Inc/Json/Variant/VariantData.hpp:35:10:ArduinoJson::V721HB22::detail::SlotId ArduinoJson::V721HB22::detail::VariantData::next() const	16	static
../Core/Inc/Json/Variant/VariantData.hpp:39:8:void ArduinoJson::V721HB22::detail::VariantData::setNext(ArduinoJson::V721HB22::detail::SlotId)	16	static
../Core/Inc/Json/Variant/VariantData.hpp:166:14:ArduinoJson::V721HB22::detail::ArrayData* ArduinoJson::V721HB22::detail::VariantData::asArray()	16	static
../Core/Inc/Json/Variant/VariantData.hpp:174:19:ArduinoJson::V721HB22::detail::CollectionData* ArduinoJson::V721HB22::detail::VariantData::asCollection()	16	static
../Core/Inc/Json/Variant/VariantData.hpp:253:15:ArduinoJson::V721HB22::detail::ObjectData* ArduinoJson::V721HB22::detail::VariantData::asObject()	16	static
../Core/Inc/Json/Variant/VariantData.hpp:257:21:const ArduinoJson::V721HB22::detail::ObjectData* ArduinoJson::V721HB22::detail::VariantData::asObject() const	16	static
../Core/Inc/Json/Variant/VariantData.hpp:271:14:ArduinoJson::V721HB22::JsonString ArduinoJson::V721HB22::detail::VariantData::asString() const	16	static
../Core/Inc/Json/Variant/VariantData.hpp:328:8:bool ArduinoJson::V721HB22::detail::VariantData::isArray() const	16	static
../Core/Inc/Json/Variant/VariantData.hpp:336:8:bool ArduinoJson::V721HB22::detail::VariantData::isCollection() const	16	static
../Core/Inc/Json/Variant/VariantData.hpp:340:8:bool ArduinoJson::V721HB22::detail::VariantData::isFloat() const	16	static
../Core/Inc/Json/Variant/VariantData.hpp:371:8:bool ArduinoJson::V721HB22::detail::VariantData::isNull() const	16	static
../Core/Inc/Json/Variant/VariantData.hpp:375:15:static bool ArduinoJson::V721HB22::detail::VariantData::isNull(const ArduinoJson::V721HB22::detail::VariantData*)	16	static
../Core/Inc/Json/Variant/VariantData.hpp:381:8:bool ArduinoJson::V721HB22::detail::VariantData::isObject() const	16	static
../Core/Inc/Json/Variant/VariantData.hpp:385:8:bool ArduinoJson::V721HB22::detail::VariantData::isString() const	16	static
../Core/Inc/Json/Variant/VariantData.hpp:433:8:void ArduinoJson::V721HB22::detail::VariantData::setBoolean(bool)	16	static
../Core/Inc/Json/Variant/VariantData.hpp:458:8:void ArduinoJson::V721HB22::detail::VariantData::setRawString(ArduinoJson::V721HB22::detail::StringNode*)	16	static
../Core/Inc/Json/Variant/VariantData.hpp:494:8:void ArduinoJson::V721HB22::detail::VariantData::setLinkedString(const char*)	16	static
../Core/Inc/Json/Variant/VariantData.hpp:501:8:void ArduinoJson::V721HB22::detail::VariantData::setOwnedString(ArduinoJson::V721HB22::detail::StringNode*)	16	static
../Core/Inc/Json/Collection/CollectionData.hpp:67:7:constexpr ArduinoJson::V721HB22::detail::CollectionData::CollectionData()	16	static
../Core/Inc/Json/Array/ArrayData.hpp:11:7:constexpr ArduinoJson::V721HB22::detail::ArrayData::ArrayData()	16	static
../Core/Inc/Json/Variant/VariantData.hpp:522:14:ArduinoJson::V721HB22::detail::ArrayData& ArduinoJson::V721HB22::detail::VariantData::toArray()	16	static
../Core/Inc/Json/Variant/VariantData.hpp:529:21:static ArduinoJson::V721HB22::detail::ArrayData* ArduinoJson::V721HB22::detail::VariantData::toArray(ArduinoJson::V721HB22::detail::VariantData*, ArduinoJson::V721HB22::detail::ResourceManager*)	16	static
../Core/Inc/Json/Object/ObjectData.hpp:11:7:constexpr ArduinoJson::V721HB22::detail::ObjectData::ObjectData()	16	static
../Core/Inc/Json/Variant/VariantData.hpp:536:15:ArduinoJson::V721HB22::detail::ObjectData& ArduinoJson::V721HB22::detail::VariantData::toObject()	16	static
../Core/Inc/Json/Variant/VariantData.hpp:543:22:static ArduinoJson::V721HB22::detail::ObjectData* ArduinoJson::V721HB22::detail::VariantData::toObject(ArduinoJson::V721HB22::detail::VariantData*, ArduinoJson::V721HB22::detail::ResourceManager*)	16	static
../Core/Inc/Json/Variant/VariantData.hpp:557:15:static void ArduinoJson::V721HB22::detail::VariantData::clear(ArduinoJson::V721HB22::detail::VariantData*, ArduinoJson::V721HB22::detail::ResourceManager*)	16	static
../Core/Inc/Json/Memory/ResourceManager.hpp:57:8:bool ArduinoJson::V721HB22::detail::ResourceManager::overflowed() const	16	static
../Core/Inc/Json/Memory/ResourceManager.hpp:110:8:void ArduinoJson::V721HB22::detail::ResourceManager::dereferenceString(const char*)	16	static
../Core/Inc/Json/Variant/JsonVariantConst.hpp:38:3:ArduinoJson::V721HB22::JsonVariantConst::JsonVariantConst()	16	static
../Core/Inc/Json/Variant/JsonVariantConst.hpp:41:12:ArduinoJson::V721HB22::JsonVariantConst::JsonVariantConst(const ArduinoJson::V721HB22::detail::VariantData*, const ArduinoJson::V721HB22::detail::ResourceManager*)	24	static
../Core/Inc/Json/Variant/JsonVariantConst.hpp:47:8:bool ArduinoJson::V721HB22::JsonVariantConst::isNull() const	16	static
../Core/Inc/Json/Variant/JsonVariantConst.hpp:178:30:const ArduinoJson::V721HB22::detail::VariantData* ArduinoJson::V721HB22::JsonVariantConst::getData() const	16	static
../Core/Inc/Json/Variant/JsonVariantConst.hpp:182:34:const ArduinoJson::V721HB22::detail::ResourceManager* ArduinoJson::V721HB22::JsonVariantConst::getResourceManager() const	16	static
../Core/Inc/Json/Variant/JsonVariant.hpp:22:3:ArduinoJson::V721HB22::JsonVariant::JsonVariant(ArduinoJson::V721HB22::detail::VariantData*, ArduinoJson::V721HB22::detail::ResourceManager*)	24	static
../Core/Inc/Json/Variant/JsonVariant.hpp:26:28:ArduinoJson::V721HB22::detail::ResourceManager* ArduinoJson::V721HB22::JsonVariant::getResourceManager() const	16	static
../Core/Inc/Json/Variant/JsonVariant.hpp:30:24:ArduinoJson::V721HB22::detail::VariantData* ArduinoJson::V721HB22::JsonVariant::getData() const	16	static
../Core/Inc/Json/Variant/JsonVariant.hpp:34:24:ArduinoJson::V721HB22::detail::VariantData* ArduinoJson::V721HB22::JsonVariant::getOrCreateData() const	16	static
../Core/Inc/Json/Variant/JsonVariant.hpp:64:15:static void ArduinoJson::V721HB22::Converter<ArduinoJson::V721HB22::JsonVariantConst>::toJson(ArduinoJson::V721HB22::JsonVariantConst, ArduinoJson::V721HB22::JsonVariant)	32	static
../Core/Inc/Json/Variant/JsonVariant.hpp:68:27:static ArduinoJson::V721HB22::JsonVariantConst ArduinoJson::V721HB22::Converter<ArduinoJson::V721HB22::JsonVariantConst>::fromJson(ArduinoJson::V721HB22::JsonVariantConst)	32	static
../Core/Inc/Json/Array/JsonArrayIterator.hpp:66:3:ArduinoJson::V721HB22::JsonArrayConstIterator::JsonArrayConstIterator()	16	static
../Core/Inc/Json/Array/JsonArrayIterator.hpp:67:12:ArduinoJson::V721HB22::JsonArrayConstIterator::JsonArrayConstIterator(ArduinoJson::V721HB22::detail::CollectionData::iterator, const ArduinoJson::V721HB22::detail::ResourceManager*)	24	static
../Core/Inc/Json/Array/JsonArrayIterator.hpp:71:20:ArduinoJson::V721HB22::JsonVariantConst ArduinoJson::V721HB22::JsonArrayConstIterator::operator*() const	16	static
../Core/Inc/Json/Array/JsonArrayIterator.hpp:82:8:bool ArduinoJson::V721HB22::JsonArrayConstIterator::operator!=(const ArduinoJson::V721HB22::JsonArrayConstIterator&) const	16	static
../Core/Inc/Json/Array/JsonArrayIterator.hpp:86:27:ArduinoJson::V721HB22::JsonArrayConstIterator& ArduinoJson::V721HB22::JsonArrayConstIterator::operator++()	16	static
../Core/Inc/Json/Array/JsonArrayConst.hpp:26:12:ArduinoJson::V721HB22::JsonArrayConst::iterator ArduinoJson::V721HB22::JsonArrayConst::begin() const	24	static
../Core/Inc/Json/Array/JsonArrayConst.hpp:34:12:ArduinoJson::V721HB22::JsonArrayConst::iterator ArduinoJson::V721HB22::JsonArrayConst::end() const	16	static
../Core/Inc/Json/Array/JsonArrayConst.hpp:42:3:ArduinoJson::V721HB22::JsonArrayConst::JsonArrayConst(const ArduinoJson::V721HB22::detail::ArrayData*, const ArduinoJson::V721HB22::detail::ResourceManager*)	24	static
../Core/Inc/Json/Array/JsonArrayConst.hpp:73:8:bool ArduinoJson::V721HB22::JsonArrayConst::isNull() const	16	static
../Core/Inc/Json/Array/JsonArray.hpp:26:3:ArduinoJson::V721HB22::JsonArray::JsonArray(ArduinoJson::V721HB22::detail::ArrayData*, ArduinoJson::V721HB22::detail::ResourceManager*)	24	static
../Core/Inc/Json/Array/JsonArray.hpp:90:8:bool ArduinoJson::V721HB22::JsonArray::set(ArduinoJson::V721HB22::JsonArrayConst) const	64	static
../Core/Inc/Json/Array/JsonArray.hpp:126:8:void ArduinoJson::V721HB22::JsonArray::clear() const	16	static
../Core/Inc/Json/Object/JsonPair.hpp:46:3:ArduinoJson::V721HB22::JsonPairConst::JsonPairConst(ArduinoJson::V721HB22::detail::CollectionData::iterator, const ArduinoJson::V721HB22::detail::ResourceManager*)	48	static
../Core/Inc/Json/Object/JsonPair.hpp:56:14:ArduinoJson::V721HB22::JsonString ArduinoJson::V721HB22::JsonPairConst::key() const	16	static
../Core/Inc/Json/Object/JsonPair.hpp:61:20:ArduinoJson::V721HB22::JsonVariantConst ArduinoJson::V721HB22::JsonPairConst::value() const	16	static
../Core/Inc/Json/Object/JsonObjectIterator.hpp:51:3:ArduinoJson::V721HB22::JsonObjectConstIterator::JsonObjectConstIterator()	16	static
../Core/Inc/Json/Object/JsonObjectIterator.hpp:53:12:ArduinoJson::V721HB22::JsonObjectConstIterator::JsonObjectConstIterator(ArduinoJson::V721HB22::detail::CollectionData::iterator, const ArduinoJson::V721HB22::detail::ResourceManager*)	24	static
../Core/Inc/Json/Object/JsonObjectIterator.hpp:57:17:ArduinoJson::V721HB22::JsonPairConst ArduinoJson::V721HB22::JsonObjectConstIterator::operator*() const	16	static
../Core/Inc/Json/Object/JsonObjectIterator.hpp:68:8:bool ArduinoJson::V721HB22::JsonObjectConstIterator::operator!=(const ArduinoJson::V721HB22::JsonObjectConstIterator&) const	16	static
../Core/Inc/Json/Object/JsonObjectIterator.hpp:72:28:ArduinoJson::V721HB22::JsonObjectConstIterator& ArduinoJson::V721HB22::JsonObjectConstIterator::operator++()	16	static
../Core/Inc/Json/Object/JsonObjectConst.hpp:25:3:ArduinoJson::V721HB22::JsonObjectConst::JsonObjectConst(const ArduinoJson::V721HB22::detail::ObjectData*, const ArduinoJson::V721HB22::detail::ResourceManager*)	24	static
../Core/Inc/Json/Object/JsonObjectConst.hpp:29:3:ArduinoJson::V721HB22::JsonObjectConst::operator ArduinoJson::V721HB22::JsonVariantConst() const	16	static
../Core/Inc/Json/Object/JsonObjectConst.hpp:59:12:ArduinoJson::V721HB22::JsonObjectConst::iterator ArduinoJson::V721HB22::JsonObjectConst::begin() const	24	static
../Core/Inc/Json/Object/JsonObjectConst.hpp:67:12:ArduinoJson::V721HB22::JsonObjectConst::iterator ArduinoJson::V721HB22::JsonObjectConst::end() const	16	static
../Core/Inc/Json/Object/JsonObjectConst.hpp:137:30:const ArduinoJson::V721HB22::detail::VariantData* ArduinoJson::V721HB22::JsonObjectConst::getData() const	16	static
../Core/Inc/Json/Object/JsonObject.hpp:26:3:ArduinoJson::V721HB22::JsonObject::JsonObject(ArduinoJson::V721HB22::detail::ObjectData*, ArduinoJson::V721HB22::detail::ResourceManager*)	24	static
../Core/Inc/Json/Object/JsonObject.hpp:83:8:void ArduinoJson::V721HB22::JsonObject::clear() const	16	static
../Core/Inc/Json/Object/JsonObject.hpp:89:8:bool ArduinoJson::V721HB22::JsonObject::set(ArduinoJson::V721HB22::JsonObjectConst)	120	static
../Core/Inc/Json/Object/JsonObject.hpp:228:28:ArduinoJson::V721HB22::detail::ResourceManager* ArduinoJson::V721HB22::JsonObject::getResourceManager() const	16	static
../Core/Inc/Json/Object/JsonObject.hpp:236:24:ArduinoJson::V721HB22::detail::VariantData* ArduinoJson::V721HB22::JsonObject::getOrCreateData() const	16	static
../Core/Inc/Json/Document/JsonDocument.hpp:385:20:ArduinoJson::V721HB22::JsonVariantConst ArduinoJson::V721HB22::JsonDocument::getVariant() const	16	static
../Core/Inc/Json/Document/JsonDocument.hpp:389:28:ArduinoJson::V721HB22::detail::ResourceManager* ArduinoJson::V721HB22::JsonDocument::getResourceManager()	16	static
../Core/Inc/Json/Document/JsonDocument.hpp:401:24:ArduinoJson::V721HB22::detail::VariantData* ArduinoJson::V721HB22::JsonDocument::getOrCreateData()	16	static
../Core/Inc/Json/Document/JsonDocument.hpp:409:13:void ArduinoJson::V721HB22::convertToJson(const JsonDocument&, JsonVariant)	32	static
../Core/Inc/Json/Variant/VariantCompare.hpp:71:17:ArduinoJson::V721HB22::detail::CompareResult ArduinoJson::V721HB22::detail::NullComparer::visit(ArduinoJson::V721HB22::detail::nullptr_t)	16	static
../Core/Inc/Json/Variant/VariantCompare.hpp:80:12:ArduinoJson::V721HB22::detail::Comparer<std::nullptr_t, void>::Comparer(ArduinoJson::V721HB22::detail::nullptr_t)	16	static
../Core/Inc/Json/Collection/CollectionImpl.hpp:15:8:ArduinoJson::V721HB22::detail::CollectionIterator::CollectionIterator(ArduinoJson::V721HB22::detail::VariantData*, ArduinoJson::V721HB22::detail::SlotId)	24	static
../Core/Inc/Json/Collection/CollectionImpl.hpp:20:13:void ArduinoJson::V721HB22::detail::CollectionIterator::next(const ArduinoJson::V721HB22::detail::ResourceManager*)	16	static
../Core/Inc/Json/Collection/CollectionImpl.hpp:28:33:ArduinoJson::V721HB22::detail::CollectionData::iterator ArduinoJson::V721HB22::detail::CollectionData::createIterator(const ArduinoJson::V721HB22::detail::ResourceManager*) const	24	static
../Core/Inc/Json/Collection/CollectionImpl.hpp:33:13:void ArduinoJson::V721HB22::detail::CollectionData::appendOne(ArduinoJson::V721HB22::detail::Slot<ArduinoJson::V721HB22::detail::VariantData>, const ArduinoJson::V721HB22::detail::ResourceManager*)	40	static
../Core/Inc/Json/Collection/CollectionImpl.hpp:45:13:void ArduinoJson::V721HB22::detail::CollectionData::appendPair(ArduinoJson::V721HB22::detail::Slot<ArduinoJson::V721HB22::detail::VariantData>, ArduinoJson::V721HB22::detail::Slot<ArduinoJson::V721HB22::detail::VariantData>, const ArduinoJson::V721HB22::detail::ResourceManager*)	40	static
../Core/Inc/Json/Collection/CollectionImpl.hpp:60:13:void ArduinoJson::V721HB22::detail::CollectionData::clear(ArduinoJson::V721HB22::detail::ResourceManager*)	40	static
../Core/Inc/Json/Memory/ResourceManagerImpl.hpp:14:26:ArduinoJson::V721HB22::detail::Slot<ArduinoJson::V721HB22::detail::VariantData> ArduinoJson::V721HB22::detail::ResourceManager::allocVariant()	32	static
../Core/Inc/Json/Memory/ResourceManagerImpl.hpp:23:13:void ArduinoJson::V721HB22::detail::ResourceManager::freeVariant(ArduinoJson::V721HB22::detail::Slot<ArduinoJson::V721HB22::detail::VariantData>)	40	static
../Core/Inc/Json/Memory/ResourceManagerImpl.hpp:28:21:ArduinoJson::V721HB22::detail::VariantData* ArduinoJson::V721HB22::detail::ResourceManager::getVariant(ArduinoJson::V721HB22::detail::SlotId) const	16	static
../Core/Inc/Json/Memory/ResourceManagerImpl.hpp:33:31:ArduinoJson::V721HB22::detail::Slot<ArduinoJson::V721HB22::detail::VariantExtension> ArduinoJson::V721HB22::detail::ResourceManager::allocExtension()	32	static
../Core/Inc/Json/Memory/ResourceManagerImpl.hpp:42:13:void ArduinoJson::V721HB22::detail::ResourceManager::freeExtension(ArduinoJson::V721HB22::detail::SlotId)	40	static
../Core/Inc/Json/Memory/ResourceManagerImpl.hpp:47:26:ArduinoJson::V721HB22::detail::VariantExtension* ArduinoJson::V721HB22::detail::ResourceManager::getExtension(ArduinoJson::V721HB22::detail::SlotId) const	16	static
../Core/Inc/Json/Variant/ConverterImpl.hpp:108:15:static bool ArduinoJson::V721HB22::Converter<bool>::toJson(bool, ArduinoJson::V721HB22::JsonVariant)	32	static
../Core/Inc/Json/Variant/ConverterImpl.hpp:156:15:static void ArduinoJson::V721HB22::Converter<const char*>::toJson(const char*, ArduinoJson::V721HB22::JsonVariant)	32	static
../Core/Inc/Json/Variant/ConverterImpl.hpp:161:22:static const char* ArduinoJson::V721HB22::Converter<const char*>::fromJson(ArduinoJson::V721HB22::JsonVariantConst)	32	static
../Core/Inc/Json/Variant/ConverterImpl.hpp:166:15:static bool ArduinoJson::V721HB22::Converter<const char*>::checkJson(ArduinoJson::V721HB22::JsonVariantConst)	24	static
../Core/Inc/Json/Variant/ConverterImpl.hpp:174:15:static void ArduinoJson::V721HB22::Converter<ArduinoJson::V721HB22::JsonString>::toJson(ArduinoJson::V721HB22::JsonString, ArduinoJson::V721HB22::JsonVariant)	56	static
../Core/Inc/Json/Variant/ConverterImpl.hpp:212:15:static void ArduinoJson::V721HB22::Converter<std::nullptr_t>::toJson(ArduinoJson::V721HB22::detail::nullptr_t, ArduinoJson::V721HB22::JsonVariant)	32	static
../Core/Inc/Json/Variant/ConverterImpl.hpp:324:15:static void ArduinoJson::V721HB22::Converter<ArduinoJson::V721HB22::JsonArrayConst>::toJson(ArduinoJson::V721HB22::JsonArrayConst, ArduinoJson::V721HB22::JsonVariant)	48	static
../Core/Inc/Json/Variant/ConverterImpl.hpp:366:15:static void ArduinoJson::V721HB22::Converter<ArduinoJson::V721HB22::JsonObjectConst>::toJson(ArduinoJson::V721HB22::JsonVariantConst, ArduinoJson::V721HB22::JsonVariant)	56	static
../Core/Inc/Json/Variant/ConverterImpl.hpp:373:26:static ArduinoJson::V721HB22::JsonObjectConst ArduinoJson::V721HB22::Converter<ArduinoJson::V721HB22::JsonObjectConst>::fromJson(ArduinoJson::V721HB22::JsonVariantConst)	32	static
../Core/Inc/Json/Variant/JsonVariantCopier.hpp:16:3:ArduinoJson::V721HB22::detail::JsonVariantCopier::JsonVariantCopier(ArduinoJson::V721HB22::JsonVariant)	24	static
../Core/Inc/Json/Variant/JsonVariantCopier.hpp:27:13:bool ArduinoJson::V721HB22::detail::copyVariant(ArduinoJson::V721HB22::JsonVariant, ArduinoJson::V721HB22::JsonVariantConst)	40	static
../Core/Inc/Json/Variant/VariantImpl.hpp:43:13:void ArduinoJson::V721HB22::detail::VariantData::clear(ArduinoJson::V721HB22::detail::ResourceManager*)	24	static
../Core/Inc/Json/Variant/VariantImpl.hpp:60:32:const ArduinoJson::V721HB22::detail::VariantExtension* ArduinoJson::V721HB22::detail::VariantData::getExtension(const ArduinoJson::V721HB22::detail::ResourceManager*) const	16	static
../Core/Inc/Json/Polyfills/ctype.hpp:12:13:bool ArduinoJson::V721HB22::detail::isdigit(char)	16	static
../Core/Inc/Json/Numbers/parseNumber.hpp:31:3:ArduinoJson::V721HB22::detail::NumberValue::NumberValue()	16	static
../Core/Inc/Json/Numbers/parseNumber.hpp:32:3:ArduinoJson::V721HB22::detail::NumberValue::NumberValue(float)	16	static
../Core/Inc/Json/Numbers/parseNumber.hpp:33:3:ArduinoJson::V721HB22::detail::NumberValue::NumberValue(ArduinoJson::V721HB22::JsonInteger)	24	static
../Core/Inc/Json/Numbers/parseNumber.hpp:34:3:ArduinoJson::V721HB22::detail::NumberValue::NumberValue(ArduinoJson::V721HB22::JsonUInt)	24	static
../Core/Inc/Json/Numbers/parseNumber.hpp:36:3:ArduinoJson::V721HB22::detail::NumberValue::NumberValue(double)	24	static
../Core/Inc/Json/Numbers/parseNumber.hpp:52:3:ArduinoJson::V721HB22::detail::Number::Number()	16	static
../Core/Inc/Json/Numbers/parseNumber.hpp:53:3:ArduinoJson::V721HB22::detail::Number::Number(float)	16	static
../Core/Inc/Json/Numbers/parseNumber.hpp:54:3:ArduinoJson::V721HB22::detail::Number::Number(ArduinoJson::V721HB22::JsonInteger)	24	static
../Core/Inc/Json/Numbers/parseNumber.hpp:55:3:ArduinoJson::V721HB22::detail::Number::Number(ArduinoJson::V721HB22::JsonUInt)	24	static
../Core/Inc/Json/Numbers/parseNumber.hpp:57:3:ArduinoJson::V721HB22::detail::Number::Number(double)	24	static
../Core/Inc/Json/Numbers/parseNumber.hpp:105:15:ArduinoJson::V721HB22::detail::Number ArduinoJson::V721HB22::detail::parseNumber(const char*)	200	static
../Core/Src/Model/Process/TestModeModel.cpp:9:1:TestModeModel::TestModeModel()	16	static
../Core/Src/Model/Process/TestModeModel.cpp:14:6:void TestModeModel::setCarId(const char*)	24	static
../Core/Src/Model/Process/TestModeModel.cpp:18:6:void TestModeModel::setStartTime(const char*)	24	static
../Core/Src/Model/Process/TestModeModel.cpp:22:6:void TestModeModel::setEndTime(const char*)	24	static
../Core/Src/Model/Process/TestModeModel.cpp:26:6:void TestModeModel::setScore(int8_t)	24	static
../Core/Src/Model/Process/TestModeModel.cpp:35:6:void TestModeModel::setContestResult(int8_t)	24	static
../Core/Src/Model/Process/TestModeModel.cpp:44:6:void TestModeModel::setDistance(double)	32	static
../Core/Src/Model/Process/TestModeModel.cpp:48:6:void TestModeModel::setCycleTime(long unsigned int)	24	static
../Core/Src/Model/Process/TestModeModel.cpp:52:6:void TestModeModel::subtractScore(uint8_t)	16	static
../Core/Src/Model/Process/TestModeModel.cpp:59:6:void TestModeModel::addErrorCode(const ErrorCode*)	24	static
../Core/Src/Model/Process/TestModeModel.cpp:66:6:void TestModeModel::addContestModel(const ContestModel*)	24	static
../Core/Src/Model/Process/TestModeModel.cpp:73:6:void TestModeModel::setLocation(const LocationModel*)	40	static
../Core/Src/Model/Process/TestModeModel.cpp:80:13:const char* TestModeModel::getCarId() const	24	static
../Core/Src/Model/Process/TestModeModel.cpp:83:13:const char* TestModeModel::getStartTime() const	24	static
../Core/Src/Model/Process/TestModeModel.cpp:86:13:const char* TestModeModel::getEndTime() const	24	static
../Core/Src/Model/Process/TestModeModel.cpp:89:9:uint8_t TestModeModel::getScore() const	24	static
../Core/Src/Model/Process/TestModeModel.cpp:92:8:int8_t TestModeModel::getContestResult() const	16	static
../Core/Src/Model/Process/TestModeModel.cpp:95:8:double TestModeModel::getDistance() const	24	static
../Core/Src/Model/Process/TestModeModel.cpp:98:15:long unsigned int TestModeModel::getCycleTime() const	24	static
../Core/Src/Model/Process/TestModeModel.cpp:106:6:virtual void TestModeModel::updateModel(const ArduinoJson::V721HB22::JsonDocument*)	112	static
../Core/Inc/Json/Variant/VariantAttorney.hpp:25:15:getData()) ArduinoJson::V721HB22::detail::VariantAttorney::getData(TClient&) [with TClient = ArduinoJson::V721HB22::JsonVariant]	16	static
../Core/Inc/Json/Variant/VariantAttorney.hpp:25:15:getData()) ArduinoJson::V721HB22::detail::VariantAttorney::getData(TClient&) [with TClient = ArduinoJson::V721HB22::JsonVariantConst]	16	static
../Core/Inc/Json/Variant/VariantAttorney.hpp:19:15:getResourceManager()) ArduinoJson::V721HB22::detail::VariantAttorney::getResourceManager(TClient&) [with TClient = ArduinoJson::V721HB22::JsonVariantConst]	16	static
../Core/Inc/Json/Array/JsonArray.hpp:63:8:bool ArduinoJson::V721HB22::JsonArray::add(const T&) const [with T = ArduinoJson::V721HB22::JsonVariantConst]	16	static
../Core/Inc/Json/Object/JsonObject.hpp:107:3:ArduinoJson::V721HB22::detail::enable_if_t<ArduinoJson::V721HB22::detail::IsString<TString>::value, ArduinoJson::V721HB22::detail::MemberProxy<ArduinoJson::V721HB22::JsonObject, TString> > ArduinoJson::V721HB22::JsonObject::operator[](const TString&) const [with TString = ArduinoJson::V721HB22::JsonString]	48	static
../Core/Inc/Json/Variant/VariantRefBase.hpp:79:8:bool ArduinoJson::V721HB22::detail::VariantRefBase<TDerived>::set(const T&) const [with T = ArduinoJson::V721HB22::JsonVariantConst; TDerived = ArduinoJson::V721HB22::detail::MemberProxy<ArduinoJson::V721HB22::JsonObject, ArduinoJson::V721HB22::JsonString>]	16	static
../Core/Inc/Json/Document/JsonDocument.hpp:82:5:T ArduinoJson::V721HB22::JsonDocument::as() const [with T = ArduinoJson::V721HB22::JsonVariantConst]	24	static
../Core/Inc/Json/Variant/VariantRefBase.hpp:79:8:bool ArduinoJson::V721HB22::detail::VariantRefBase<TDerived>::set(const T&) const [with T = ArduinoJson::V721HB22::JsonVariantConst; TDerived = ArduinoJson::V721HB22::JsonVariant]	16	static
../Core/Inc/Json/Misc/SerializedValue.hpp:45:10:size_t ArduinoJson::V721HB22::SerializedValue<TChar*>::size() const [with TChar = const char]	16	static
../Core/Inc/Json/Misc/SerializedValue.hpp:41:10:TChar* ArduinoJson::V721HB22::SerializedValue<TChar*>::data() const [with TChar = const char]	16	static
../Core/Inc/Json/Memory/MemoryPool.hpp:25:12:ArduinoJson::V721HB22::detail::Slot<T>::operator bool() const [with T = ArduinoJson::V721HB22::detail::VariantData]	16	static
../Core/Inc/Json/Memory/MemoryPool.hpp:33:6:T* ArduinoJson::V721HB22::detail::Slot<T>::ptr() const [with T = ArduinoJson::V721HB22::detail::VariantData]	16	static
../Core/Inc/Json/Memory/MemoryPool.hpp:29:10:ArduinoJson::V721HB22::detail::SlotId ArduinoJson::V721HB22::detail::Slot<T>::id() const [with T = ArduinoJson::V721HB22::detail::VariantData]	16	static
../Core/Inc/Json/Memory/MemoryPool.hpp:37:6:T* ArduinoJson::V721HB22::detail::Slot<T>::operator->() const [with T = ArduinoJson::V721HB22::detail::VariantData]	16	static
../Core/Inc/Json/Memory/MemoryPool.hpp:21:3:ArduinoJson::V721HB22::detail::Slot<T>::Slot(T*, ArduinoJson::V721HB22::detail::SlotId) [with T = ArduinoJson::V721HB22::detail::VariantData]	24	static
../Core/Inc/Json/Memory/MemoryPool.hpp:20:3:ArduinoJson::V721HB22::detail::Slot<T>::Slot() [with T = ArduinoJson::V721HB22::detail::VariantData]	16	static
../Core/Inc/Json/Memory/MemoryPoolList.hpp:81:11:ArduinoJson::V721HB22::detail::Slot<T> ArduinoJson::V721HB22::detail::MemoryPoolList<T>::allocSlot(ArduinoJson::V721HB22::Allocator*) [with T = ArduinoJson::V721HB22::detail::ResourceManager::SlotData]	40	static
../Core/Inc/Json/Memory/MemoryPool.hpp:25:12:ArduinoJson::V721HB22::detail::Slot<T>::operator bool() const [with T = ArduinoJson::V721HB22::detail::ResourceManager::SlotData]	16	static
../Core/Inc/Json/Memory/MemoryPool.hpp:37:6:T* ArduinoJson::V721HB22::detail::Slot<T>::operator->() const [with T = ArduinoJson::V721HB22::detail::ResourceManager::SlotData]	16	static
../Core/Inc/Json/Memory/MemoryPool.hpp:29:10:ArduinoJson::V721HB22::detail::SlotId ArduinoJson::V721HB22::detail::Slot<T>::id() const [with T = ArduinoJson::V721HB22::detail::ResourceManager::SlotData]	16	static
../Core/Inc/Json/Polyfills/alias_cast.hpp:24:3:T ArduinoJson::V721HB22::detail::alias_cast(F) [with T = ResourceManager::SlotData*; F = VariantData*]	24	static
../Core/Inc/Json/Memory/MemoryPool.hpp:21:3:ArduinoJson::V721HB22::detail::Slot<T>::Slot(T*, ArduinoJson::V721HB22::detail::SlotId) [with T = ArduinoJson::V721HB22::detail::ResourceManager::SlotData]	24	static
../Core/Inc/Json/Memory/MemoryPoolList.hpp:102:8:void ArduinoJson::V721HB22::detail::MemoryPoolList<T>::freeSlot(ArduinoJson::V721HB22::detail::Slot<T>) [with T = ArduinoJson::V721HB22::detail::ResourceManager::SlotData]	24	static
../Core/Inc/Json/Memory/MemoryPoolList.hpp:107:6:T* ArduinoJson::V721HB22::detail::MemoryPoolList<T>::getSlot(ArduinoJson::V721HB22::detail::SlotId) const [with T = ArduinoJson::V721HB22::detail::ResourceManager::SlotData]	24	static
../Core/Inc/Json/Memory/MemoryPool.hpp:20:3:ArduinoJson::V721HB22::detail::Slot<T>::Slot() [with T = ArduinoJson::V721HB22::detail::VariantExtension]	16	static
../Core/Inc/Json/Memory/MemoryPool.hpp:21:3:ArduinoJson::V721HB22::detail::Slot<T>::Slot(T*, ArduinoJson::V721HB22::detail::SlotId) [with T = ArduinoJson::V721HB22::detail::VariantExtension]	24	static
../Core/Inc/Json/Strings/StringAdapter.hpp:26:52:typename ArduinoJson::V721HB22::detail::SizedStringAdapter<TChar*>::AdaptedString ArduinoJson::V721HB22::detail::adaptString(TChar*, size_t) [with TChar = char]	24	static
../Core/Inc/Json/Variant/VariantAttorney.hpp:19:15:getResourceManager()) ArduinoJson::V721HB22::detail::VariantAttorney::getResourceManager(TClient&) [with TClient = ArduinoJson::V721HB22::JsonVariant]	16	static
../Core/Inc/Json/Strings/StringAdapter.hpp:21:47:typename ArduinoJson::V721HB22::detail::StringAdapter<TChar*>::AdaptedString ArduinoJson::V721HB22::detail::adaptString(TChar*) [with TChar = const char]	16	static
../Core/Inc/Json/Variant/VariantData.hpp:486:15:static void ArduinoJson::V721HB22::detail::VariantData::setString(ArduinoJson::V721HB22::detail::VariantData*, TAdaptedString, ArduinoJson::V721HB22::detail::ResourceManager*) [with TAdaptedString = ArduinoJson::V721HB22::detail::StaticStringAdapter]	24	static
../Core/Inc/Json/Strings/StringAdapter.hpp:16:48:typename ArduinoJson::V721HB22::detail::StringAdapter<TString>::AdaptedString ArduinoJson::V721HB22::detail::adaptString(const TString&) [with TString = ArduinoJson::V721HB22::JsonString]	16	static
../Core/Inc/Json/Variant/VariantData.hpp:486:15:static void ArduinoJson::V721HB22::detail::VariantData::setString(ArduinoJson::V721HB22::detail::VariantData*, TAdaptedString, ArduinoJson::V721HB22::detail::ResourceManager*) [with TAdaptedString = ArduinoJson::V721HB22::detail::JsonStringAdapter]	32	static
../Core/Inc/Json/Variant/VariantRefBase.hpp:79:8:bool ArduinoJson::V721HB22::detail::VariantRefBase<TDerived>::set(const T&) const [with T = std::nullptr_t; TDerived = ArduinoJson::V721HB22::JsonVariant]	16	static
../Core/Inc/Json/Variant/VariantRefBaseImpl.hpp:156:1:ArduinoJson::V721HB22::detail::enable_if_t<ArduinoJson::V721HB22::detail::is_same<T, ArduinoJson::V721HB22::JsonArray>::value, ArduinoJson::V721HB22::JsonArray> ArduinoJson::V721HB22::detail::VariantRefBase<TDerived>::to() const [with T = ArduinoJson::V721HB22::JsonArray; TDerived = ArduinoJson::V721HB22::JsonVariant]	24	static
../Core/Inc/Json/Variant/VariantRefBaseImpl.hpp:165:1:ArduinoJson::V721HB22::detail::enable_if_t<ArduinoJson::V721HB22::detail::is_same<T, ArduinoJson::V721HB22::JsonObject>::value, ArduinoJson::V721HB22::JsonObject> ArduinoJson::V721HB22::detail::VariantRefBase<TDerived>::to() const [with T = ArduinoJson::V721HB22::JsonObject; TDerived = ArduinoJson::V721HB22::JsonVariant]	24	static
../Core/Inc/Json/Variant/JsonVariantConst.hpp:96:3:ArduinoJson::V721HB22::JsonVariantConst::operator T() const [with T = ArduinoJson::V721HB22::JsonObjectConst]	16	static
../Core/Inc/Json/Variant/VariantRefBase.hpp:42:8:bool ArduinoJson::V721HB22::detail::VariantRefBase<TDerived>::isUnbound() const [with TDerived = ArduinoJson::V721HB22::JsonVariant]	16	static
../Core/Inc/Json/Variant/JsonVariantVisitor.hpp:51:32:typename TVisitor::result_type ArduinoJson::V721HB22::detail::accept(ArduinoJson::V721HB22::JsonVariantConst, TVisitor&) [with TVisitor = JsonVariantCopier]	40	static
../Core/Inc/Json/Numbers/FloatTraits.hpp:70:12:static T ArduinoJson::V721HB22::detail::FloatTraits<T, 8>::inf() [with T = double]	8	static
../Core/Inc/Json/Numbers/FloatTraits.hpp:196:15:TFloat ArduinoJson::V721HB22::detail::make_float(TFloat, TExponent) [with TFloat = double; TExponent = int]	32	static
../Core/Inc/Json/Numbers/FloatTraits.hpp:196:15:TFloat ArduinoJson::V721HB22::detail::make_float(TFloat, TExponent) [with TFloat = float; TExponent = int]	24	static
../Core/Inc/Json/Document/JsonDocument.hpp:200:3:ArduinoJson::V721HB22::detail::enable_if_t<ArduinoJson::V721HB22::detail::IsString<TChar*>::value, ArduinoJson::V721HB22::detail::MemberProxy<ArduinoJson::V721HB22::JsonDocument&, TChar*> > ArduinoJson::V721HB22::JsonDocument::operator[](TChar*) [with TChar = const char]	24	static
../Core/Inc/Json/Object/MemberProxy.hpp:38:16:ArduinoJson::V721HB22::detail::MemberProxy< <template-parameter-1-1>, <template-parameter-1-2> >& ArduinoJson::V721HB22::detail::MemberProxy< <template-parameter-1-1>, <template-parameter-1-2> >::operator=(T*) [with T = const char; TUpstream = ArduinoJson::V721HB22::JsonDocument&; TStringRef = const char*]	16	static
../Core/Inc/Json/Object/MemberProxy.hpp:32:16:ArduinoJson::V721HB22::detail::MemberProxy< <template-parameter-1-1>, <template-parameter-1-2> >& ArduinoJson::V721HB22::detail::MemberProxy< <template-parameter-1-1>, <template-parameter-1-2> >::operator=(const T&) [with T = signed char; TUpstream = ArduinoJson::V721HB22::JsonDocument&; TStringRef = const char*]	16	static
../Core/Inc/Json/Object/MemberProxy.hpp:32:16:ArduinoJson::V721HB22::detail::MemberProxy< <template-parameter-1-1>, <template-parameter-1-2> >& ArduinoJson::V721HB22::detail::MemberProxy< <template-parameter-1-1>, <template-parameter-1-2> >::operator=(const T&) [with T = double; TUpstream = ArduinoJson::V721HB22::JsonDocument&; TStringRef = const char*]	16	static
../Core/Inc/Json/Object/MemberProxy.hpp:32:16:ArduinoJson::V721HB22::detail::MemberProxy< <template-parameter-1-1>, <template-parameter-1-2> >& ArduinoJson::V721HB22::detail::MemberProxy< <template-parameter-1-1>, <template-parameter-1-2> >::operator=(const T&) [with T = long unsigned int; TUpstream = ArduinoJson::V721HB22::JsonDocument&; TStringRef = const char*]	16	static
../Core/Inc/Json/Variant/VariantRefBase.hpp:119:8:bool ArduinoJson::V721HB22::detail::VariantRefBase<TDerived>::add(const T&) const [with T = ArduinoJson::V721HB22::JsonDocument; TDerived = ArduinoJson::V721HB22::detail::MemberProxy<ArduinoJson::V721HB22::JsonDocument&, const char*>]	24	static
../Core/Inc/Json/Object/MemberProxy.hpp:32:16:ArduinoJson::V721HB22::detail::MemberProxy< <template-parameter-1-1>, <template-parameter-1-2> >& ArduinoJson::V721HB22::detail::MemberProxy< <template-parameter-1-1>, <template-parameter-1-2> >::operator=(const T&) [with T = int; TUpstream = ArduinoJson::V721HB22::JsonDocument&; TStringRef = const char*]	16	static
../Core/Inc/Json/Object/MemberProxy.hpp:32:16:ArduinoJson::V721HB22::detail::MemberProxy< <template-parameter-1-1>, <template-parameter-1-2> >& ArduinoJson::V721HB22::detail::MemberProxy< <template-parameter-1-1>, <template-parameter-1-2> >::operator=(const T&) [with T = ArduinoJson::V721HB22::JsonDocument; TUpstream = ArduinoJson::V721HB22::JsonDocument&; TStringRef = const char*]	16	static
../Core/Inc/Model/Process/BaseModel.h:28:11:T BaseModel::getOrDefault(const char*, const T&) const [with T = const char*]	40	static
../Core/Inc/Model/Process/BaseModel.h:28:11:T BaseModel::getOrDefault(const char*, const T&) const [with T = unsigned char]	40	static
../Core/Inc/Model/Process/BaseModel.h:28:11:T BaseModel::getOrDefault(const char*, const T&) const [with T = signed char]	40	static
../Core/Inc/Model/Process/BaseModel.h:28:11:T BaseModel::getOrDefault(const char*, const T&) const [with T = double]	40	static
../Core/Inc/Model/Process/BaseModel.h:28:11:T BaseModel::getOrDefault(const char*, const T&) const [with T = long unsigned int]	40	static
../Core/Inc/Json/Document/JsonDocument.hpp:217:3:ArduinoJson::V721HB22::detail::enable_if_t<ArduinoJson::V721HB22::detail::IsString<TChar*>::value, ArduinoJson::V721HB22::JsonVariantConst> ArduinoJson::V721HB22::JsonDocument::operator[](TChar*) const [with TChar = const char]	32	static
../Core/Inc/Model/Process/BaseModel.h:19:18:static T BaseModel::getFormJsonVariant(const ArduinoJson::V721HB22::JsonVariantConst&, const T&) [with T = const char*]	24	static
../Core/Inc/Model/Process/BaseModel.h:19:18:static T BaseModel::getFormJsonVariant(const ArduinoJson::V721HB22::JsonVariantConst&, const T&) [with T = long unsigned int]	24	static
../Core/Inc/Model/Process/BaseModel.h:19:18:static T BaseModel::getFormJsonVariant(const ArduinoJson::V721HB22::JsonVariantConst&, const T&) [with T = unsigned char]	24	static
../Core/Inc/Model/Process/BaseModel.h:19:18:static T BaseModel::getFormJsonVariant(const ArduinoJson::V721HB22::JsonVariantConst&, const T&) [with T = signed char]	24	static
../Core/Inc/Model/Process/BaseModel.h:19:18:static T BaseModel::getFormJsonVariant(const ArduinoJson::V721HB22::JsonVariantConst&, const T&) [with T = double]	24	static
../Core/Inc/Json/Memory/MemoryPool.hpp:100:17:static size_t ArduinoJson::V721HB22::detail::MemoryPool<T>::slotsToBytes(ArduinoJson::V721HB22::detail::SlotCount) [with T = ArduinoJson::V721HB22::detail::ResourceManager::SlotData]	16	static
../Core/Inc/Json/Array/ArrayData.hpp:25:15:static bool ArduinoJson::V721HB22::detail::ArrayData::addValue(ArduinoJson::V721HB22::detail::ArrayData*, T&&, ArduinoJson::V721HB22::detail::ResourceManager*) [with T = const ArduinoJson::V721HB22::JsonVariantConst&]	24	static
../Core/Inc/Json/Object/MemberProxy.hpp:20:3:ArduinoJson::V721HB22::detail::MemberProxy< <template-parameter-1-1>, <template-parameter-1-2> >::MemberProxy(TUpstream, TStringRef) [with TUpstream = ArduinoJson::V721HB22::JsonObject; TStringRef = ArduinoJson::V721HB22::JsonString]	24	static
../Core/Inc/Json/Variant/VariantRefBase.hpp:297:8:bool ArduinoJson::V721HB22::detail::VariantRefBase<TDerived>::doSet(T&&) const [with TConverter = ArduinoJson::V721HB22::Converter<ArduinoJson::V721HB22::JsonVariantConst>; T = const ArduinoJson::V721HB22::JsonVariantConst&; TDerived = ArduinoJson::V721HB22::detail::MemberProxy<ArduinoJson::V721HB22::JsonObject, ArduinoJson::V721HB22::JsonString>]	32	static
../Core/Inc/Json/Variant/JsonVariantConst.hpp:72:5:T ArduinoJson::V721HB22::JsonVariantConst::as() const [with T = ArduinoJson::V721HB22::JsonVariantConst; typename ArduinoJson::V721HB22::detail::enable_if<ArduinoJson::V721HB22::detail::is_same<typename ArduinoJson::V721HB22::detail::function_traits<decltype (& ArduinoJson::V721HB22::Converter<T>::fromJson)>::arg1_type, ArduinoJson::V721HB22::JsonVariantConst>::value, bool>::type <anonymous> = true]	16	static
../Core/Inc/Json/Variant/VariantRefBase.hpp:297:8:bool ArduinoJson::V721HB22::detail::VariantRefBase<TDerived>::doSet(T&&) const [with TConverter = ArduinoJson::V721HB22::Converter<ArduinoJson::V721HB22::JsonVariantConst>; T = const ArduinoJson::V721HB22::JsonVariantConst&; TDerived = ArduinoJson::V721HB22::JsonVariant]	32	static
../Core/Inc/Json/Memory/MemoryPoolList.hpp:151:11:ArduinoJson::V721HB22::detail::Slot<T> ArduinoJson::V721HB22::detail::MemoryPoolList<T>::allocFromFreeList() [with T = ArduinoJson::V721HB22::detail::ResourceManager::SlotData]	24	static
../Core/Inc/Json/Memory/MemoryPoolList.hpp:159:11:ArduinoJson::V721HB22::detail::Slot<T> ArduinoJson::V721HB22::detail::MemoryPoolList<T>::allocFromLastPool() [with T = ArduinoJson::V721HB22::detail::ResourceManager::SlotData]	40	static
../Core/Inc/Json/Memory/MemoryPoolList.hpp:169:9:ArduinoJson::V721HB22::detail::MemoryPoolList<T>::Pool* ArduinoJson::V721HB22::detail::MemoryPoolList<T>::addPool(ArduinoJson::V721HB22::Allocator*) [with T = ArduinoJson::V721HB22::detail::ResourceManager::SlotData]	24	static
../Core/Inc/Json/Memory/MemoryPool.hpp:20:3:ArduinoJson::V721HB22::detail::Slot<T>::Slot() [with T = ArduinoJson::V721HB22::detail::ResourceManager::SlotData]	16	static
../Core/Inc/Json/Memory/MemoryPool.hpp:33:6:T* ArduinoJson::V721HB22::detail::Slot<T>::ptr() const [with T = ArduinoJson::V721HB22::detail::ResourceManager::SlotData]	16	static
../Core/Inc/Json/Memory/MemoryPool.hpp:74:6:T* ArduinoJson::V721HB22::detail::MemoryPool<T>::getSlot(ArduinoJson::V721HB22::detail::SlotId) const [with T = ArduinoJson::V721HB22::detail::ResourceManager::SlotData]	16	static
../Core/Inc/Json/Numbers/FloatTraits.hpp:32:21:static ArduinoJson::V721HB22::detail::pgm_ptr<T> ArduinoJson::V721HB22::detail::FloatTraits<T, 8>::positiveBinaryPowersOfTen() [with T = double]	16	static
../Core/Inc/Json/Polyfills/pgmspace_generic.hpp:59:5:T ArduinoJson::V721HB22::detail::pgm_ptr<T>::operator[](intptr_t) const [with T = double]	16	static
../Core/Inc/Json/Numbers/FloatTraits.hpp:49:21:static ArduinoJson::V721HB22::detail::pgm_ptr<T> ArduinoJson::V721HB22::detail::FloatTraits<T, 8>::negativeBinaryPowersOfTen() [with T = double]	16	static
../Core/Inc/Json/Strings/Adapters/RamString.hpp:125:24:static ArduinoJson::V721HB22::detail::SizedStringAdapter<TChar*, typename ArduinoJson::V721HB22::detail::enable_if<ArduinoJson::V721HB22::detail::IsChar<T>::value, void>::type>::AdaptedString ArduinoJson::V721HB22::detail::SizedStringAdapter<TChar*, typename ArduinoJson::V721HB22::detail::enable_if<ArduinoJson::V721HB22::detail::IsChar<T>::value, void>::type>::adapt(const TChar*, size_t) [with TChar = char]	24	static
../Core/Inc/Json/Memory/StringPool.hpp:73:15:ArduinoJson::V721HB22::detail::StringNode* ArduinoJson::V721HB22::detail::StringPool::get(const TAdaptedString&) const [with TAdaptedString = ArduinoJson::V721HB22::detail::SizedRamString]	32	static
../Core/Inc/Json/Variant/VariantImpl.hpp:22:13:bool ArduinoJson::V721HB22::detail::VariantData::setString(TAdaptedString, ArduinoJson::V721HB22::detail::ResourceManager*) [with TAdaptedString = ArduinoJson::V721HB22::detail::StaticStringAdapter]	32	static
../Core/Inc/Json/Variant/VariantImpl.hpp:22:13:bool ArduinoJson::V721HB22::detail::VariantData::setString(TAdaptedString, ArduinoJson::V721HB22::detail::ResourceManager*) [with TAdaptedString = ArduinoJson::V721HB22::detail::JsonStringAdapter]	32	static
../Core/Inc/Json/Variant/VariantRefBase.hpp:297:8:bool ArduinoJson::V721HB22::detail::VariantRefBase<TDerived>::doSet(T&&) const [with TConverter = ArduinoJson::V721HB22::Converter<std::nullptr_t>; T = std::nullptr_t&; TDerived = ArduinoJson::V721HB22::JsonVariant]	32	static
../Core/Inc/Json/Variant/VariantRefBase.hpp:274:16:ArduinoJson::V721HB22::detail::VariantData* ArduinoJson::V721HB22::detail::VariantRefBase<TDerived>::getOrCreateData() const [with TDerived = ArduinoJson::V721HB22::JsonVariant]	16	static
../Core/Inc/Json/Variant/VariantRefBase.hpp:266:20:ArduinoJson::V721HB22::detail::ResourceManager* ArduinoJson::V721HB22::detail::VariantRefBase<TDerived>::getResourceManager() const [with TDerived = ArduinoJson::V721HB22::JsonVariant]	16	static
../Core/Inc/Json/Variant/JsonVariantConst.hpp:72:5:T ArduinoJson::V721HB22::JsonVariantConst::as() const [with T = ArduinoJson::V721HB22::JsonObjectConst; typename ArduinoJson::V721HB22::detail::enable_if<ArduinoJson::V721HB22::detail::is_same<typename ArduinoJson::V721HB22::detail::function_traits<decltype (& ArduinoJson::V721HB22::Converter<T>::fromJson)>::arg1_type, ArduinoJson::V721HB22::JsonVariantConst>::value, bool>::type <anonymous> = true]	16	static
../Core/Inc/Json/Variant/VariantRefBase.hpp:270:16:ArduinoJson::V721HB22::detail::VariantData* ArduinoJson::V721HB22::detail::VariantRefBase<TDerived>::getData() const [with TDerived = ArduinoJson::V721HB22::JsonVariant]	16	static
../Core/Inc/Json/Variant/JsonVariantCopier.hpp:19:8:bool ArduinoJson::V721HB22::detail::JsonVariantCopier::visit(T) [with T = std::nullptr_t]	16	static
../Core/Inc/Json/Variant/JsonVariantVisitor.hpp:29:3:ArduinoJson::V721HB22::detail::VisitorAdapter<TVisitor>::VisitorAdapter(TVisitor&, const ArduinoJson::V721HB22::detail::ResourceManager*) [with TVisitor = ArduinoJson::V721HB22::detail::JsonVariantCopier]	24	static
../Core/Inc/Json/Variant/VariantData.hpp:44:34:typename TVisitor::result_type ArduinoJson::V721HB22::detail::VariantData::accept(TVisitor&, const ArduinoJson::V721HB22::detail::ResourceManager*) const [with TVisitor = ArduinoJson::V721HB22::detail::VisitorAdapter<ArduinoJson::V721HB22::detail::JsonVariantCopier>]	104	static
../Core/Inc/Json/Numbers/FloatTraits.hpp:101:12:static T ArduinoJson::V721HB22::detail::FloatTraits<T, 8>::forge(uint64_t) [with T = double]	16	static
../Core/Inc/Json/Numbers/FloatTraits.hpp:116:21:static ArduinoJson::V721HB22::detail::pgm_ptr<T> ArduinoJson::V721HB22::detail::FloatTraits<T, 4>::positiveBinaryPowersOfTen() [with T = float]	16	static
../Core/Inc/Json/Numbers/FloatTraits.hpp:129:21:static ArduinoJson::V721HB22::detail::pgm_ptr<T> ArduinoJson::V721HB22::detail::FloatTraits<T, 4>::negativeBinaryPowersOfTen() [with T = float]	16	static
../Core/Inc/Json/Polyfills/pgmspace_generic.hpp:59:5:T ArduinoJson::V721HB22::detail::pgm_ptr<T>::operator[](intptr_t) const [with T = float]	16	static
../Core/Inc/Json/Object/MemberProxy.hpp:20:3:ArduinoJson::V721HB22::detail::MemberProxy< <template-parameter-1-1>, <template-parameter-1-2> >::MemberProxy(TUpstream, TStringRef) [with TUpstream = ArduinoJson::V721HB22::JsonDocument&; TStringRef = const char*]	24	static
../Core/Inc/Json/Variant/VariantRefBase.hpp:86:8:bool ArduinoJson::V721HB22::detail::VariantRefBase<TDerived>::set(T*) const [with T = const char; TDerived = ArduinoJson::V721HB22::detail::MemberProxy<ArduinoJson::V721HB22::JsonDocument&, const char*>]	16	static
../Core/Inc/Json/Variant/VariantRefBase.hpp:79:8:bool ArduinoJson::V721HB22::detail::VariantRefBase<TDerived>::set(const T&) const [with T = signed char; TDerived = ArduinoJson::V721HB22::detail::MemberProxy<ArduinoJson::V721HB22::JsonDocument&, const char*>]	16	static
../Core/Inc/Json/Variant/VariantRefBase.hpp:79:8:bool ArduinoJson::V721HB22::detail::VariantRefBase<TDerived>::set(const T&) const [with T = double; TDerived = ArduinoJson::V721HB22::detail::MemberProxy<ArduinoJson::V721HB22::JsonDocument&, const char*>]	16	static
../Core/Inc/Json/Variant/VariantRefBase.hpp:79:8:bool ArduinoJson::V721HB22::detail::VariantRefBase<TDerived>::set(const T&) const [with T = long unsigned int; TDerived = ArduinoJson::V721HB22::detail::MemberProxy<ArduinoJson::V721HB22::JsonDocument&, const char*>]	16	static
../Core/Inc/Json/Variant/VariantRefBase.hpp:274:16:ArduinoJson::V721HB22::detail::VariantData* ArduinoJson::V721HB22::detail::VariantRefBase<TDerived>::getOrCreateData() const [with TDerived = ArduinoJson::V721HB22::detail::MemberProxy<ArduinoJson::V721HB22::JsonDocument&, const char*>]	16	static
../Core/Inc/Json/Variant/VariantRefBase.hpp:266:20:ArduinoJson::V721HB22::detail::ResourceManager* ArduinoJson::V721HB22::detail::VariantRefBase<TDerived>::getResourceManager() const [with TDerived = ArduinoJson::V721HB22::detail::MemberProxy<ArduinoJson::V721HB22::JsonDocument&, const char*>]	16	static
../Core/Inc/Json/Variant/VariantData.hpp:129:15:static bool ArduinoJson::V721HB22::detail::VariantData::addValue(ArduinoJson::V721HB22::detail::VariantData*, T&&, ArduinoJson::V721HB22::detail::ResourceManager*) [with T = const ArduinoJson::V721HB22::JsonDocument&]	24	static
../Core/Inc/Json/Variant/VariantRefBase.hpp:79:8:bool ArduinoJson::V721HB22::detail::VariantRefBase<TDerived>::set(const T&) const [with T = int; TDerived = ArduinoJson::V721HB22::detail::MemberProxy<ArduinoJson::V721HB22::JsonDocument&, const char*>]	16	static
../Core/Inc/Json/Variant/VariantRefBase.hpp:79:8:bool ArduinoJson::V721HB22::detail::VariantRefBase<TDerived>::set(const T&) const [with T = ArduinoJson::V721HB22::JsonDocument; TDerived = ArduinoJson::V721HB22::detail::MemberProxy<ArduinoJson::V721HB22::JsonDocument&, const char*>]	16	static
../Core/Inc/Json/Variant/JsonVariantConst.hpp:84:60:ArduinoJson::V721HB22::detail::enable_if_t<ArduinoJson::V721HB22::detail::is_same<typename ArduinoJson::V721HB22::detail::function_traits<decltype (& ArduinoJson::V721HB22::Converter<T>::fromJson)>::arg1_type, ArduinoJson::V721HB22::JsonVariantConst>::value, bool> ArduinoJson::V721HB22::JsonVariantConst::is() const [with T = const char*]	16	static
../Core/Inc/Json/Variant/JsonVariantConst.hpp:72:5:T ArduinoJson::V721HB22::JsonVariantConst::as() const [with T = const char*; typename ArduinoJson::V721HB22::detail::enable_if<ArduinoJson::V721HB22::detail::is_same<typename ArduinoJson::V721HB22::detail::function_traits<decltype (& ArduinoJson::V721HB22::Converter<T>::fromJson)>::arg1_type, ArduinoJson::V721HB22::JsonVariantConst>::value, bool>::type <anonymous> = true]	16	static
../Core/Inc/Json/Variant/JsonVariantConst.hpp:84:60:ArduinoJson::V721HB22::detail::enable_if_t<ArduinoJson::V721HB22::detail::is_same<typename ArduinoJson::V721HB22::detail::function_traits<decltype (& ArduinoJson::V721HB22::Converter<T>::fromJson)>::arg1_type, ArduinoJson::V721HB22::JsonVariantConst>::value, bool> ArduinoJson::V721HB22::JsonVariantConst::is() const [with T = unsigned char]	16	static
../Core/Inc/Json/Variant/JsonVariantConst.hpp:72:5:T ArduinoJson::V721HB22::JsonVariantConst::as() const [with T = unsigned char; typename ArduinoJson::V721HB22::detail::enable_if<ArduinoJson::V721HB22::detail::is_same<typename ArduinoJson::V721HB22::detail::function_traits<decltype (& ArduinoJson::V721HB22::Converter<T>::fromJson)>::arg1_type, ArduinoJson::V721HB22::JsonVariantConst>::value, bool>::type <anonymous> = true]	16	static
../Core/Inc/Json/Variant/JsonVariantConst.hpp:84:60:ArduinoJson::V721HB22::detail::enable_if_t<ArduinoJson::V721HB22::detail::is_same<typename ArduinoJson::V721HB22::detail::function_traits<decltype (& ArduinoJson::V721HB22::Converter<T>::fromJson)>::arg1_type, ArduinoJson::V721HB22::JsonVariantConst>::value, bool> ArduinoJson::V721HB22::JsonVariantConst::is() const [with T = signed char]	16	static
../Core/Inc/Json/Variant/JsonVariantConst.hpp:72:5:T ArduinoJson::V721HB22::JsonVariantConst::as() const [with T = signed char; typename ArduinoJson::V721HB22::detail::enable_if<ArduinoJson::V721HB22::detail::is_same<typename ArduinoJson::V721HB22::detail::function_traits<decltype (& ArduinoJson::V721HB22::Converter<T>::fromJson)>::arg1_type, ArduinoJson::V721HB22::JsonVariantConst>::value, bool>::type <anonymous> = true]	16	static
../Core/Inc/Json/Variant/JsonVariantConst.hpp:84:60:ArduinoJson::V721HB22::detail::enable_if_t<ArduinoJson::V721HB22::detail::is_same<typename ArduinoJson::V721HB22::detail::function_traits<decltype (& ArduinoJson::V721HB22::Converter<T>::fromJson)>::arg1_type, ArduinoJson::V721HB22::JsonVariantConst>::value, bool> ArduinoJson::V721HB22::JsonVariantConst::is() const [with T = double]	16	static
../Core/Inc/Json/Variant/JsonVariantConst.hpp:72:5:T ArduinoJson::V721HB22::JsonVariantConst::as() const [with T = double; typename ArduinoJson::V721HB22::detail::enable_if<ArduinoJson::V721HB22::detail::is_same<typename ArduinoJson::V721HB22::detail::function_traits<decltype (& ArduinoJson::V721HB22::Converter<T>::fromJson)>::arg1_type, ArduinoJson::V721HB22::JsonVariantConst>::value, bool>::type <anonymous> = true]	16	static
../Core/Inc/Json/Variant/JsonVariantConst.hpp:84:60:ArduinoJson::V721HB22::detail::enable_if_t<ArduinoJson::V721HB22::detail::is_same<typename ArduinoJson::V721HB22::detail::function_traits<decltype (& ArduinoJson::V721HB22::Converter<T>::fromJson)>::arg1_type, ArduinoJson::V721HB22::JsonVariantConst>::value, bool> ArduinoJson::V721HB22::JsonVariantConst::is() const [with T = long unsigned int]	16	static
../Core/Inc/Json/Variant/JsonVariantConst.hpp:72:5:T ArduinoJson::V721HB22::JsonVariantConst::as() const [with T = long unsigned int; typename ArduinoJson::V721HB22::detail::enable_if<ArduinoJson::V721HB22::detail::is_same<typename ArduinoJson::V721HB22::detail::function_traits<decltype (& ArduinoJson::V721HB22::Converter<T>::fromJson)>::arg1_type, ArduinoJson::V721HB22::JsonVariantConst>::value, bool>::type <anonymous> = true]	16	static
../Core/Inc/Json/Variant/VariantData.hpp:298:16:ArduinoJson::V721HB22::detail::VariantData* ArduinoJson::V721HB22::detail::VariantData::getMember(TAdaptedString, const ArduinoJson::V721HB22::detail::ResourceManager*) const [with TAdaptedString = ArduinoJson::V721HB22::detail::StaticStringAdapter]	24	static
../Core/Inc/Json/Variant/VariantOperators.hpp:78:3:ArduinoJson::V721HB22::detail::enable_if_t<(! ArduinoJson::V721HB22::detail::is_base_of<ArduinoJson::V721HB22::detail::VariantOperatorTag, T>::value), bool> ArduinoJson::V721HB22::detail::operator==(TVariant, const T&) [with T = std::nullptr_t; TVariant = ArduinoJson::V721HB22::JsonVariantConst]	24	static
../Core/Inc/Json/Array/ArrayImpl.hpp:60:13:bool ArduinoJson::V721HB22::detail::ArrayData::addValue(T&&, ArduinoJson::V721HB22::detail::ResourceManager*) [with T = const ArduinoJson::V721HB22::JsonVariantConst&]	40	static
../Core/Inc/Json/Object/ObjectImpl.hpp:14:21:ArduinoJson::V721HB22::detail::VariantData* ArduinoJson::V721HB22::detail::ObjectData::getMember(TAdaptedString, const ArduinoJson::V721HB22::detail::ResourceManager*) const [with TAdaptedString = ArduinoJson::V721HB22::detail::JsonStringAdapter]	40	static
../Core/Inc/Json/Polyfills/utility.hpp:14:5:T&& ArduinoJson::V721HB22::detail::forward(remove_reference_t<T>&) [with T = const ArduinoJson::V721HB22::JsonVariantConst&]	16	static
../Core/Inc/Json/Variant/VariantRefBaseImpl.hpp:141:13:bool ArduinoJson::V721HB22::detail::VariantRefBase<TDerived>::doSet(T&&, ArduinoJson::V721HB22::detail::false_type) const [with TConverter = ArduinoJson::V721HB22::Converter<ArduinoJson::V721HB22::JsonVariantConst>; T = const ArduinoJson::V721HB22::JsonVariantConst&; TDerived = ArduinoJson::V721HB22::detail::MemberProxy<ArduinoJson::V721HB22::JsonObject, ArduinoJson::V721HB22::JsonString>]	40	static
../Core/Inc/Json/Variant/VariantRefBaseImpl.hpp:141:13:bool ArduinoJson::V721HB22::detail::VariantRefBase<TDerived>::doSet(T&&, ArduinoJson::V721HB22::detail::false_type) const [with TConverter = ArduinoJson::V721HB22::Converter<ArduinoJson::V721HB22::JsonVariantConst>; T = const ArduinoJson::V721HB22::JsonVariantConst&; TDerived = ArduinoJson::V721HB22::JsonVariant]	40	static
../Core/Inc/Json/Memory/MemoryPool.hpp:65:11:ArduinoJson::V721HB22::detail::Slot<T> ArduinoJson::V721HB22::detail::MemoryPool<T>::allocSlot() [with T = ArduinoJson::V721HB22::detail::ResourceManager::SlotData]	24	static
../Core/Inc/Json/Memory/MemoryPoolList.hpp:180:8:bool ArduinoJson::V721HB22::detail::MemoryPoolList<T>::increaseCapacity(ArduinoJson::V721HB22::Allocator*) [with T = ArduinoJson::V721HB22::detail::ResourceManager::SlotData]	24	static
../Core/Inc/Json/Memory/MemoryPool.hpp:50:8:void ArduinoJson::V721HB22::detail::MemoryPool<T>::create(ArduinoJson::V721HB22::detail::SlotCount, ArduinoJson::V721HB22::Allocator*) [with T = ArduinoJson::V721HB22::detail::ResourceManager::SlotData]	32	static
../Core/Inc/Json/Polyfills/pgmspace_generic.hpp:57:12:ArduinoJson::V721HB22::detail::pgm_ptr<T>::pgm_ptr(const T*) [with T = double]	16	static
../Core/Inc/Json/Polyfills/pgmspace_generic.hpp:48:10:T ArduinoJson::V721HB22::detail::pgm_read(const T*) [with T = double]	16	static
../Core/Inc/Json/Strings/StringAdapters.hpp:45:1:ArduinoJson::V721HB22::detail::enable_if_t<(TAdaptedString1::typeSortKey <= TAdaptedString2::typeSortKey), bool> ArduinoJson::V721HB22::detail::stringEquals(TAdaptedString1, TAdaptedString2) [with TAdaptedString1 = SizedRamString; TAdaptedString2 = SizedRamString]	48	static
../Core/Inc/Json/Memory/ResourceManager.hpp:72:15:ArduinoJson::V721HB22::detail::StringNode* ArduinoJson::V721HB22::detail::ResourceManager::saveString(TAdaptedString) [with TAdaptedString = ArduinoJson::V721HB22::detail::StaticStringAdapter]	24	static
../Core/Inc/Json/Memory/ResourceManager.hpp:72:15:ArduinoJson::V721HB22::detail::StringNode* ArduinoJson::V721HB22::detail::ResourceManager::saveString(TAdaptedString) [with TAdaptedString = ArduinoJson::V721HB22::detail::JsonStringAdapter]	40	static
../Core/Inc/Json/Polyfills/utility.hpp:14:5:T&& ArduinoJson::V721HB22::detail::forward(remove_reference_t<T>&) [with T = std::nullptr_t&]	16	static
../Core/Inc/Json/Variant/VariantRefBaseImpl.hpp:141:13:bool ArduinoJson::V721HB22::detail::VariantRefBase<TDerived>::doSet(T&&, ArduinoJson::V721HB22::detail::false_type) const [with TConverter = ArduinoJson::V721HB22::Converter<std::nullptr_t>; T = std::nullptr_t&; TDerived = ArduinoJson::V721HB22::JsonVariant]	40	static
../Core/Inc/Json/Variant/VariantRefBase.hpp:262:19:const TDerived& ArduinoJson::V721HB22::detail::VariantRefBase<TDerived>::derived() const [with TDerived = ArduinoJson::V721HB22::JsonVariant]	16	static
../Core/Inc/Json/Variant/VariantAttorney.hpp:30:23:static ArduinoJson::V721HB22::detail::VariantData* ArduinoJson::V721HB22::detail::VariantAttorney::getOrCreateData(TClient&) [with TClient = const ArduinoJson::V721HB22::JsonVariant]	16	static
../Core/Inc/Json/Variant/VariantAttorney.hpp:19:15:getResourceManager()) ArduinoJson::V721HB22::detail::VariantAttorney::getResourceManager(TClient&) [with TClient = const ArduinoJson::V721HB22::JsonVariant]	16	static
../Core/Inc/Json/Variant/VariantAttorney.hpp:25:15:getData()) ArduinoJson::V721HB22::detail::VariantAttorney::getData(TClient&) [with TClient = const ArduinoJson::V721HB22::JsonVariant]	16	static
../Core/Inc/Json/Variant/JsonVariantVisitor.hpp:41:15:ArduinoJson::V721HB22::detail::VisitorAdapter<TVisitor>::result_type ArduinoJson::V721HB22::detail::VisitorAdapter<TVisitor>::visit(const T&) [with T = float; TVisitor = ArduinoJson::V721HB22::detail::JsonVariantCopier]	16	static
../Core/Inc/Json/Variant/JsonVariantVisitor.hpp:41:15:ArduinoJson::V721HB22::detail::VisitorAdapter<TVisitor>::result_type ArduinoJson::V721HB22::detail::VisitorAdapter<TVisitor>::visit(const T&) [with T = double; TVisitor = ArduinoJson::V721HB22::detail::JsonVariantCopier]	16	static
../Core/Inc/Json/Variant/JsonVariantVisitor.hpp:32:15:ArduinoJson::V721HB22::detail::VisitorAdapter<TVisitor>::result_type ArduinoJson::V721HB22::detail::VisitorAdapter<TVisitor>::visit(const ArduinoJson::V721HB22::detail::ArrayData&) [with TVisitor = ArduinoJson::V721HB22::detail::JsonVariantCopier]	32	static
../Core/Inc/Json/Variant/JsonVariantVisitor.hpp:36:15:ArduinoJson::V721HB22::detail::VisitorAdapter<TVisitor>::result_type ArduinoJson::V721HB22::detail::VisitorAdapter<TVisitor>::visit(const ArduinoJson::V721HB22::detail::ObjectData&) [with TVisitor = ArduinoJson::V721HB22::detail::JsonVariantCopier]	32	static
../Core/Inc/Json/Variant/JsonVariantVisitor.hpp:41:15:ArduinoJson::V721HB22::detail::VisitorAdapter<TVisitor>::result_type ArduinoJson::V721HB22::detail::VisitorAdapter<TVisitor>::visit(const T&) [with T = ArduinoJson::V721HB22::JsonString; TVisitor = ArduinoJson::V721HB22::detail::JsonVariantCopier]	16	static
../Core/Inc/Json/Misc/SerializedValue.hpp:36:12:ArduinoJson::V721HB22::SerializedValue<TChar*>::SerializedValue(TChar*, size_t) [with TChar = const char]	24	static
../Core/Inc/Json/Variant/JsonVariantVisitor.hpp:41:15:ArduinoJson::V721HB22::detail::VisitorAdapter<TVisitor>::result_type ArduinoJson::V721HB22::detail::VisitorAdapter<TVisitor>::visit(const T&) [with T = ArduinoJson::V721HB22::SerializedValue<const char*>; TVisitor = ArduinoJson::V721HB22::detail::JsonVariantCopier]	16	static
../Core/Inc/Json/Variant/JsonVariantVisitor.hpp:41:15:ArduinoJson::V721HB22::detail::VisitorAdapter<TVisitor>::result_type ArduinoJson::V721HB22::detail::VisitorAdapter<TVisitor>::visit(const T&) [with T = long long int; TVisitor = ArduinoJson::V721HB22::detail::JsonVariantCopier]	16	static
../Core/Inc/Json/Variant/JsonVariantVisitor.hpp:41:15:ArduinoJson::V721HB22::detail::VisitorAdapter<TVisitor>::result_type ArduinoJson::V721HB22::detail::VisitorAdapter<TVisitor>::visit(const T&) [with T = long long unsigned int; TVisitor = ArduinoJson::V721HB22::detail::JsonVariantCopier]	16	static
../Core/Inc/Json/Variant/JsonVariantVisitor.hpp:41:15:ArduinoJson::V721HB22::detail::VisitorAdapter<TVisitor>::result_type ArduinoJson::V721HB22::detail::VisitorAdapter<TVisitor>::visit(const T&) [with T = bool; TVisitor = ArduinoJson::V721HB22::detail::JsonVariantCopier]	16	static
../Core/Inc/Json/Variant/JsonVariantVisitor.hpp:41:15:ArduinoJson::V721HB22::detail::VisitorAdapter<TVisitor>::result_type ArduinoJson::V721HB22::detail::VisitorAdapter<TVisitor>::visit(const T&) [with T = std::nullptr_t; TVisitor = ArduinoJson::V721HB22::detail::JsonVariantCopier]	16	static
../Core/Inc/Json/Polyfills/alias_cast.hpp:24:3:T ArduinoJson::V721HB22::detail::alias_cast(F) [with T = double; F = long long unsigned int]	24	static
../Core/Inc/Json/Polyfills/pgmspace_generic.hpp:57:12:ArduinoJson::V721HB22::detail::pgm_ptr<T>::pgm_ptr(const T*) [with T = float]	16	static
../Core/Inc/Json/Polyfills/pgmspace_generic.hpp:48:10:T ArduinoJson::V721HB22::detail::pgm_read(const T*) [with T = float]	16	static
../Core/Inc/Json/Variant/VariantRefBase.hpp:297:8:bool ArduinoJson::V721HB22::detail::VariantRefBase<TDerived>::doSet(T&&) const [with TConverter = ArduinoJson::V721HB22::Converter<const char*>; T = const char*&; TDerived = ArduinoJson::V721HB22::detail::MemberProxy<ArduinoJson::V721HB22::JsonDocument&, const char*>]	32	static
../Core/Inc/Json/Variant/VariantRefBase.hpp:297:8:bool ArduinoJson::V721HB22::detail::VariantRefBase<TDerived>::doSet(T&&) const [with TConverter = ArduinoJson::V721HB22::Converter<signed char, void>; T = const signed char&; TDerived = ArduinoJson::V721HB22::detail::MemberProxy<ArduinoJson::V721HB22::JsonDocument&, const char*>]	32	static
../Core/Inc/Json/Variant/VariantRefBase.hpp:297:8:bool ArduinoJson::V721HB22::detail::VariantRefBase<TDerived>::doSet(T&&) const [with TConverter = ArduinoJson::V721HB22::Converter<double, void>; T = const double&; TDerived = ArduinoJson::V721HB22::detail::MemberProxy<ArduinoJson::V721HB22::JsonDocument&, const char*>]	32	static
../Core/Inc/Json/Variant/VariantRefBase.hpp:297:8:bool ArduinoJson::V721HB22::detail::VariantRefBase<TDerived>::doSet(T&&) const [with TConverter = ArduinoJson::V721HB22::Converter<long unsigned int, void>; T = const long unsigned int&; TDerived = ArduinoJson::V721HB22::detail::MemberProxy<ArduinoJson::V721HB22::JsonDocument&, const char*>]	32	static
../Core/Inc/Json/Variant/VariantRefBase.hpp:262:19:const TDerived& ArduinoJson::V721HB22::detail::VariantRefBase<TDerived>::derived() const [with TDerived = ArduinoJson::V721HB22::detail::MemberProxy<ArduinoJson::V721HB22::JsonDocument&, const char*>]	16	static
../Core/Inc/Json/Variant/VariantAttorney.hpp:30:23:static ArduinoJson::V721HB22::detail::VariantData* ArduinoJson::V721HB22::detail::VariantAttorney::getOrCreateData(TClient&) [with TClient = const ArduinoJson::V721HB22::detail::MemberProxy<ArduinoJson::V721HB22::JsonDocument&, const char*>]	16	static
../Core/Inc/Json/Variant/VariantAttorney.hpp:19:15:getResourceManager()) ArduinoJson::V721HB22::detail::VariantAttorney::getResourceManager(TClient&) [with TClient = const ArduinoJson::V721HB22::detail::MemberProxy<ArduinoJson::V721HB22::JsonDocument&, const char*>]	16	static
../Core/Inc/Json/Variant/VariantData.hpp:122:8:bool ArduinoJson::V721HB22::detail::VariantData::addValue(T&&, ArduinoJson::V721HB22::detail::ResourceManager*) [with T = const ArduinoJson::V721HB22::JsonDocument&]	32	static
../Core/Inc/Json/Variant/VariantRefBase.hpp:297:8:bool ArduinoJson::V721HB22::detail::VariantRefBase<TDerived>::doSet(T&&) const [with TConverter = ArduinoJson::V721HB22::Converter<int, void>; T = const int&; TDerived = ArduinoJson::V721HB22::detail::MemberProxy<ArduinoJson::V721HB22::JsonDocument&, const char*>]	32	static
../Core/Inc/Json/Variant/VariantRefBase.hpp:297:8:bool ArduinoJson::V721HB22::detail::VariantRefBase<TDerived>::doSet(T&&) const [with TConverter = ArduinoJson::V721HB22::Converter<ArduinoJson::V721HB22::JsonDocument, void>; T = const ArduinoJson::V721HB22::JsonDocument&; TDerived = ArduinoJson::V721HB22::detail::MemberProxy<ArduinoJson::V721HB22::JsonDocument&, const char*>]	32	static
../Core/Inc/Json/Variant/ConverterImpl.hpp:78:15:static bool ArduinoJson::V721HB22::Converter<T, typename ArduinoJson::V721HB22::detail::enable_if<((ArduinoJson::V721HB22::detail::is_integral<T>::value && (! ArduinoJson::V721HB22::detail::is_same<bool, T>::value)) && (! ArduinoJson::V721HB22::detail::is_same<char, T>::value)), void>::type>::checkJson(ArduinoJson::V721HB22::JsonVariantConst) [with T = unsigned char]	24	static
../Core/Inc/Json/Variant/ConverterImpl.hpp:71:12:static T ArduinoJson::V721HB22::Converter<T, typename ArduinoJson::V721HB22::detail::enable_if<((ArduinoJson::V721HB22::detail::is_integral<T>::value && (! ArduinoJson::V721HB22::detail::is_same<bool, T>::value)) && (! ArduinoJson::V721HB22::detail::is_same<char, T>::value)), void>::type>::fromJson(ArduinoJson::V721HB22::JsonVariantConst) [with T = unsigned char]	24	static
../Core/Inc/Json/Variant/ConverterImpl.hpp:78:15:static bool ArduinoJson::V721HB22::Converter<T, typename ArduinoJson::V721HB22::detail::enable_if<((ArduinoJson::V721HB22::detail::is_integral<T>::value && (! ArduinoJson::V721HB22::detail::is_same<bool, T>::value)) && (! ArduinoJson::V721HB22::detail::is_same<char, T>::value)), void>::type>::checkJson(ArduinoJson::V721HB22::JsonVariantConst) [with T = signed char]	24	static
../Core/Inc/Json/Variant/ConverterImpl.hpp:71:12:static T ArduinoJson::V721HB22::Converter<T, typename ArduinoJson::V721HB22::detail::enable_if<((ArduinoJson::V721HB22::detail::is_integral<T>::value && (! ArduinoJson::V721HB22::detail::is_same<bool, T>::value)) && (! ArduinoJson::V721HB22::detail::is_same<char, T>::value)), void>::type>::fromJson(ArduinoJson::V721HB22::JsonVariantConst) [with T = signed char]	24	static
../Core/Inc/Json/Variant/ConverterImpl.hpp:148:15:static bool ArduinoJson::V721HB22::Converter<T, typename ArduinoJson::V721HB22::detail::enable_if<ArduinoJson::V721HB22::detail::is_floating_point<T>::value, void>::type>::checkJson(ArduinoJson::V721HB22::JsonVariantConst) [with T = double]	24	static
../Core/Inc/Json/Variant/ConverterImpl.hpp:142:12:static T ArduinoJson::V721HB22::Converter<T, typename ArduinoJson::V721HB22::detail::enable_if<ArduinoJson::V721HB22::detail::is_floating_point<T>::value, void>::type>::fromJson(ArduinoJson::V721HB22::JsonVariantConst) [with T = double]	24	static
../Core/Inc/Json/Variant/ConverterImpl.hpp:78:15:static bool ArduinoJson::V721HB22::Converter<T, typename ArduinoJson::V721HB22::detail::enable_if<((ArduinoJson::V721HB22::detail::is_integral<T>::value && (! ArduinoJson::V721HB22::detail::is_same<bool, T>::value)) && (! ArduinoJson::V721HB22::detail::is_same<char, T>::value)), void>::type>::checkJson(ArduinoJson::V721HB22::JsonVariantConst) [with T = long unsigned int]	24	static
../Core/Inc/Json/Variant/ConverterImpl.hpp:71:12:static T ArduinoJson::V721HB22::Converter<T, typename ArduinoJson::V721HB22::detail::enable_if<((ArduinoJson::V721HB22::detail::is_integral<T>::value && (! ArduinoJson::V721HB22::detail::is_same<bool, T>::value)) && (! ArduinoJson::V721HB22::detail::is_same<char, T>::value)), void>::type>::fromJson(ArduinoJson::V721HB22::JsonVariantConst) [with T = long unsigned int]	24	static
../Core/Inc/Json/Object/ObjectData.hpp:24:23:static ArduinoJson::V721HB22::detail::VariantData* ArduinoJson::V721HB22::detail::ObjectData::getMember(const ArduinoJson::V721HB22::detail::ObjectData*, TAdaptedString, const ArduinoJson::V721HB22::detail::ResourceManager*) [with TAdaptedString = ArduinoJson::V721HB22::detail::StaticStringAdapter]	24	static
../Core/Inc/Json/Variant/VariantCompare.hpp:206:15:ArduinoJson::V721HB22::detail::CompareResult ArduinoJson::V721HB22::detail::compare(ArduinoJson::V721HB22::JsonVariantConst, const T&) [with T = std::nullptr_t]	32	static
../Core/Inc/Json/Object/ObjectImpl.hpp:33:29:ArduinoJson::V721HB22::detail::CollectionData::iterator ArduinoJson::V721HB22::detail::ObjectData::findKey(TAdaptedString, const ArduinoJson::V721HB22::detail::ResourceManager*) const [with TAdaptedString = ArduinoJson::V721HB22::detail::JsonStringAdapter]	64	static
../Core/Inc/Json/Variant/VariantRefBaseImpl.hpp:107:20:ArduinoJson::V721HB22::JsonVariant ArduinoJson::V721HB22::detail::VariantRefBase<TDerived>::getOrCreateVariant() const [with TDerived = ArduinoJson::V721HB22::detail::MemberProxy<ArduinoJson::V721HB22::JsonObject, ArduinoJson::V721HB22::JsonString>]	24	static
../Core/Inc/Json/Variant/VariantRefBase.hpp:266:20:ArduinoJson::V721HB22::detail::ResourceManager* ArduinoJson::V721HB22::detail::VariantRefBase<TDerived>::getResourceManager() const [with TDerived = ArduinoJson::V721HB22::detail::MemberProxy<ArduinoJson::V721HB22::JsonObject, ArduinoJson::V721HB22::JsonString>]	16	static
../Core/Inc/Json/Variant/VariantRefBaseImpl.hpp:107:20:ArduinoJson::V721HB22::JsonVariant ArduinoJson::V721HB22::detail::VariantRefBase<TDerived>::getOrCreateVariant() const [with TDerived = ArduinoJson::V721HB22::JsonVariant]	24	static
../Core/Inc/Json/Memory/StringPool.hpp:45:15:ArduinoJson::V721HB22::detail::StringNode* ArduinoJson::V721HB22::detail::StringPool::add(TAdaptedString, ArduinoJson::V721HB22::Allocator*) [with TAdaptedString = ArduinoJson::V721HB22::detail::StaticStringAdapter]	32	static
../Core/Inc/Json/Memory/StringPool.hpp:45:15:ArduinoJson::V721HB22::detail::StringNode* ArduinoJson::V721HB22::detail::StringPool::add(TAdaptedString, ArduinoJson::V721HB22::Allocator*) [with TAdaptedString = ArduinoJson::V721HB22::detail::JsonStringAdapter]	40	static
../Core/Inc/Json/Variant/JsonVariantCopier.hpp:19:8:bool ArduinoJson::V721HB22::detail::JsonVariantCopier::visit(T) [with T = float]	16	static
../Core/Inc/Json/Variant/JsonVariantCopier.hpp:19:8:bool ArduinoJson::V721HB22::detail::JsonVariantCopier::visit(T) [with T = double]	24	static
../Core/Inc/Json/Variant/JsonVariantCopier.hpp:19:8:bool ArduinoJson::V721HB22::detail::JsonVariantCopier::visit(T) [with T = ArduinoJson::V721HB22::JsonArrayConst]	24	static
../Core/Inc/Json/Variant/JsonVariantCopier.hpp:19:8:bool ArduinoJson::V721HB22::detail::JsonVariantCopier::visit(T) [with T = ArduinoJson::V721HB22::JsonObjectConst]	24	static
../Core/Inc/Json/Variant/JsonVariantCopier.hpp:19:8:bool ArduinoJson::V721HB22::detail::JsonVariantCopier::visit(T) [with T = ArduinoJson::V721HB22::JsonString]	24	static
../Core/Inc/Json/Variant/JsonVariantCopier.hpp:19:8:bool ArduinoJson::V721HB22::detail::JsonVariantCopier::visit(T) [with T = ArduinoJson::V721HB22::SerializedValue<const char*>]	24	static
../Core/Inc/Json/Variant/JsonVariantCopier.hpp:19:8:bool ArduinoJson::V721HB22::detail::JsonVariantCopier::visit(T) [with T = long long int]	24	static
../Core/Inc/Json/Variant/JsonVariantCopier.hpp:19:8:bool ArduinoJson::V721HB22::detail::JsonVariantCopier::visit(T) [with T = long long unsigned int]	24	static
../Core/Inc/Json/Variant/JsonVariantCopier.hpp:19:8:bool ArduinoJson::V721HB22::detail::JsonVariantCopier::visit(T) [with T = bool]	16	static
../Core/Inc/Json/Polyfills/utility.hpp:14:5:T&& ArduinoJson::V721HB22::detail::forward(remove_reference_t<T>&) [with T = const char*&]	16	static
../Core/Inc/Json/Variant/VariantRefBaseImpl.hpp:141:13:bool ArduinoJson::V721HB22::detail::VariantRefBase<TDerived>::doSet(T&&, ArduinoJson::V721HB22::detail::false_type) const [with TConverter = ArduinoJson::V721HB22::Converter<const char*>; T = const char*&; TDerived = ArduinoJson::V721HB22::detail::MemberProxy<ArduinoJson::V721HB22::JsonDocument&, const char*>]	48	static
../Core/Inc/Json/Polyfills/utility.hpp:14:5:T&& ArduinoJson::V721HB22::detail::forward(remove_reference_t<T>&) [with T = const signed char&]	16	static
../Core/Inc/Json/Variant/VariantRefBaseImpl.hpp:149:13:bool ArduinoJson::V721HB22::detail::VariantRefBase<TDerived>::doSet(T&&, ArduinoJson::V721HB22::detail::true_type) const [with TConverter = ArduinoJson::V721HB22::Converter<signed char, void>; T = const signed char&; TDerived = ArduinoJson::V721HB22::detail::MemberProxy<ArduinoJson::V721HB22::JsonDocument&, const char*>]	40	static
../Core/Inc/Json/Polyfills/utility.hpp:14:5:T&& ArduinoJson::V721HB22::detail::forward(remove_reference_t<T>&) [with T = const double&]	16	static
../Core/Inc/Json/Variant/VariantRefBaseImpl.hpp:149:13:bool ArduinoJson::V721HB22::detail::VariantRefBase<TDerived>::doSet(T&&, ArduinoJson::V721HB22::detail::true_type) const [with TConverter = ArduinoJson::V721HB22::Converter<double, void>; T = const double&; TDerived = ArduinoJson::V721HB22::detail::MemberProxy<ArduinoJson::V721HB22::JsonDocument&, const char*>]	40	static
../Core/Inc/Json/Polyfills/utility.hpp:14:5:T&& ArduinoJson::V721HB22::detail::forward(remove_reference_t<T>&) [with T = const long unsigned int&]	16	static
../Core/Inc/Json/Variant/VariantRefBaseImpl.hpp:149:13:bool ArduinoJson::V721HB22::detail::VariantRefBase<TDerived>::doSet(T&&, ArduinoJson::V721HB22::detail::true_type) const [with TConverter = ArduinoJson::V721HB22::Converter<long unsigned int, void>; T = const long unsigned int&; TDerived = ArduinoJson::V721HB22::detail::MemberProxy<ArduinoJson::V721HB22::JsonDocument&, const char*>]	40	static
../Core/Inc/Json/Object/MemberProxy.hpp:54:16:ArduinoJson::V721HB22::detail::VariantData* ArduinoJson::V721HB22::detail::MemberProxy< <template-parameter-1-1>, <template-parameter-1-2> >::getOrCreateData() const [with TUpstream = ArduinoJson::V721HB22::JsonDocument&; TStringRef = const char*]	32	static
../Core/Inc/Json/Object/MemberProxy.hpp:44:20:ArduinoJson::V721HB22::detail::ResourceManager* ArduinoJson::V721HB22::detail::MemberProxy< <template-parameter-1-1>, <template-parameter-1-2> >::getResourceManager() const [with TUpstream = ArduinoJson::V721HB22::JsonDocument&; TStringRef = const char*]	16	static
../Core/Inc/Json/Polyfills/utility.hpp:14:5:T&& ArduinoJson::V721HB22::detail::forward(remove_reference_t<T>&) [with T = const ArduinoJson::V721HB22::JsonDocument&]	16	static
../Core/Inc/Json/Array/ArrayData.hpp:25:15:static bool ArduinoJson::V721HB22::detail::ArrayData::addValue(ArduinoJson::V721HB22::detail::ArrayData*, T&&, ArduinoJson::V721HB22::detail::ResourceManager*) [with T = const ArduinoJson::V721HB22::JsonDocument&]	24	static
../Core/Inc/Json/Polyfills/utility.hpp:14:5:T&& ArduinoJson::V721HB22::detail::forward(remove_reference_t<T>&) [with T = const int&]	16	static
../Core/Inc/Json/Variant/VariantRefBaseImpl.hpp:149:13:bool ArduinoJson::V721HB22::detail::VariantRefBase<TDerived>::doSet(T&&, ArduinoJson::V721HB22::detail::true_type) const [with TConverter = ArduinoJson::V721HB22::Converter<int, void>; T = const int&; TDerived = ArduinoJson::V721HB22::detail::MemberProxy<ArduinoJson::V721HB22::JsonDocument&, const char*>]	40	static
../Core/Inc/Json/Variant/VariantRefBaseImpl.hpp:141:13:bool ArduinoJson::V721HB22::detail::VariantRefBase<TDerived>::doSet(T&&, ArduinoJson::V721HB22::detail::false_type) const [with TConverter = ArduinoJson::V721HB22::Converter<ArduinoJson::V721HB22::JsonDocument, void>; T = const ArduinoJson::V721HB22::JsonDocument&; TDerived = ArduinoJson::V721HB22::detail::MemberProxy<ArduinoJson::V721HB22::JsonDocument&, const char*>]	40	static
../Core/Inc/Json/Variant/VariantData.hpp:345:8:bool ArduinoJson::V721HB22::detail::VariantData::isInteger(const ArduinoJson::V721HB22::detail::ResourceManager*) const [with T = unsigned char]	24	static
../Core/Inc/Json/Variant/VariantData.hpp:218:5:T ArduinoJson::V721HB22::detail::VariantData::asIntegral(const ArduinoJson::V721HB22::detail::ResourceManager*) const [with T = unsigned char]	24	static
../Core/Inc/Json/Variant/VariantData.hpp:345:8:bool ArduinoJson::V721HB22::detail::VariantData::isInteger(const ArduinoJson::V721HB22::detail::ResourceManager*) const [with T = signed char]	24	static
../Core/Inc/Json/Variant/VariantData.hpp:218:5:T ArduinoJson::V721HB22::detail::VariantData::asIntegral(const ArduinoJson::V721HB22::detail::ResourceManager*) const [with T = signed char]	24	static
[...]
../Core/Inc/Json/Variant/JsonVariantVisitor.hpp:32:15:ArduinoJson::V721HB22::detail::VisitorAdapter<TVisitor>::result_type ArduinoJson::V721HB22::detail::VisitorAdapter<TVisitor>::visit(const ArduinoJson::V721HB22::detail::ArrayData&) [with TVisitor = ArduinoJson::V721HB22::detail::Comparer<std::nullptr_t, void>]	32	static
../Core/Inc/Json/Variant/JsonVariantVisitor.hpp:36:15:ArduinoJson::V721HB22::detail::VisitorAdapter<TVisitor>::result_type ArduinoJson::V721HB22::detail::VisitorAdapter<TVisitor>::visit(const ArduinoJson::V721HB22::detail::ObjectData&) [with TVisitor = ArduinoJson::V721HB22::detail::Comparer<std::nullptr_t, void>]	32	static
../Core/Inc/Json/Variant/JsonVariantVisitor.hpp:41:15:ArduinoJson::V721HB22::detail::VisitorAdapter<TVisitor>::result_type ArduinoJson::V721HB22::detail::VisitorAdapter<TVisitor>::visit(const T&) [with T = ArduinoJson::V721HB22::JsonString; TVisitor = ArduinoJson::V721HB22::detail::Comparer<std::nullptr_t, void>]	16	static
../Core/Inc/Json/Variant/JsonVariantVisitor.hpp:41:15:ArduinoJson::V721HB22::detail::VisitorAdapter<TVisitor>::result_type ArduinoJson::V721HB22::detail::VisitorAdapter<TVisitor>::visit(const T&) [with T = ArduinoJson::V721HB22::SerializedValue<const char*>; TVisitor = ArduinoJson::V721HB22::detail::Comparer<std::nullptr_t, void>]	16	static
../Core/Inc/Json/Variant/JsonVariantVisitor.hpp:41:15:ArduinoJson::V721HB22::detail::VisitorAdapter<TVisitor>::result_type ArduinoJson::V721HB22::detail::VisitorAdapter<TVisitor>::visit(const T&) [with T = long long int; TVisitor = ArduinoJson::V721HB22::detail::Comparer<std::nullptr_t, void>]	16	static
../Core/Inc/Json/Variant/JsonVariantVisitor.hpp:41:15:ArduinoJson::V721HB22::detail::VisitorAdapter<TVisitor>::result_type ArduinoJson::V721HB22::detail::VisitorAdapter<TVisitor>::visit(const T&) [with T = long long unsigned int; TVisitor = ArduinoJson::V721HB22::detail::Comparer<std::nullptr_t, void>]	16	static
../Core/Inc/Json/Variant/JsonVariantVisitor.hpp:41:15:ArduinoJson::V721HB22::detail::VisitorAdapter<TVisitor>::result_type ArduinoJson::V721HB22::detail::VisitorAdapter<TVisitor>::visit(const T&) [with T = bool; TVisitor = ArduinoJson::V721HB22::detail::Comparer<std::nullptr_t, void>]	16	static
../Core/Inc/Json/Variant/JsonVariantVisitor.hpp:41:15:ArduinoJson::V721HB22::detail::VisitorAdapter<TVisitor>::result_type ArduinoJson::V721HB22::detail::VisitorAdapter<TVisitor>::visit(const T&) [with T = std::nullptr_t; TVisitor = ArduinoJson::V721HB22::detail::Comparer<std::nullptr_t, void>]	16	static
../Core/Inc/Json/Object/MemberProxy.hpp:54:16:ArduinoJson::V721HB22::detail::VariantData* ArduinoJson::V721HB22::detail::MemberProxy< <template-parameter-1-1>, <template-parameter-1-2> >::getOrCreateData() const [with TUpstream = ArduinoJson::V721HB22::JsonObject; TStringRef = ArduinoJson::V721HB22::JsonString]	48	static
../Core/Inc/Json/Variant/VariantAttorney.hpp:19:15:getResourceManager()) ArduinoJson::V721HB22::detail::VariantAttorney::getResourceManager(TClient&) [with TClient = const ArduinoJson::V721HB22::JsonObject]	16	static
../Core/Inc/Json/Strings/StringAdapters.hpp:45:1:ArduinoJson::V721HB22::detail::enable_if_t<(TAdaptedString1::typeSortKey <= TAdaptedString2::typeSortKey), bool> ArduinoJson::V721HB22::detail::stringEquals(TAdaptedString1, TAdaptedString2) [with TAdaptedString1 = SizedRamString; TAdaptedString2 = StaticStringAdapter]	48	static
../Core/Inc/Json/Polyfills/utility.hpp:14:5:T&& ArduinoJson::V721HB22::detail::forward(remove_reference_t<T>&) [with T = const float&]	16	static
../Core/Inc/Json/Variant/VariantRefBaseImpl.hpp:149:13:bool ArduinoJson::V721HB22::detail::VariantRefBase<TDerived>::doSet(T&&, ArduinoJson::V721HB22::detail::true_type) const [with TConverter = ArduinoJson::V721HB22::Converter<float, void>; T = const float&; TDerived = ArduinoJson::V721HB22::JsonVariant]	40	static
../Core/Inc/Json/Variant/VariantRefBaseImpl.hpp:149:13:bool ArduinoJson::V721HB22::detail::VariantRefBase<TDerived>::doSet(T&&, ArduinoJson::V721HB22::detail::true_type) const [with TConverter = ArduinoJson::V721HB22::Converter<double, void>; T = const double&; TDerived = ArduinoJson::V721HB22::JsonVariant]	40	static
../Core/Inc/Json/Polyfills/utility.hpp:14:5:T&& ArduinoJson::V721HB22::detail::forward(remove_reference_t<T>&) [with T = const ArduinoJson::V721HB22::JsonArrayConst&]	16	static
../Core/Inc/Json/Variant/VariantRefBaseImpl.hpp:141:13:bool ArduinoJson::V721HB22::detail::VariantRefBase<TDerived>::doSet(T&&, ArduinoJson::V721HB22::detail::false_type) const [with TConverter = ArduinoJson::V721HB22::Converter<ArduinoJson::V721HB22::JsonArrayConst>; T = const ArduinoJson::V721HB22::JsonArrayConst&; TDerived = ArduinoJson::V721HB22::JsonVariant]	40	static
../Core/Inc/Json/Polyfills/utility.hpp:14:5:T&& ArduinoJson::V721HB22::detail::forward(remove_reference_t<T>&) [with T = const ArduinoJson::V721HB22::JsonObjectConst&]	16	static
../Core/Inc/Json/Variant/VariantRefBaseImpl.hpp:141:13:bool ArduinoJson::V721HB22::detail::VariantRefBase<TDerived>::doSet(T&&, ArduinoJson::V721HB22::detail::false_type) const [with TConverter = ArduinoJson::V721HB22::Converter<ArduinoJson::V721HB22::JsonObjectConst>; T = const ArduinoJson::V721HB22::JsonObjectConst&; TDerived = ArduinoJson::V721HB22::JsonVariant]	48	static
../Core/Inc/Json/Polyfills/utility.hpp:14:5:T&& ArduinoJson::V721HB22::detail::forward(remove_reference_t<T>&) [with T = const ArduinoJson::V721HB22::JsonString&]	16	static
../Core/Inc/Json/Variant/VariantRefBaseImpl.hpp:141:13:bool ArduinoJson::V721HB22::detail::VariantRefBase<TDerived>::doSet(T&&, ArduinoJson::V721HB22::detail::false_type) const [with TConverter = ArduinoJson::V721HB22::Converter<ArduinoJson::V721HB22::JsonString>; T = const ArduinoJson::V721HB22::JsonString&; TDerived = ArduinoJson::V721HB22::JsonVariant]	48	static
../Core/Inc/Json/Polyfills/utility.hpp:14:5:T&& ArduinoJson::V721HB22::detail::forward(remove_reference_t<T>&) [with T = const ArduinoJson::V721HB22::SerializedValue<const char*>&]	16	static
../Core/Inc/Json/Variant/VariantRefBaseImpl.hpp:141:13:bool ArduinoJson::V721HB22::detail::VariantRefBase<TDerived>::doSet(T&&, ArduinoJson::V721HB22::detail::false_type) const [with TConverter = ArduinoJson::V721HB22::Converter<ArduinoJson::V721HB22::SerializedValue<const char*>, void>; T = const ArduinoJson::V721HB22::SerializedValue<const char*>&; TDerived = ArduinoJson::V721HB22::JsonVariant]	40	static
../Core/Inc/Json/Polyfills/utility.hpp:14:5:T&& ArduinoJson::V721HB22::detail::forward(remove_reference_t<T>&) [with T = const long long int&]	16	static
../Core/Inc/Json/Variant/VariantRefBaseImpl.hpp:149:13:bool ArduinoJson::V721HB22::detail::VariantRefBase<TDerived>::doSet(T&&, ArduinoJson::V721HB22::detail::true_type) const [with TConverter = ArduinoJson::V721HB22::Converter<long long int, void>; T = const long long int&; TDerived = ArduinoJson::V721HB22::JsonVariant]	40	static
../Core/Inc/Json/Polyfills/utility.hpp:14:5:T&& ArduinoJson::V721HB22::detail::forward(remove_reference_t<T>&) [with T = const long long unsigned int&]	16	static
../Core/Inc/Json/Variant/VariantRefBaseImpl.hpp:149:13:bool ArduinoJson::V721HB22::detail::VariantRefBase<TDerived>::doSet(T&&, ArduinoJson::V721HB22::detail::true_type) const [with TConverter = ArduinoJson::V721HB22::Converter<long long unsigned int, void>; T = const long long unsigned int&; TDerived = ArduinoJson::V721HB22::JsonVariant]	40	static
../Core/Inc/Json/Polyfills/utility.hpp:14:5:T&& ArduinoJson::V721HB22::detail::forward(remove_reference_t<T>&) [with T = const bool&]	16	static
../Core/Inc/Json/Variant/VariantRefBaseImpl.hpp:149:13:bool ArduinoJson::V721HB22::detail::VariantRefBase<TDerived>::doSet(T&&, ArduinoJson::V721HB22::detail::true_type) const [with TConverter = ArduinoJson::V721HB22::Converter<bool>; T = const bool&; TDerived = ArduinoJson::V721HB22::JsonVariant]	40	static
../Core/Inc/Json/Numbers/FloatTraits.hpp:142:12:static T ArduinoJson::V721HB22::detail::FloatTraits<T, 4>::forge(uint32_t) [with T = float]	16	static
../Core/Inc/Json/Numbers/convertNumber.hpp:67:1:ArduinoJson::V721HB22::detail::enable_if_t<((((ArduinoJson::V721HB22::detail::is_integral<TIn>::value && ArduinoJson::V721HB22::detail::is_signed<TIn>::value) && ArduinoJson::V721HB22::detail::is_integral<T>::value) && ArduinoJson::V721HB22::detail::is_signed<T>::value) && (sizeof (TIn) <= sizeof (TOut))), bool> ArduinoJson::V721HB22::detail::canConvertNumber(TIn) [with TOut = long int; TIn = signed char]	16	static
../Core/Inc/Json/Memory/MemoryPool.hpp:25:12:ArduinoJson::V721HB22::detail::Slot<T>::operator bool() const [with T = ArduinoJson::V721HB22::detail::VariantExtension]	16	static
../Core/Inc/Json/Memory/MemoryPool.hpp:29:10:ArduinoJson::V721HB22::detail::SlotId ArduinoJson::V721HB22::detail::Slot<T>::id() const [with T = ArduinoJson::V721HB22::detail::VariantExtension]	16	static
../Core/Inc/Json/Memory/MemoryPool.hpp:37:6:T* ArduinoJson::V721HB22::detail::Slot<T>::operator->() const [with T = ArduinoJson::V721HB22::detail::VariantExtension]	16	static
../Core/Inc/Json/Object/ObjectImpl.hpp:53:21:ArduinoJson::V721HB22::detail::VariantData* ArduinoJson::V721HB22::detail::ObjectData::addMember(TAdaptedString, ArduinoJson::V721HB22::detail::ResourceManager*) [with TAdaptedString = ArduinoJson::V721HB22::detail::StaticStringAdapter]	48	static
../Core/Inc/Json/Variant/VariantRefBase.hpp:297:8:bool ArduinoJson::V721HB22::detail::VariantRefBase<TDerived>::doSet(T&&) const [with TConverter = ArduinoJson::V721HB22::Converter<ArduinoJson::V721HB22::JsonDocument, void>; T = const ArduinoJson::V721HB22::JsonDocument&; TDerived = ArduinoJson::V721HB22::JsonVariant]	32	static
../Core/Inc/Json/Numbers/convertNumber.hpp:67:1:ArduinoJson::V721HB22::detail::enable_if_t<((((ArduinoJson::V721HB22::detail::is_integral<TIn>::value && ArduinoJson::V721HB22::detail::is_signed<TIn>::value) && ArduinoJson::V721HB22::detail::is_integral<T>::value) && ArduinoJson::V721HB22::detail::is_signed<T>::value) && (sizeof (TIn) <= sizeof (TOut))), bool> ArduinoJson::V721HB22::detail::canConvertNumber(TIn) [with TOut = long int; TIn = int]	16	static
../Core/Inc/Json/Numbers/convertNumber.hpp:135:6:TOut ArduinoJson::V721HB22::detail::convertNumber(TIn) [with TOut = double; TIn = float]	16	static
../Core/Inc/Json/Numbers/convertNumber.hpp:135:6:TOut ArduinoJson::V721HB22::detail::convertNumber(TIn) [with TOut = double; TIn = long long int]	16	static
../Core/Inc/Json/Numbers/convertNumber.hpp:135:6:TOut ArduinoJson::V721HB22::detail::convertNumber(TIn) [with TOut = double; TIn = long long unsigned int]	16	static
../Core/Inc/Json/Numbers/convertNumber.hpp:135:6:TOut ArduinoJson::V721HB22::detail::convertNumber(TIn) [with TOut = double; TIn = double]	16	static
../Core/Inc/Json/Numbers/FloatTraits.hpp:167:12:static T ArduinoJson::V721HB22::detail::FloatTraits<T, 4>::highest_for(ArduinoJson::V721HB22::detail::enable_if_t<((ArduinoJson::V721HB22::detail::is_integral<TOut>::value && ArduinoJson::V721HB22::detail::is_unsigned<TOut>::value) && (sizeof (TOut) == 4)), unsigned int>*) [with TOut = long unsigned int; T = float]	16	static
../Core/Inc/Json/Strings/StringAdapters.hpp:45:1:ArduinoJson::V721HB22::detail::enable_if_t<(TAdaptedString1::typeSortKey <= TAdaptedString2::typeSortKey), bool> ArduinoJson::V721HB22::detail::stringEquals(TAdaptedString1, TAdaptedString2) [with TAdaptedString1 = JsonStringAdapter; TAdaptedString2 = StaticStringAdapter]	48	static
../Core/Inc/Json/Variant/VariantAttorney.hpp:30:23:static ArduinoJson::V721HB22::detail::VariantData* ArduinoJson::V721HB22::detail::VariantAttorney::getOrCreateData(TClient&) [with TClient = const ArduinoJson::V721HB22::JsonObject]	16	static
../Core/Inc/Json/Variant/VariantData.hpp:319:16:ArduinoJson::V721HB22::detail::VariantData* ArduinoJson::V721HB22::detail::VariantData::getOrAddMember(TAdaptedString, ArduinoJson::V721HB22::detail::ResourceManager*) [with TAdaptedString = ArduinoJson::V721HB22::detail::JsonStringAdapter]	40	static
../Core/Inc/Json/Variant/ConverterImpl.hpp:133:15:static bool ArduinoJson::V721HB22::Converter<T, typename ArduinoJson::V721HB22::detail::enable_if<ArduinoJson::V721HB22::detail::is_floating_point<T>::value, void>::type>::toJson(T, ArduinoJson::V721HB22::JsonVariant) [with T = float]	32	static
../Core/Inc/Json/Variant/ConverterImpl.hpp:204:15:static void ArduinoJson::V721HB22::Converter<ArduinoJson::V721HB22::SerializedValue<T> >::toJson(ArduinoJson::V721HB22::SerializedValue<T>, ArduinoJson::V721HB22::JsonVariant) [with T = const char*]	32	static
../Core/Inc/Json/Variant/ConverterImpl.hpp:61:15:static bool ArduinoJson::V721HB22::Converter<T, typename ArduinoJson::V721HB22::detail::enable_if<((ArduinoJson::V721HB22::detail::is_integral<T>::value && (! ArduinoJson::V721HB22::detail::is_same<bool, T>::value)) && (! ArduinoJson::V721HB22::detail::is_same<char, T>::value)), void>::type>::toJson(T, ArduinoJson::V721HB22::JsonVariant) [with T = long long int]	40	static
../Core/Inc/Json/Variant/ConverterImpl.hpp:61:15:static bool ArduinoJson::V721HB22::Converter<T, typename ArduinoJson::V721HB22::detail::enable_if<((ArduinoJson::V721HB22::detail::is_integral<T>::value && (! ArduinoJson::V721HB22::detail::is_same<bool, T>::value)) && (! ArduinoJson::V721HB22::detail::is_same<char, T>::value)), void>::type>::toJson(T, ArduinoJson::V721HB22::JsonVariant) [with T = long long unsigned int]	40	static
../Core/Inc/Json/Polyfills/alias_cast.hpp:24:3:T ArduinoJson::V721HB22::detail::alias_cast(F) [with T = float; F = long unsigned int]	24	static
../Core/Inc/Json/Variant/VariantRefBaseImpl.hpp:141:13:bool ArduinoJson::V721HB22::detail::VariantRefBase<TDerived>::doSet(T&&, ArduinoJson::V721HB22::detail::false_type) const [with TConverter = ArduinoJson::V721HB22::Converter<ArduinoJson::V721HB22::JsonDocument, void>; T = const ArduinoJson::V721HB22::JsonDocument&; TDerived = ArduinoJson::V721HB22::JsonVariant]	40	static
../Core/Inc/Json/Numbers/convertNumber.hpp:130:1:ArduinoJson::V721HB22::detail::enable_if_t<(ArduinoJson::V721HB22::detail::is_floating_point<TIn>::value && ArduinoJson::V721HB22::detail::is_floating_point<T>::value), bool> ArduinoJson::V721HB22::detail::canConvertNumber(TIn) [with TOut = double; TIn = float]	16	static
../Core/Inc/Json/Numbers/convertNumber.hpp:45:1:ArduinoJson::V721HB22::detail::enable_if_t<(ArduinoJson::V721HB22::detail::is_integral<TIn>::value && ArduinoJson::V721HB22::detail::is_floating_point<T>::value), bool> ArduinoJson::V721HB22::detail::canConvertNumber(TIn) [with TOut = double; TIn = long long int]	16	static
../Core/Inc/Json/Numbers/convertNumber.hpp:45:1:ArduinoJson::V721HB22::detail::enable_if_t<(ArduinoJson::V721HB22::detail::is_integral<TIn>::value && ArduinoJson::V721HB22::detail::is_floating_point<T>::value), bool> ArduinoJson::V721HB22::detail::canConvertNumber(TIn) [with TOut = double; TIn = long long unsigned int]	16	static
../Core/Inc/Json/Numbers/convertNumber.hpp:130:1:ArduinoJson::V721HB22::detail::enable_if_t<(ArduinoJson::V721HB22::detail::is_floating_point<TIn>::value && ArduinoJson::V721HB22::detail::is_floating_point<T>::value), bool> ArduinoJson::V721HB22::detail::canConvertNumber(TIn) [with TOut = double; TIn = double]	16	static
../Core/Inc/Json/Object/ObjectImpl.hpp:24:14:ArduinoJson::V721HB22::detail::VariantData* ArduinoJson::V721HB22::detail::ObjectData::getOrAddMember(TAdaptedString, ArduinoJson::V721HB22::detail::ResourceManager*) [with TAdaptedString = ArduinoJson::V721HB22::detail::JsonStringAdapter]	40	static
../Core/Inc/Json/Variant/VariantData.hpp:440:37:ArduinoJson::V721HB22::detail::enable_if_t<(sizeof (T) == 4), bool> ArduinoJson::V721HB22::detail::VariantData::setFloat(T, ArduinoJson::V721HB22::detail::ResourceManager*) [with T = float]	24	static
../Core/Inc/Json/Variant/VariantData.hpp:469:15:static void ArduinoJson::V721HB22::detail::VariantData::setRawString(ArduinoJson::V721HB22::detail::VariantData*, ArduinoJson::V721HB22::SerializedValue<T>, ArduinoJson::V721HB22::detail::ResourceManager*) [with T = const char*]	24	static
../Core/Inc/Json/Variant/VariantImpl.hpp:96:40:ArduinoJson::V721HB22::detail::enable_if_t<ArduinoJson::V721HB22::detail::is_signed<T>::value, bool> ArduinoJson::V721HB22::detail::VariantData::setInteger(T, ArduinoJson::V721HB22::detail::ResourceManager*) [with T = long long int]	32	static
../Core/Inc/Json/Variant/VariantImpl.hpp:119:42:ArduinoJson::V721HB22::detail::enable_if_t<ArduinoJson::V721HB22::detail::is_unsigned<T>::value, bool> ArduinoJson::V721HB22::detail::VariantData::setInteger(T, ArduinoJson::V721HB22::detail::ResourceManager*) [with T = long long unsigned int]	32	static
../Core/Inc/Json/Object/ObjectImpl.hpp:53:21:ArduinoJson::V721HB22::detail::VariantData* ArduinoJson::V721HB22::detail::ObjectData::addMember(TAdaptedString, ArduinoJson::V721HB22::detail::ResourceManager*) [with TAdaptedString = ArduinoJson::V721HB22::detail::JsonStringAdapter]	48	static
../Core/Inc/Json/Variant/VariantImpl.hpp:13:13:void ArduinoJson::V721HB22::detail::VariantData::setRawString(ArduinoJson::V721HB22::SerializedValue<T>, ArduinoJson::V721HB22::detail::ResourceManager*) [with T = const char*]	48	static
../Core/Inc/Json/Numbers/convertNumber.hpp:55:1:ArduinoJson::V721HB22::detail::enable_if_t<((((ArduinoJson::V721HB22::detail::is_integral<TIn>::value && ArduinoJson::V721HB22::detail::is_signed<TIn>::value) && ArduinoJson::V721HB22::detail::is_integral<T>::value) && ArduinoJson::V721HB22::detail::is_signed<T>::value) && (sizeof (TOut) < sizeof (TIn))), bool> ArduinoJson::V721HB22::detail::canConvertNumber(TIn) [with TOut = long int; TIn = long long int]	32	static
../Core/Inc/Json/Strings/StringAdapter.hpp:26:52:typename ArduinoJson::V721HB22::detail::SizedStringAdapter<TChar*>::AdaptedString ArduinoJson::V721HB22::detail::adaptString(TChar*, size_t) [with TChar = const char]	24	static
../Core/Inc/Json/Memory/ResourceManager.hpp:72:15:ArduinoJson::V721HB22::detail::StringNode* ArduinoJson::V721HB22::detail::ResourceManager::saveString(TAdaptedString) [with TAdaptedString = ArduinoJson::V721HB22::detail::SizedRamString]	32	static
../Core/Inc/Json/Polyfills/limits.hpp:33:22:static constexpr T ArduinoJson::V721HB22::detail::numeric_limits<T, typename ArduinoJson::V721HB22::detail::enable_if<(ArduinoJson::V721HB22::detail::is_integral<T>::value && ArduinoJson::V721HB22::detail::is_signed<T>::value), void>::type>::lowest() [with T = long int]	4	static
../Core/Inc/Json/Polyfills/limits.hpp:36:22:static constexpr T ArduinoJson::V721HB22::detail::numeric_limits<T, typename ArduinoJson::V721HB22::detail::enable_if<(ArduinoJson::V721HB22::detail::is_integral<T>::value && ArduinoJson::V721HB22::detail::is_signed<T>::value), void>::type>::highest() [with T = long int]	8	static
../Core/Inc/Json/Strings/Adapters/RamString.hpp:125:24:static ArduinoJson::V721HB22::detail::SizedStringAdapter<TChar*, typename ArduinoJson::V721HB22::detail::enable_if<ArduinoJson::V721HB22::detail::IsChar<T>::value, void>::type>::AdaptedString ArduinoJson::V721HB22::detail::SizedStringAdapter<TChar*, typename ArduinoJson::V721HB22::detail::enable_if<ArduinoJson::V721HB22::detail::IsChar<T>::value, void>::type>::adapt(const TChar*, size_t) [with TChar = const char]	24	static
../Core/Inc/Json/Memory/StringPool.hpp:45:15:ArduinoJson::V721HB22::detail::StringNode* ArduinoJson::V721HB22::detail::StringPool::add(TAdaptedString, ArduinoJson::V721HB22::Allocator*) [with TAdaptedString = ArduinoJson::V721HB22::detail::SizedRamString]	32	static
../Core/Inc/Json/Strings/StringAdapters.hpp:66:13:void ArduinoJson::V721HB22::detail::stringGetChars(TAdaptedString, char*, size_t) [with TAdaptedString = SizedRamString]	40	static
