../Core/Src/stm32f4xx_it.c:70:6:NMI_Handler	4	static
../Core/Src/stm32f4xx_it.c:85:6:HardFault_Handler	4	static,ignoring_inline_asm
../Core/Src/stm32f4xx_it.c:106:6:MemManage_Handler	4	static
../Core/Src/stm32f4xx_it.c:121:6:BusFault_Handler	4	static
../Core/Src/stm32f4xx_it.c:136:6:UsageFault_Handler	4	static
../Core/Src/stm32f4xx_it.c:151:6:DebugMon_Handler	4	static
../Core/Src/stm32f4xx_it.c:171:6:EXTI0_IRQHandler	8	static
../Core/Src/stm32f4xx_it.c:185:6:EXTI1_IRQHandler	8	static
../Core/Src/stm32f4xx_it.c:199:6:EXTI2_IRQHandler	8	static
../Core/Src/stm32f4xx_it.c:209:6:hard_fault_handler_c	48	static
../Core/Src/stm32f4xx_it.c:225:6:TIM1_UP_TIM10_IRQHandler	8	static
